Component: ARM Compiler 5.06 update 5 (build 528) Tool: armlink [4d35e2]

==============================================================================

Section Cross References

    app.o(i.app_task) refers to _printf_percent.o(.ARM.Collect$$_printf_percent$$00000000) for _printf_percent
    app.o(i.app_task) refers to _printf_f.o(.ARM.Collect$$_printf_percent$$00000003) for _printf_f
    app.o(i.app_task) refers to printf1.o(x$fpl$printf1) for _printf_fp_dec
    app.o(i.app_task) refers to noretval__2printf.o(.text) for __2printf
    app.o(i.app_task) refers to tasks.o(i.vTaskDelay) for vTaskDelay
    app.o(i.app_task) refers to aht20.o(i.AHT20_Init) for AHT20_Init
    app.o(i.app_task) refers to aht20.o(i.AHT20_Read_Data) for AHT20_Read_Data
    app.o(i.app_task) refers to f2d.o(x$fpl$f2d) for __aeabi_f2d
    main.o(i.led0_task) refers to tasks.o(i.vTaskDelay) for vTaskDelay
    main.o(i.led1_task) refers to tasks.o(i.vTaskDelay) for vTaskDelay
    main.o(i.main) refers to misc.o(i.NVIC_PriorityGroupConfig) for NVIC_PriorityGroupConfig
    main.o(i.main) refers to delay.o(i.delay_init) for delay_init
    main.o(i.main) refers to usart.o(i.uart_init) for uart_init
    main.o(i.main) refers to led.o(i.LED_Init) for LED_Init
    main.o(i.main) refers to tasks.o(i.xTaskCreate) for xTaskCreate
    main.o(i.main) refers to tasks.o(i.vTaskStartScheduler) for vTaskStartScheduler
    main.o(i.main) refers to main.o(.data) for .data
    main.o(i.main) refers to main.o(i.start_task) for start_task
    main.o(i.start_task) refers to port.o(i.vPortEnterCritical) for vPortEnterCritical
    main.o(i.start_task) refers to tasks.o(i.xTaskCreate) for xTaskCreate
    main.o(i.start_task) refers to tasks.o(i.vTaskDelete) for vTaskDelete
    main.o(i.start_task) refers to port.o(i.vPortExitCritical) for vPortExitCritical
    main.o(i.start_task) refers to main.o(.data) for .data
    main.o(i.start_task) refers to main.o(i.led0_task) for led0_task
    main.o(i.start_task) refers to main.o(i.led1_task) for led1_task
    main.o(i.start_task) refers to app.o(i.app_task) for app_task
    system_stm32f4xx_1.o(i.SystemCoreClockUpdate) refers to system_stm32f4xx_1.o(.data) for .data
    system_stm32f4xx_1.o(i.SystemInit) refers to system_stm32f4xx_1.o(i.SetSysClock) for SetSysClock
    aht20.o(i.AHT20_Init) refers to iic.o(i.IIC_Init) for IIC_Init
    aht20.o(i.AHT20_Init) refers to delay.o(i.delay_ms) for delay_ms
    aht20.o(i.AHT20_Init) refers to aht20.o(i.AHT20_Read_Status) for AHT20_Read_Status
    aht20.o(i.AHT20_Init) refers to aht20.o(i.AHT20_Write_Cmd) for AHT20_Write_Cmd
    aht20.o(i.AHT20_Read_Data) refers to aht20.o(i.AHT20_Write_Cmd) for AHT20_Write_Cmd
    aht20.o(i.AHT20_Read_Data) refers to delay.o(i.delay_ms) for delay_ms
    aht20.o(i.AHT20_Read_Data) refers to aht20.o(i.AHT20_Read_Status) for AHT20_Read_Status
    aht20.o(i.AHT20_Read_Data) refers to iic.o(i.IIC_Start) for IIC_Start
    aht20.o(i.AHT20_Read_Data) refers to iic.o(i.IIC_Send_Byte) for IIC_Send_Byte
    aht20.o(i.AHT20_Read_Data) refers to iic.o(i.IIC_Wait_Ack) for IIC_Wait_Ack
    aht20.o(i.AHT20_Read_Data) refers to iic.o(i.IIC_Read_Byte) for IIC_Read_Byte
    aht20.o(i.AHT20_Read_Data) refers to iic.o(i.IIC_Stop) for IIC_Stop
    aht20.o(i.AHT20_Read_Status) refers to iic.o(i.IIC_Start) for IIC_Start
    aht20.o(i.AHT20_Read_Status) refers to iic.o(i.IIC_Send_Byte) for IIC_Send_Byte
    aht20.o(i.AHT20_Read_Status) refers to iic.o(i.IIC_Wait_Ack) for IIC_Wait_Ack
    aht20.o(i.AHT20_Read_Status) refers to iic.o(i.IIC_Read_Byte) for IIC_Read_Byte
    aht20.o(i.AHT20_Read_Status) refers to iic.o(i.IIC_Stop) for IIC_Stop
    aht20.o(i.AHT20_Write_Cmd) refers to iic.o(i.IIC_Start) for IIC_Start
    aht20.o(i.AHT20_Write_Cmd) refers to iic.o(i.IIC_Send_Byte) for IIC_Send_Byte
    aht20.o(i.AHT20_Write_Cmd) refers to iic.o(i.IIC_Wait_Ack) for IIC_Wait_Ack
    aht20.o(i.AHT20_Write_Cmd) refers to iic.o(i.IIC_Stop) for IIC_Stop
    led.o(i.LED_Init) refers to stm32f4xx_rcc.o(i.RCC_AHB1PeriphClockCmd) for RCC_AHB1PeriphClockCmd
    led.o(i.LED_Init) refers to stm32f4xx_gpio.o(i.GPIO_Init) for GPIO_Init
    led.o(i.LED_Init) refers to stm32f4xx_gpio.o(i.GPIO_SetBits) for GPIO_SetBits
    delay.o(i.SysTick_Handler) refers to tasks.o(i.xTaskGetSchedulerState) for xTaskGetSchedulerState
    delay.o(i.SysTick_Handler) refers to port.o(i.xPortSysTickHandler) for xPortSysTickHandler
    delay.o(i.delay_init) refers to misc.o(i.SysTick_CLKSourceConfig) for SysTick_CLKSourceConfig
    delay.o(i.delay_init) refers to delay.o(.data) for .data
    delay.o(i.delay_ms) refers to tasks.o(i.xTaskGetSchedulerState) for xTaskGetSchedulerState
    delay.o(i.delay_ms) refers to tasks.o(i.vTaskDelay) for vTaskDelay
    delay.o(i.delay_ms) refers to delay.o(i.delay_us) for delay_us
    delay.o(i.delay_ms) refers to delay.o(.data) for .data
    delay.o(i.delay_us) refers to delay.o(.data) for .data
    delay.o(i.delay_xms) refers to delay.o(i.delay_us) for delay_us
[...]
    .text                                    0x08000e2c   Section       74  sys_stackheap_outer.o(.text)
    .text                                    0x08000e76   Section        0  exit.o(.text)
    .text                                    0x08000e88   Section      128  strcmpv7m.o(.text)
    CL$$btod_d2e                             0x08000f08   Section       62  btod.o(CL$$btod_d2e)
    CL$$btod_d2e_denorm_low                  0x08000f46   Section       70  btod.o(CL$$btod_d2e_denorm_low)
    CL$$btod_d2e_norm_op1                    0x08000f8c   Section       96  btod.o(CL$$btod_d2e_norm_op1)
    CL$$btod_div_common                      0x08000fec   Section      824  btod.o(CL$$btod_div_common)
    CL$$btod_e2e                             0x08001324   Section      220  btod.o(CL$$btod_e2e)
    CL$$btod_ediv                            0x08001400   Section       42  btod.o(CL$$btod_ediv)
    CL$$btod_emul                            0x0800142a   Section       42  btod.o(CL$$btod_emul)
    CL$$btod_mult_common                     0x08001454   Section      580  btod.o(CL$$btod_mult_common)
    i.AHT20_Init                             0x08001698   Section        0  aht20.o(i.AHT20_Init)
    i.AHT20_Read_Data                        0x080016cc   Section        0  aht20.o(i.AHT20_Read_Data)
    i.AHT20_Read_Status                      0x080017a0   Section        0  aht20.o(i.AHT20_Read_Status)
    AHT20_Read_Status                        0x080017a1   Thumb Code    32  aht20.o(i.AHT20_Read_Status)
    i.AHT20_Write_Cmd                        0x080017c0   Section        0  aht20.o(i.AHT20_Write_Cmd)
    AHT20_Write_Cmd                          0x080017c1   Thumb Code    62  aht20.o(i.AHT20_Write_Cmd)
    i.BusFault_Handler                       0x080017fe   Section        0  stm32f4xx_it.o(i.BusFault_Handler)
    i.DebugMon_Handler                       0x08001800   Section        0  stm32f4xx_it.o(i.DebugMon_Handler)
    i.GPIO_Init                              0x08001802   Section        0  stm32f4xx_gpio.o(i.GPIO_Init)
    i.GPIO_PinAFConfig                       0x0800187a   Section        0  stm32f4xx_gpio.o(i.GPIO_PinAFConfig)
    i.GPIO_SetBits                           0x0800189a   Section        0  stm32f4xx_gpio.o(i.GPIO_SetBits)
    i.HardFault_Handler                      0x0800189e   Section        0  stm32f4xx_it.o(i.HardFault_Handler)
    i.IIC_Ack                                0x080018a0   Section        0  iic.o(i.IIC_Ack)
    i.IIC_Init                               0x080018e0   Section        0  iic.o(i.IIC_Init)
    i.IIC_NAck                               0x08001920   Section        0  iic.o(i.IIC_NAck)
    i.IIC_Read_Byte                          0x08001960   Section        0  iic.o(i.IIC_Read_Byte)
    i.IIC_Send_Byte                          0x080019c8   Section        0  iic.o(i.IIC_Send_Byte)
    i.IIC_Start                              0x08001a28   Section        0  iic.o(i.IIC_Start)
    i.IIC_Stop                               0x08001a68   Section        0  iic.o(i.IIC_Stop)
    i.IIC_Wait_Ack                           0x08001aac   Section        0  iic.o(i.IIC_Wait_Ack)
    i.LED_Init                               0x08001b00   Section        0  led.o(i.LED_Init)
    i.MemManage_Handler                      0x08001b40   Section        0  stm32f4xx_it.o(i.MemManage_Handler)
    i.NMI_Handler                            0x08001b42   Section        0  stm32f4xx_it.o(i.NMI_Handler)
    i.NVIC_Init                              0x08001b44   Section        0  misc.o(i.NVIC_Init)
    i.NVIC_PriorityGroupConfig               0x08001ba8   Section        0  misc.o(i.NVIC_PriorityGroupConfig)
    i.RCC_AHB1PeriphClockCmd                 0x08001bbc   Section        0  stm32f4xx_rcc.o(i.RCC_AHB1PeriphClockCmd)
    i.RCC_APB2PeriphClockCmd                 0x08001bd4   Section        0  stm32f4xx_rcc.o(i.RCC_APB2PeriphClockCmd)
    i.RCC_GetClocksFreq                      0x08001bec   Section        0  stm32f4xx_rcc.o(i.RCC_GetClocksFreq)
    i.SetSysClock                            0x08001c7c   Section        0  system_stm32f4xx_1.o(i.SetSysClock)
    SetSysClock                              0x08001c7d   Thumb Code   162  system_stm32f4xx_1.o(i.SetSysClock)
    i.SysTick_CLKSourceConfig                0x08001d30   Section        0  misc.o(i.SysTick_CLKSourceConfig)
    i.SysTick_Handler                        0x08001d48   Section        0  delay.o(i.SysTick_Handler)
    i.SystemInit                             0x08001d5c   Section        0  system_stm32f4xx_1.o(i.SystemInit)
    i.USART1_IRQHandler                      0x08001db8   Section        0  usart.o(i.USART1_IRQHandler)
    i.USART_Cmd                              0x08001e1c   Section        0  stm32f4xx_usart.o(i.USART_Cmd)
    i.USART_GetITStatus                      0x08001e30   Section        0  stm32f4xx_usart.o(i.USART_GetITStatus)
    i.USART_ITConfig                         0x08001e6e   Section        0  stm32f4xx_usart.o(i.USART_ITConfig)
    i.USART_Init                             0x08001ea0   Section        0  stm32f4xx_usart.o(i.USART_Init)
    i.USART_ReceiveData                      0x08001f4c   Section        0  stm32f4xx_usart.o(i.USART_ReceiveData)
    i.UsageFault_Handler                     0x08001f54   Section        0  stm32f4xx_it.o(i.UsageFault_Handler)
    i.__ARM_fpclassify                       0x08001f56   Section        0  fpclassify.o(i.__ARM_fpclassify)
    i._is_digit                              0x08001f86   Section        0  __printf_wp.o(i._is_digit)
    i._sys_exit                              0x08001f94   Section        0  usart.o(i._sys_exit)
    i.app_task                               0x08001f98   Section        0  app.o(i.app_task)
    i.delay_init                             0x08002048   Section        0  delay.o(i.delay_init)
    i.delay_ms                               0x08002080   Section        0  delay.o(i.delay_ms)
    i.delay_us                               0x080020b8   Section        0  delay.o(i.delay_us)
    i.fputc                                  0x080020ec   Section        0  usart.o(i.fputc)
    i.led0_task                              0x08002100   Section        0  main.o(i.led0_task)
    i.led1_task                              0x0800211c   Section        0  main.o(i.led1_task)
    i.main                                   0x08002140   Section        0  main.o(i.main)
    i.prvAddCurrentTaskToDelayedList         0x0800218c   Section        0  tasks.o(i.prvAddCurrentTaskToDelayedList)
    prvAddCurrentTaskToDelayedList           0x0800218d   Thumb Code   102  tasks.o(i.prvAddCurrentTaskToDelayedList)
    i.prvAddNewTaskToReadyList               0x080021fc   Section        0  tasks.o(i.prvAddNewTaskToReadyList)
    prvAddNewTaskToReadyList                 0x080021fd   Thumb Code   192  tasks.o(i.prvAddNewTaskToReadyList)
    i.prvCheckForValidListAndQueue           0x080022cc   Section        0  timers.o(i.prvCheckForValidListAndQueue)
    prvCheckForValidListAndQueue             0x080022cd   Thumb Code    62  timers.o(i.prvCheckForValidListAndQueue)
    i.prvCheckTasksWaitingTermination        0x0800231c   Section        0  tasks.o(i.prvCheckTasksWaitingTermination)
    prvCheckTasksWaitingTermination          0x0800231d   Thumb Code    74  tasks.o(i.prvCheckTasksWaitingTermination)
    i.prvCopyDataFromQueue                   0x08002370   Section        0  queue.o(i.prvCopyDataFromQueue)
    prvCopyDataFromQueue                     0x08002371   Thumb Code    38  queue.o(i.prvCopyDataFromQueue)
    i.prvCopyDataToQueue                     0x08002396   Section        0  queue.o(i.prvCopyDataToQueue)
    prvCopyDataToQueue                       0x08002397   Thumb Code   108  queue.o(i.prvCopyDataToQueue)
    i.prvDeleteTCB                           0x08002402   Section        0  tasks.o(i.prvDeleteTCB)
    prvDeleteTCB                             0x08002403   Thumb Code    20  tasks.o(i.prvDeleteTCB)
    i.prvHeapInit                            0x08002418   Section        0  heap_4.o(i.prvHeapInit)
    prvHeapInit                              0x08002419   Thumb Code    66  heap_4.o(i.prvHeapInit)
    i.prvIdleTask                            0x08002464   Section        0  tasks.o(i.prvIdleTask)
    prvIdleTask                              0x08002465   Thumb Code    30  tasks.o(i.prvIdleTask)
    i.prvInitialiseNewTask                   0x0800248c   Section        0  tasks.o(i.prvInitialiseNewTask)
    prvInitialiseNewTask                     0x0800248d   Thumb Code   154  tasks.o(i.prvInitialiseNewTask)
    i.prvInsertBlockIntoFreeList             0x08002558   Section        0  heap_4.o(i.prvInsertBlockIntoFreeList)
    prvInsertBlockIntoFreeList               0x08002559   Thumb Code    72  heap_4.o(i.prvInsertBlockIntoFreeList)
    i.prvInsertTimerInActiveList             0x080025a4   Section        0  timers.o(i.prvInsertTimerInActiveList)
    prvInsertTimerInActiveList               0x080025a5   Thumb Code    52  timers.o(i.prvInsertTimerInActiveList)
    i.prvIsQueueEmpty                        0x080025dc   Section        0  queue.o(i.prvIsQueueEmpty)
    prvIsQueueEmpty                          0x080025dd   Thumb Code    26  queue.o(i.prvIsQueueEmpty)
    i.prvNotifyQueueSetContainer             0x080025f8   Section        0  queue.o(i.prvNotifyQueueSetContainer)
    prvNotifyQueueSetContainer               0x080025f9   Thumb Code   108  queue.o(i.prvNotifyQueueSetContainer)
    i.prvProcessExpiredTimer                 0x08002694   Section        0  timers.o(i.prvProcessExpiredTimer)
    prvProcessExpiredTimer                   0x08002695   Thumb Code    86  timers.o(i.prvProcessExpiredTimer)
    i.prvProcessReceivedCommands             0x080026f4   Section        0  timers.o(i.prvProcessReceivedCommands)
    prvProcessReceivedCommands               0x080026f5   Thumb Code   198  timers.o(i.prvProcessReceivedCommands)
    i.prvProcessTimerOrBlockTask             0x080027f0   Section        0  timers.o(i.prvProcessTimerOrBlockTask)
    prvProcessTimerOrBlockTask               0x080027f1   Thumb Code    98  timers.o(i.prvProcessTimerOrBlockTask)
    i.prvResetNextTaskUnblockTime            0x0800285c   Section        0  tasks.o(i.prvResetNextTaskUnblockTime)
    prvResetNextTaskUnblockTime              0x0800285d   Thumb Code    26  tasks.o(i.prvResetNextTaskUnblockTime)
    i.prvSampleTimeNow                       0x0800287c   Section        0  timers.o(i.prvSampleTimeNow)
    prvSampleTimeNow                         0x0800287d   Thumb Code    36  timers.o(i.prvSampleTimeNow)
    i.prvSwitchTimerLists                    0x080028a4   Section        0  timers.o(i.prvSwitchTimerLists)
    prvSwitchTimerLists                      0x080028a5   Thumb Code   100  timers.o(i.prvSwitchTimerLists)
    i.prvTaskExitError                       0x08002910   Section        0  port.o(i.prvTaskExitError)
    prvTaskExitError                         0x08002911   Thumb Code    36  port.o(i.prvTaskExitError)
    i.prvTimerTask                           0x0800297c   Section        0  timers.o(i.prvTimerTask)
    prvTimerTask                             0x0800297d   Thumb Code    34  timers.o(i.prvTimerTask)
    i.prvUnlockQueue                         0x080029a4   Section        0  queue.o(i.prvUnlockQueue)
    prvUnlockQueue                           0x080029a5   Thumb Code   120  queue.o(i.prvUnlockQueue)
    i.pvPortMalloc                           0x08002a1c   Section        0  heap_4.o(i.pvPortMalloc)
    i.pvTaskIncrementMutexHeldCount          0x08002b38   Section        0  tasks.o(i.pvTaskIncrementMutexHeldCount)
    i.pxPortInitialiseStack                  0x08002b50   Section        0  port.o(i.pxPortInitialiseStack)
    i.start_task                             0x08002b7c   Section        0  main.o(i.start_task)
    i.uart_init                              0x08002c08   Section        0  usart.o(i.uart_init)
    i.uxListRemove                           0x08002cb4   Section        0  list.o(i.uxListRemove)
    i.vListInitialise                        0x08002cd8   Section        0  list.o(i.vListInitialise)
    i.vListInitialiseItem                    0x08002cee   Section        0  list.o(i.vListInitialiseItem)
    i.vListInsert                            0x08002cf4   Section        0  list.o(i.vListInsert)
    i.vListInsertEnd                         0x08002d24   Section        0  list.o(i.vListInsertEnd)
    i.vPortEnterCritical                     0x08002d3c   Section        0  port.o(i.vPortEnterCritical)
    i.vPortExitCritical                      0x08002dbc   Section        0  port.o(i.vPortExitCritical)
    i.vPortFree                              0x08002e28   Section        0  heap_4.o(i.vPortFree)
    i.vPortSetupTimerInterrupt               0x08002ecc   Section        0  port.o(i.vPortSetupTimerInterrupt)
    i.vPortValidateInterruptPriority         0x08002eec   Section        0  port.o(i.vPortValidateInterruptPriority)
    i.vQueueAddToRegistry                    0x08002f80   Section        0  queue.o(i.vQueueAddToRegistry)
    i.vQueueWaitForMessageRestricted         0x08002fa4   Section        0  queue.o(i.vQueueWaitForMessageRestricted)
    i.vTaskDelay                             0x08002fe8   Section        0  tasks.o(i.vTaskDelay)
    i.vTaskDelete                            0x08003060   Section        0  tasks.o(i.vTaskDelete)
    i.vTaskMissedYield                       0x08003138   Section        0  tasks.o(i.vTaskMissedYield)
    i.vTaskPlaceOnEventList                  0x08003144   Section        0  tasks.o(i.vTaskPlaceOnEventList)
    i.vTaskPlaceOnEventListRestricted        0x080031a4   Section        0  tasks.o(i.vTaskPlaceOnEventListRestricted)
    i.vTaskPriorityInherit                   0x0800320c   Section        0  tasks.o(i.vTaskPriorityInherit)
    i.vTaskSetTimeOutState                   0x08003290   Section        0  tasks.o(i.vTaskSetTimeOutState)
    i.vTaskStartScheduler                    0x080032e4   Section        0  tasks.o(i.vTaskStartScheduler)
    i.vTaskSuspendAll                        0x08003384   Section        0  tasks.o(i.vTaskSuspendAll)
    i.vTaskSwitchContext                     0x08003394   Section        0  tasks.o(i.vTaskSwitchContext)
    i.xPortStartScheduler                    0x0800341c   Section        0  port.o(i.xPortStartScheduler)
    i.xPortSysTickHandler                    0x08003538   Section        0  port.o(i.xPortSysTickHandler)
    i.xQueueGenericCreate                    0x08003564   Section        0  queue.o(i.xQueueGenericCreate)
    i.xQueueGenericReceive                   0x080035e8   Section        0  queue.o(i.xQueueGenericReceive)
    i.xQueueGenericReset                     0x08003778   Section        0  queue.o(i.xQueueGenericReset)
    i.xQueueGenericSend                      0x0800382c   Section        0  queue.o(i.xQueueGenericSend)
    i.xQueueGenericSendFromISR               0x080039c0   Section        0  queue.o(i.xQueueGenericSendFromISR)
    i.xTaskCheckForTimeOut                   0x08003aac   Section        0  tasks.o(i.xTaskCheckForTimeOut)
    i.xTaskCreate                            0x08003b40   Section        0  tasks.o(i.xTaskCreate)
    i.xTaskGetSchedulerState                 0x08003b98   Section        0  tasks.o(i.xTaskGetSchedulerState)
    i.xTaskGetTickCount                      0x08003bb4   Section        0  tasks.o(i.xTaskGetTickCount)
    i.xTaskIncrementTick                     0x08003bc0   Section        0  tasks.o(i.xTaskIncrementTick)
    i.xTaskPriorityDisinherit                0x08003cb4   Section        0  tasks.o(i.xTaskPriorityDisinherit)
    i.xTaskRemoveFromEventList               0x08003d74   Section        0  tasks.o(i.xTaskRemoveFromEventList)
    i.xTaskResumeAll                         0x08003e18   Section        0  tasks.o(i.xTaskResumeAll)
    i.xTimerCreate                           0x08003f08   Section        0  timers.o(i.xTimerCreate)
    i.xTimerCreateTimerTask                  0x08003f84   Section        0  timers.o(i.xTimerCreateTimerTask)
    i.xTimerGenericCommand                   0x08004000   Section        0  timers.o(i.xTimerGenericCommand)
    locale$$code                             0x08004098   Section       44  lc_numeric_c.o(locale$$code)
    x$fpl$dretinf                            0x080040c4   Section       12  dretinf.o(x$fpl$dretinf)
    $v0                                      0x080040c4   Number         0  dretinf.o(x$fpl$dretinf)
    x$fpl$f2d                                0x080040d0   Section       86  f2d.o(x$fpl$f2d)
    $v0                                      0x080040d0   Number         0  f2d.o(x$fpl$f2d)
    x$fpl$fnaninf                            0x08004126   Section      140  fnaninf.o(x$fpl$fnaninf)
    $v0                                      0x08004126   Number         0  fnaninf.o(x$fpl$fnaninf)
    x$fpl$fpinit                             0x080041b2   Section       10  fpinit.o(x$fpl$fpinit)
    $v0                                      0x080041b2   Number         0  fpinit.o(x$fpl$fpinit)
    x$fpl$printf1                            0x080041bc   Section        4  printf1.o(x$fpl$printf1)
    $v0                                      0x080041bc   Number         0  printf1.o(x$fpl$printf1)
    .constdata                               0x080041c0   Section      148  bigflt0.o(.constdata)
    x$fpl$usenofp                            0x080041c0   Section        0  usenofp.o(x$fpl$usenofp)
    tenpwrs_x                                0x080041c0   Data          60  bigflt0.o(.constdata)
    tenpwrs_i                                0x080041fc   Data          64  bigflt0.o(.constdata)
    locale$$data                             0x08004274   Section       28  lc_numeric_c.o(locale$$data)
    __lcnum_c_name                           0x08004278   Data           2  lc_numeric_c.o(locale$$data)
    __lcnum_c_start                          0x08004280   Data           0  lc_numeric_c.o(locale$$data)
    __lcnum_c_point                          0x0800428c   Data           0  lc_numeric_c.o(locale$$data)
    __lcnum_c_thousands                      0x0800428e   Data           0  lc_numeric_c.o(locale$$data)
    __lcnum_c_grouping                       0x0800428f   Data           0  lc_numeric_c.o(locale$$data)
    __lcnum_c_end                            0x08004290   Data           0  lc_numeric_c.o(locale$$data)
    .data                                    0x20000000   Section       12  main.o(.data)
    .data                                    0x2000000c   Section       20  system_stm32f4xx_1.o(.data)
    .data                                    0x20000020   Section        4  delay.o(.data)
    fac_us                                   0x20000020   Data           1  delay.o(.data)
    fac_ms                                   0x20000022   Data           2  delay.o(.data)
    .data                                    0x20000024   Section        2  usart.o(.data)
    .data                                    0x20000028   Section        4  usart.o(.data)
    .data                                    0x2000002c   Section       16  stm32f4xx_rcc.o(.data)
    APBAHBPrescTable                         0x2000002c   Data          16  stm32f4xx_rcc.o(.data)
    .data                                    0x2000003c   Section       60  tasks.o(.data)
    uxDeletedTasksWaitingCleanUp             0x20000040   Data           4  tasks.o(.data)
    uxCurrentNumberOfTasks                   0x20000044   Data           4  tasks.o(.data)
    xTickCount                               0x20000048   Data           4  tasks.o(.data)
    uxTopReadyPriority                       0x2000004c   Data           4  tasks.o(.data)
    xSchedulerRunning                        0x20000050   Data           4  tasks.o(.data)
    uxPendedTicks                            0x20000054   Data           4  tasks.o(.data)
    xYieldPending                            0x20000058   Data           4  tasks.o(.data)
    xNumOfOverflows                          0x2000005c   Data           4  tasks.o(.data)
    uxTaskNumber                             0x20000060   Data           4  tasks.o(.data)
    xNextTaskUnblockTime                     0x20000064   Data           4  tasks.o(.data)
    xIdleTaskHandle                          0x20000068   Data           4  tasks.o(.data)
    uxSchedulerSuspended                     0x2000006c   Data           4  tasks.o(.data)
    pxDelayedTaskList                        0x20000070   Data           4  tasks.o(.data)
    pxOverflowDelayedTaskList                0x20000074   Data           4  tasks.o(.data)
    .data                                    0x20000078   Section       20  timers.o(.data)
    xTimerQueue                              0x20000078   Data           4  timers.o(.data)
    xTimerTaskHandle                         0x2000007c   Data           4  timers.o(.data)
    xLastTime                                0x20000080   Data           4  timers.o(.data)
    pxCurrentTimerList                       0x20000084   Data           4  timers.o(.data)
    pxOverflowTimerList                      0x20000088   Data           4  timers.o(.data)
    .data                                    0x2000008c   Section       24  heap_4.o(.data)
    pxEnd                                    0x2000008c   Data           4  heap_4.o(.data)
    xFreeBytesRemaining                      0x20000090   Data           4  heap_4.o(.data)
    xMinimumEverFreeBytesRemaining           0x20000094   Data           4  heap_4.o(.data)
    xBlockAllocatedBit                       0x20000098   Data           4  heap_4.o(.data)
    xStart                                   0x2000009c   Data           8  heap_4.o(.data)
    .data                                    0x200000a4   Section       12  port.o(.data)
    ucMaxSysCallPriority                     0x200000a4   Data           1  port.o(.data)
    uxCriticalNesting                        0x200000a8   Data           4  port.o(.data)
    ulMaxPRIGROUPValue                       0x200000ac   Data           4  port.o(.data)
    .bss                                     0x200000b0   Section      200  usart.o(.bss)
    .bss                                     0x20000178   Section       64  queue.o(.bss)
    .bss                                     0x200001b8   Section      740  tasks.o(.bss)
    pxReadyTasksLists                        0x200001b8   Data         640  tasks.o(.bss)
    xDelayedTaskList1                        0x20000438   Data          20  tasks.o(.bss)
    xDelayedTaskList2                        0x2000044c   Data          20  tasks.o(.bss)
    xPendingReadyList                        0x20000460   Data          20  tasks.o(.bss)
    xTasksWaitingTermination                 0x20000474   Data          20  tasks.o(.bss)
    xSuspendedTaskList                       0x20000488   Data          20  tasks.o(.bss)
    .bss                                     0x2000049c   Section       40  timers.o(.bss)
    xActiveTimerList1                        0x2000049c   Data          20  timers.o(.bss)
    xActiveTimerList2                        0x200004b0   Data          20  timers.o(.bss)
    .bss                                     0x200004c4   Section    81920  heap_4.o(.bss)
    ucHeap                                   0x200004c4   Data       81920  heap_4.o(.bss)
    .bss                                     0x200144c4   Section       96  libspace.o(.bss)
    HEAP                                     0x20014528   Section      512  startup_stm32f40_41xxx.o(HEAP)
    Heap_Mem                                 0x20014528   Data         512  startup_stm32f40_41xxx.o(HEAP)
    STACK                                    0x20014728   Section     1024  startup_stm32f40_41xxx.o(STACK)
    Stack_Mem                                0x20014728   Data        1024  startup_stm32f40_41xxx.o(STACK)
    __initial_sp                             0x20014b28   Data           0  startup_stm32f40_41xxx.o(STACK)

    Global Symbols

    Symbol Name                              Value     Ov Type        Size  Object(Section)

    BuildAttributes$$THM_ISAv4$E$P$D$K$B$S$7EM$VFPi3$EXTD16$VFPS$VFMA$PE$A:L22UL41UL21$X:L11$S22US41US21$IEEE1$IW$USESV6$~STKCKD$USESV7$~SHL$OTIME$ROPI$IEEEJ$EBA8$UX$STANDARDLIB$REQ8$PRES8$EABIv2 0x00000000   Number         0  anon$$obj.o ABSOLUTE
    __ARM_use_no_argv                        0x00000000   Number         0  main.o ABSOLUTE
    _printf_flags                            0x00000000   Number         0  printf_stubs.o ABSOLUTE
    _printf_return_value                     0x00000000   Number         0  printf_stubs.o ABSOLUTE
    _printf_sizespec                         0x00000000   Number         0  printf_stubs.o ABSOLUTE
    _printf_widthprec                        0x00000000   Number         0  printf_stubs.o ABSOLUTE
    __ARM_exceptions_init                     - Undefined Weak Reference
    __alloca_initialize                       - Undefined Weak Reference
    __arm_preinit_                            - Undefined Weak Reference
    __cpp_initialize__aeabi_                  - Undefined Weak Reference
    __cxa_finalize                            - Undefined Weak Reference
    __sigvec_lookup                           - Undefined Weak Reference
    _atexit_init                              - Undefined Weak Reference
    _call_atexit_fns                          - Undefined Weak Reference
    _clock_init                               - Undefined Weak Reference
    _fp_trap_init                             - Undefined Weak Reference
    _fp_trap_shutdown                         - Undefined Weak Reference
    _get_lc_collate                           - Undefined Weak Reference
    _get_lc_ctype                             - Undefined Weak Reference
    _get_lc_monetary                          - Undefined Weak Reference
    _get_lc_time                              - Undefined Weak Reference
    _getenv_init                              - Undefined Weak Reference
    _handle_redirection                       - Undefined Weak Reference
    _init_alloc                               - Undefined Weak Reference
    _init_user_alloc                          - Undefined Weak Reference
    _initio                                   - Undefined Weak Reference
    _mutex_acquire                            - Undefined Weak Reference
    _mutex_release                            - Undefined Weak Reference
    _printf_mbtowc                            - Undefined Weak Reference
    _printf_post_padding                      - Undefined Weak Reference
    _printf_pre_padding                       - Undefined Weak Reference
    _printf_truncate_signed                   - Undefined Weak Reference
    _printf_truncate_unsigned                 - Undefined Weak Reference
    _rand_init                                - Undefined Weak Reference
    _signal_finish                            - Undefined Weak Reference
    _signal_init                              - Undefined Weak Reference
    _terminate_alloc                          - Undefined Weak Reference
    _terminate_user_alloc                     - Undefined Weak Reference
    _terminateio                              - Undefined Weak Reference
    __Vectors_Size                           0x00000188   Number         0  startup_stm32f40_41xxx.o ABSOLUTE
    __Vectors                                0x08000000   Data           4  startup_stm32f40_41xxx.o(RESET)
    __Vectors_End                            0x08000188   Data           0  startup_stm32f40_41xxx.o(RESET)
    __main                                   0x08000189   Thumb Code     8  __main.o(!!!main)
    __scatterload                            0x08000191   Thumb Code     0  __scatter.o(!!!scatter)
    __scatterload_rt2                        0x08000191   Thumb Code    44  __scatter.o(!!!scatter)
    __scatterload_rt2_thumb_only             0x08000191   Thumb Code     0  __scatter.o(!!!scatter)
    __scatterload_null                       0x0800019f   Thumb Code     0  __scatter.o(!!!scatter)
    __scatterload_copy                       0x080001c5   Thumb Code    26  __scatter_copy.o(!!handler_copy)
    __scatterload_zeroinit                   0x080001e1   Thumb Code    28  __scatter_zi.o(!!handler_zi)
    _printf_f                                0x080001fd   Thumb Code     0  _printf_f.o(.ARM.Collect$$_printf_percent$$00000003)
    _printf_percent                          0x080001fd   Thumb Code     0  _printf_percent.o(.ARM.Collect$$_printf_percent$$00000000)
    _printf_d                                0x08000203   Thumb Code     0  _printf_d.o(.ARM.Collect$$_printf_percent$$00000009)
    _printf_s                                0x08000209   Thumb Code     0  _printf_s.o(.ARM.Collect$$_printf_percent$$00000014)
    _printf_percent_end                      0x0800020f   Thumb Code     0  _printf_percent_end.o(.ARM.Collect$$_printf_percent$$00000017)
    __rt_lib_init                            0x08000213   Thumb Code     0  libinit.o(.ARM.Collect$$libinit$$00000000)
    __rt_lib_init_fp_1                       0x08000215   Thumb Code     0  libinit2.o(.ARM.Collect$$libinit$$00000001)
    __rt_lib_init_heap_1                     0x08000219   Thumb Code     0  libinit2.o(.ARM.Collect$$libinit$$0000000A)
    __rt_lib_init_lc_common                  0x08000219   Thumb Code     0  libinit2.o(.ARM.Collect$$libinit$$0000000F)
    __rt_lib_init_preinit_1                  0x08000219   Thumb Code     0  libinit2.o(.ARM.Collect$$libinit$$00000004)
    __rt_lib_init_rand_1                     0x08000219   Thumb Code     0  libinit2.o(.ARM.Collect$$libinit$$0000000E)
    __rt_lib_init_user_alloc_1               0x08000219   Thumb Code     0  libinit2.o(.ARM.Collect$$libinit$$0000000C)
    __rt_lib_init_lc_collate_1               0x0800021f   Thumb Code     0  libinit2.o(.ARM.Collect$$libinit$$00000011)
    __rt_lib_init_lc_ctype_1                 0x0800021f   Thumb Code     0  libinit2.o(.ARM.Collect$$libinit$$00000013)
    __rt_lib_init_lc_monetary_1              0x0800021f   Thumb Code     0  libinit2.o(.ARM.Collect$$libinit$$00000015)
    __rt_lib_init_lc_numeric_2               0x0800021f   Thumb Code     0  libinit2.o(.ARM.Collect$$libinit$$00000016)
    __rt_lib_init_alloca_1                   0x08000229   Thumb Code     0  libinit2.o(.ARM.Collect$$libinit$$0000002E)
    __rt_lib_init_argv_1                     0x08000229   Thumb Code     0  libinit2.o(.ARM.Collect$$libinit$$0000002C)
    __rt_lib_init_atexit_1                   0x08000229   Thumb Code     0  libinit2.o(.ARM.Collect$$libinit$$0000001B)
    __rt_lib_init_clock_1                    0x08000229   Thumb Code     0  libinit2.o(.ARM.Collect$$libinit$$00000021)
    __rt_lib_init_cpp_1                      0x08000229   Thumb Code     0  libinit2.o(.ARM.Collect$$libinit$$00000032)
    __rt_lib_init_exceptions_1               0x08000229   Thumb Code     0  libinit2.o(.ARM.Collect$$libinit$$00000030)
    __rt_lib_init_fp_trap_1                  0x08000229   Thumb Code     0  libinit2.o(.ARM.Collect$$libinit$$0000001F)
    __rt_lib_init_getenv_1                   0x08000229   Thumb Code     0  libinit2.o(.ARM.Collect$$libinit$$00000023)
    __rt_lib_init_lc_numeric_1               0x08000229   Thumb Code     0  libinit2.o(.ARM.Collect$$libinit$$00000017)
    __rt_lib_init_lc_time_1                  0x08000229   Thumb Code     0  libinit2.o(.ARM.Collect$$libinit$$00000019)
    __rt_lib_init_return                     0x08000229   Thumb Code     0  libinit2.o(.ARM.Collect$$libinit$$00000033)
    __rt_lib_init_signal_1                   0x08000229   Thumb Code     0  libinit2.o(.ARM.Collect$$libinit$$0000001D)
    __rt_lib_init_stdio_1                    0x08000229   Thumb Code     0  libinit2.o(.ARM.Collect$$libinit$$00000025)
    __rt_lib_shutdown                        0x0800022b   Thumb Code     0  libshutdown.o(.ARM.Collect$$libshutdown$$00000000)
    __rt_lib_shutdown_cpp_1                  0x0800022d   Thumb Code     0  libshutdown2.o(.ARM.Collect$$libshutdown$$00000002)
    __rt_lib_shutdown_fp_trap_1              0x0800022d   Thumb Code     0  libshutdown2.o(.ARM.Collect$$libshutdown$$00000007)
    __rt_lib_shutdown_heap_1                 0x0800022d   Thumb Code     0  libshutdown2.o(.ARM.Collect$$libshutdown$$0000000F)
    __rt_lib_shutdown_return                 0x0800022d   Thumb Code     0  libshutdown2.o(.ARM.Collect$$libshutdown$$00000010)
    __rt_lib_shutdown_signal_1               0x0800022d   Thumb Code     0  libshutdown2.o(.ARM.Collect$$libshutdown$$0000000A)
    __rt_lib_shutdown_stdio_1                0x0800022d   Thumb Code     0  libshutdown2.o(.ARM.Collect$$libshutdown$$00000004)
    __rt_lib_shutdown_user_alloc_1           0x0800022d   Thumb Code     0  libshutdown2.o(.ARM.Collect$$libshutdown$$0000000C)
    __rt_entry                               0x0800022f   Thumb Code     0  __rtentry.o(.ARM.Collect$$rtentry$$00000000)
    __rt_entry_presh_1                       0x0800022f   Thumb Code     0  __rtentry2.o(.ARM.Collect$$rtentry$$00000002)
    __rt_entry_sh                            0x0800022f   Thumb Code     0  __rtentry4.o(.ARM.Collect$$rtentry$$00000004)
    __rt_entry_li                            0x08000235   Thumb Code     0  __rtentry2.o(.ARM.Collect$$rtentry$$0000000A)
    __rt_entry_postsh_1                      0x08000235   Thumb Code     0  __rtentry2.o(.ARM.Collect$$rtentry$$00000009)
    __rt_entry_main                          0x08000239   Thumb Code     0  __rtentry2.o(.ARM.Collect$$rtentry$$0000000D)
    __rt_entry_postli_1                      0x08000239   Thumb Code     0  __rtentry2.o(.ARM.Collect$$rtentry$$0000000C)
    __rt_exit                                0x08000241   Thumb Code     0  rtexit.o(.ARM.Collect$$rtexit$$00000000)
    __rt_exit_ls                             0x08000243   Thumb Code     0  rtexit2.o(.ARM.Collect$$rtexit$$00000003)
    __rt_exit_prels_1                        0x08000243   Thumb Code     0  rtexit2.o(.ARM.Collect$$rtexit$$00000002)
    __rt_exit_exit                           0x08000247   Thumb Code     0  rtexit2.o(.ARM.Collect$$rtexit$$00000004)
    SVC_Handler                              0x0800024d   Thumb Code    28  port.o(.emb_text)
    __asm___6_port_c_39a90d8d__prvStartFirstTask 0x0800026d   Thumb Code    28  port.o(.emb_text)
    __asm___6_port_c_39a90d8d__prvEnableVFP  0x0800028d   Thumb Code    16  port.o(.emb_text)
    PendSV_Handler                           0x080002a1   Thumb Code    88  port.o(.emb_text)
    vPortGetIPSR                             0x080002fd   Thumb Code     6  port.o(.emb_text)
    Reset_Handler                            0x08000305   Thumb Code     8  startup_stm32f40_41xxx.o(.text)
    ADC_IRQHandler                           0x0800031f   Thumb Code     0  startup_stm32f40_41xxx.o(.text)
    CAN1_RX0_IRQHandler                      0x0800031f   Thumb Code     0  startup_stm32f40_41xxx.o(.text)
    CAN1_RX1_IRQHandler                      0x0800031f   Thumb Code     0  startup_stm32f40_41xxx.o(.text)
    CAN1_SCE_IRQHandler                      0x0800031f   Thumb Code     0  startup_stm32f40_41xxx.o(.text)
    CAN1_TX_IRQHandler                       0x0800031f   Thumb Code     0  startup_stm32f40_41xxx.o(.text)
    CAN2_RX0_IRQHandler                      0x0800031f   Thumb Code     0  startup_stm32f40_41xxx.o(.text)
    CAN2_RX1_IRQHandler                      0x0800031f   Thumb Code     0  startup_stm32f40_41xxx.o(.text)
    CAN2_SCE_IRQHandler                      0x0800031f   Thumb Code     0  startup_stm32f40_41xxx.o(.text)
    CAN2_TX_IRQHandler                       0x0800031f   Thumb Code     0  startup_stm32f40_41xxx.o(.text)
    CRYP_IRQHandler                          0x0800031f   Thumb Code     0  startup_stm32f40_41xxx.o(.text)
    DCMI_IRQHandler                          0x0800031f   Thumb Code     0  startup_stm32f40_41xxx.o(.text)
    DMA1_Stream0_IRQHandler                  0x0800031f   Thumb Code     0  startup_stm32f40_41xxx.o(.text)
    DMA1_Stream1_IRQHandler                  0x0800031f   Thumb Code     0  startup_stm32f40_41xxx.o(.text)
    DMA1_Stream2_IRQHandler                  0x0800031f   Thumb Code     0  startup_stm32f40_41xxx.o(.text)
    DMA1_Stream3_IRQHandler                  0x0800031f   Thumb Code     0  startup_stm32f40_41xxx.o(.text)
    DMA1_Stream4_IRQHandler                  0x0800031f   Thumb Code     0  startup_stm32f40_41xxx.o(.text)
    DMA1_Stream5_IRQHandler                  0x0800031f   Thumb Code     0  startup_stm32f40_41xxx.o(.text)
    DMA1_Stream6_IRQHandler                  0x0800031f   Thumb Code     0  startup_stm32f40_41xxx.o(.text)
    DMA1_Stream7_IRQHandler                  0x0800031f   Thumb Code     0  startup_stm32f40_41xxx.o(.text)
    DMA2_Stream0_IRQHandler                  0x0800031f   Thumb Code     0  startup_stm32f40_41xxx.o(.text)
    DMA2_Stream1_IRQHandler                  0x0800031f   Thumb Code     0  startup_stm32f40_41xxx.o(.text)
    DMA2_Stream2_IRQHandler                  0x0800031f   Thumb Code     0  startup_stm32f40_41xxx.o(.text)
    DMA2_Stream3_IRQHandler                  0x0800031f   Thumb Code     0  startup_stm32f40_41xxx.o(.text)
    DMA2_Stream4_IRQHandler                  0x0800031f   Thumb Code     0  startup_stm32f40_41xxx.o(.text)
    DMA2_Stream5_IRQHandler                  0x0800031f   Thumb Code     0  startup_stm32f40_41xxx.o(.text)
    DMA2_Stream6_IRQHandler                  0x0800031f   Thumb Code     0  startup_stm32f40_41xxx.o(.text)
    DMA2_Stream7_IRQHandler                  0x0800031f   Thumb Code     0  startup_stm32f40_41xxx.o(.text)
    ETH_IRQHandler                           0x0800031f   Thumb Code     0  startup_stm32f40_41xxx.o(.text)
    ETH_WKUP_IRQHandler                      0x0800031f   Thumb Code     0  startup_stm32f40_41xxx.o(.text)
    EXTI0_IRQHandler                         0x0800031f   Thumb Code     0  startup_stm32f40_41xxx.o(.text)
    EXTI15_10_IRQHandler                     0x0800031f   Thumb Code     0  startup_stm32f40_41xxx.o(.text)
    EXTI1_IRQHandler                         0x0800031f   Thumb Code     0  startup_stm32f40_41xxx.o(.text)
    EXTI2_IRQHandler                         0x0800031f   Thumb Code     0  startup_stm32f40_41xxx.o(.text)
    EXTI3_IRQHandler                         0x0800031f   Thumb Code     0  startup_stm32f40_41xxx.o(.text)
    EXTI4_IRQHandler                         0x0800031f   Thumb Code     0  startup_stm32f40_41xxx.o(.text)
    EXTI9_5_IRQHandler                       0x0800031f   Thumb Code     0  startup_stm32f40_41xxx.o(.text)
    FLASH_IRQHandler                         0x0800031f   Thumb Code     0  startup_stm32f40_41xxx.o(.text)
    FPU_IRQHandler                           0x0800031f   Thumb Code     0  startup_stm32f40_41xxx.o(.text)
    FSMC_IRQHandler                          0x0800031f   Thumb Code     0  startup_stm32f40_41xxx.o(.text)
    HASH_RNG_IRQHandler                      0x0800031f   Thumb Code     0  startup_stm32f40_41xxx.o(.text)
    I2C1_ER_IRQHandler                       0x0800031f   Thumb Code     0  startup_stm32f40_41xxx.o(.text)
    I2C1_EV_IRQHandler                       0x0800031f   Thumb Code     0  startup_stm32f40_41xxx.o(.text)
    I2C2_ER_IRQHandler                       0x0800031f   Thumb Code     0  startup_stm32f40_41xxx.o(.text)
    I2C2_EV_IRQHandler                       0x0800031f   Thumb Code     0  startup_stm32f40_41xxx.o(.text)
    I2C3_ER_IRQHandler                       0x0800031f   Thumb Code     0  startup_stm32f40_41xxx.o(.text)
    I2C3_EV_IRQHandler                       0x0800031f   Thumb Code     0  startup_stm32f40_41xxx.o(.text)
    OTG_FS_IRQHandler                        0x0800031f   Thumb Code     0  startup_stm32f40_41xxx.o(.text)
    OTG_FS_WKUP_IRQHandler                   0x0800031f   Thumb Code     0  startup_stm32f40_41xxx.o(.text)
    OTG_HS_EP1_IN_IRQHandler                 0x0800031f   Thumb Code     0  startup_stm32f40_41xxx.o(.text)
    OTG_HS_EP1_OUT_IRQHandler                0x0800031f   Thumb Code     0  startup_stm32f40_41xxx.o(.text)
    OTG_HS_IRQHandler                        0x0800031f   Thumb Code     0  startup_stm32f40_41xxx.o(.text)
    OTG_HS_WKUP_IRQHandler                   0x0800031f   Thumb Code     0  startup_stm32f40_41xxx.o(.text)
    PVD_IRQHandler                           0x0800031f   Thumb Code     0  startup_stm32f40_41xxx.o(.text)
    RCC_IRQHandler                           0x0800031f   Thumb Code     0  startup_stm32f40_41xxx.o(.text)
    RTC_Alarm_IRQHandler                     0x0800031f   Thumb Code     0  startup_stm32f40_41xxx.o(.text)
    RTC_WKUP_IRQHandler                      0x0800031f   Thumb Code     0  startup_stm32f40_41xxx.o(.text)
    SDIO_IRQHandler                          0x0800031f   Thumb Code     0  startup_stm32f40_41xxx.o(.text)
    SPI1_IRQHandler                          0x0800031f   Thumb Code     0  startup_stm32f40_41xxx.o(.text)
    SPI2_IRQHandler                          0x0800031f   Thumb Code     0  startup_stm32f40_41xxx.o(.text)
    SPI3_IRQHandler                          0x0800031f   Thumb Code     0  startup_stm32f40_41xxx.o(.text)
    TAMP_STAMP_IRQHandler                    0x0800031f   Thumb Code     0  startup_stm32f40_41xxx.o(.text)
    TIM1_BRK_TIM9_IRQHandler                 0x0800031f   Thumb Code     0  startup_stm32f40_41xxx.o(.text)
    TIM1_CC_IRQHandler                       0x0800031f   Thumb Code     0  startup_stm32f40_41xxx.o(.text)
    TIM1_TRG_COM_TIM11_IRQHandler            0x0800031f   Thumb Code     0  startup_stm32f40_41xxx.o(.text)
    TIM1_UP_TIM10_IRQHandler                 0x0800031f   Thumb Code     0  startup_stm32f40_41xxx.o(.text)
    TIM2_IRQHandler                          0x0800031f   Thumb Code     0  startup_stm32f40_41xxx.o(.text)
    TIM3_IRQHandler                          0x0800031f   Thumb Code     0  startup_stm32f40_41xxx.o(.text)
    TIM4_IRQHandler                          0x0800031f   Thumb Code     0  startup_stm32f40_41xxx.o(.text)
    TIM5_IRQHandler                          0x0800031f   Thumb Code     0  startup_stm32f40_41xxx.o(.text)
    TIM6_DAC_IRQHandler                      0x0800031f   Thumb Code     0  startup_stm32f40_41xxx.o(.text)
    TIM7_IRQHandler                          0x0800031f   Thumb Code     0  startup_stm32f40_41xxx.o(.text)
    TIM8_BRK_TIM12_IRQHandler                0x0800031f   Thumb Code     0  startup_stm32f40_41xxx.o(.text)
    TIM8_CC_IRQHandler                       0x0800031f   Thumb Code     0  startup_stm32f40_41xxx.o(.text)
    TIM8_TRG_COM_TIM14_IRQHandler            0x0800031f   Thumb Code     0  startup_stm32f40_41xxx.o(.text)
    TIM8_UP_TIM13_IRQHandler                 0x0800031f   Thumb Code     0  startup_stm32f40_41xxx.o(.text)
    UART4_IRQHandler                         0x0800031f   Thumb Code     0  startup_stm32f40_41xxx.o(.text)
    UART5_IRQHandler                         0x0800031f   Thumb Code     0  startup_stm32f40_41xxx.o(.text)
    USART2_IRQHandler                        0x0800031f   Thumb Code     0  startup_stm32f40_41xxx.o(.text)
    USART3_IRQHandler                        0x0800031f   Thumb Code     0  startup_stm32f40_41xxx.o(.text)
    USART6_IRQHandler                        0x0800031f   Thumb Code     0  startup_stm32f40_41xxx.o(.text)
    WWDG_IRQHandler                          0x0800031f   Thumb Code     0  startup_stm32f40_41xxx.o(.text)
    __user_initial_stackheap                 0x08000321   Thumb Code     0  startup_stm32f40_41xxx.o(.text)
    __use_no_semihosting                     0x08000345   Thumb Code     2  use_no_semi_2.o(.text)
    __2printf                                0x08000349   Thumb Code    20  noretval__2printf.o(.text)
    _printf_str                              0x08000361   Thumb Code    82  _printf_str.o(.text)
    _printf_int_dec                          0x080003b5   Thumb Code   104  _printf_dec.o(.text)
    __printf                                 0x0800042d   Thumb Code   270  __printf_wp.o(.text)
    __aeabi_memcpy                           0x0800053b   Thumb Code     0  rt_memcpy_v6.o(.text)
    __rt_memcpy                              0x0800053b   Thumb Code   138  rt_memcpy_v6.o(.text)
    _memcpy_lastbytes                        0x080005a1   Thumb Code     0  rt_memcpy_v6.o(.text)
    __aeabi_memset                           0x080005c5   Thumb Code    16  aeabi_memset.o(.text)
    __use_two_region_memory                  0x080005d5   Thumb Code     2  heapauxi.o(.text)
    __rt_heap_escrow$2region                 0x080005d7   Thumb Code     2  heapauxi.o(.text)
    __rt_heap_expand$2region                 0x080005d9   Thumb Code     2  heapauxi.o(.text)
    __I$use$semihosting                      0x080005db   Thumb Code     0  use_no_semi.o(.text)
    __use_no_semihosting_swi                 0x080005db   Thumb Code     2  use_no_semi.o(.text)
    _printf_int_common                       0x080005dd   Thumb Code   178  _printf_intcommon.o(.text)
    __lib_sel_fp_printf                      0x0800068f   Thumb Code     2  _printf_fp_dec.o(.text)
    _printf_fp_dec_real                      0x08000841   Thumb Code   620  _printf_fp_dec.o(.text)
    _printf_char_common                      0x08000ab7   Thumb Code    32  _printf_char_common.o(.text)
    _printf_cs_common                        0x08000add   Thumb Code    20  _printf_char.o(.text)
    _printf_char                             0x08000af1   Thumb Code    16  _printf_char.o(.text)
    _printf_string                           0x08000b01   Thumb Code     8  _printf_char.o(.text)
    _printf_char_file                        0x08000b09   Thumb Code    32  _printf_char_file.o(.text)
    __aeabi_memcpy4                          0x08000b2d   Thumb Code     0  rt_memcpy_w.o(.text)
    __aeabi_memcpy8                          0x08000b2d   Thumb Code     0  rt_memcpy_w.o(.text)
    __rt_memcpy_w                            0x08000b2d   Thumb Code   100  rt_memcpy_w.o(.text)
    _memcpy_lastbytes_aligned                0x08000b75   Thumb Code     0  rt_memcpy_w.o(.text)
    __aeabi_memclr                           0x08000b91   Thumb Code     0  rt_memclr.o(.text)
    __rt_memclr                              0x08000b91   Thumb Code    68  rt_memclr.o(.text)
    _memset                                  0x08000b95   Thumb Code     0  rt_memclr.o(.text)
    __rt_locale                              0x08000bd5   Thumb Code     8  rt_locale_intlibspace.o(.text)
    _ll_udiv10                               0x08000bdd   Thumb Code   138  lludiv10.o(.text)
    _printf_fp_infnan                        0x08000c69   Thumb Code   112  _printf_fp_infnan.o(.text)
    _btod_etento                             0x08000ce9   Thumb Code   224  bigflt0.o(.text)
    ferror                                   0x08000dcd   Thumb Code     8  ferror.o(.text)
    __aeabi_memclr4                          0x08000dd5   Thumb Code     0  rt_memclr_w.o(.text)
    __aeabi_memclr8                          0x08000dd5   Thumb Code     0  rt_memclr_w.o(.text)
    __rt_memclr_w                            0x08000dd5   Thumb Code    78  rt_memclr_w.o(.text)
    _memset_w                                0x08000dd9   Thumb Code     0  rt_memclr_w.o(.text)
    __user_libspace                          0x08000e25   Thumb Code     8  libspace.o(.text)
    __user_perproc_libspace                  0x08000e25   Thumb Code     0  libspace.o(.text)
    __user_perthread_libspace                0x08000e25   Thumb Code     0  libspace.o(.text)
    __user_setup_stackheap                   0x08000e2d   Thumb Code    74  sys_stackheap_outer.o(.text)
    exit                                     0x08000e77   Thumb Code    18  exit.o(.text)
    strcmp                                   0x08000e89   Thumb Code   128  strcmpv7m.o(.text)
    _btod_d2e                                0x08000f09   Thumb Code    62  btod.o(CL$$btod_d2e)
    _d2e_denorm_low                          0x08000f47   Thumb Code    70  btod.o(CL$$btod_d2e_denorm_low)
    _d2e_norm_op1                            0x08000f8d   Thumb Code    96  btod.o(CL$$btod_d2e_norm_op1)
    __btod_div_common                        0x08000fed   Thumb Code   696  btod.o(CL$$btod_div_common)
    _e2e                                     0x08001325   Thumb Code   220  btod.o(CL$$btod_e2e)
    _btod_ediv                               0x08001401   Thumb Code    42  btod.o(CL$$btod_ediv)
    _btod_emul                               0x0800142b   Thumb Code    42  btod.o(CL$$btod_emul)
    __btod_mult_common                       0x08001455   Thumb Code   580  btod.o(CL$$btod_mult_common)
    AHT20_Init                               0x08001699   Thumb Code    46  aht20.o(i.AHT20_Init)
    AHT20_Read_Data                          0x080016cd   Thumb Code   190  aht20.o(i.AHT20_Read_Data)
    BusFault_Handler                         0x080017ff   Thumb Code     2  stm32f4xx_it.o(i.BusFault_Handler)
    DebugMon_Handler                         0x08001801   Thumb Code     2  stm32f4xx_it.o(i.DebugMon_Handler)
    GPIO_Init                                0x08001803   Thumb Code   120  stm32f4xx_gpio.o(i.GPIO_Init)
    GPIO_PinAFConfig                         0x0800187b   Thumb Code    32  stm32f4xx_gpio.o(i.GPIO_PinAFConfig)
    GPIO_SetBits                             0x0800189b   Thumb Code     4  stm32f4xx_gpio.o(i.GPIO_SetBits)
    HardFault_Handler                        0x0800189f   Thumb Code     2  stm32f4xx_it.o(i.HardFault_Handler)
    IIC_Ack                                  0x080018a1   Thumb Code    56  iic.o(i.IIC_Ack)
    IIC_Init                                 0x080018e1   Thumb Code    56  iic.o(i.IIC_Init)
    IIC_NAck                                 0x08001921   Thumb Code    56  iic.o(i.IIC_NAck)
    IIC_Read_Byte                            0x08001961   Thumb Code    96  iic.o(i.IIC_Read_Byte)
    IIC_Send_Byte                            0x080019c9   Thumb Code    86  iic.o(i.IIC_Send_Byte)
    IIC_Start                                0x08001a29   Thumb Code    56  iic.o(i.IIC_Start)
    IIC_Stop                                 0x08001a69   Thumb Code    58  iic.o(i.IIC_Stop)
    IIC_Wait_Ack                             0x08001aad   Thumb Code    74  iic.o(i.IIC_Wait_Ack)
    LED_Init                                 0x08001b01   Thumb Code    58  led.o(i.LED_Init)
    MemManage_Handler                        0x08001b41   Thumb Code     2  stm32f4xx_it.o(i.MemManage_Handler)
    NMI_Handler                              0x08001b43   Thumb Code     2  stm32f4xx_it.o(i.NMI_Handler)
    NVIC_Init                                0x08001b45   Thumb Code    96  misc.o(i.NVIC_Init)
    NVIC_PriorityGroupConfig                 0x08001ba9   Thumb Code    10  misc.o(i.NVIC_PriorityGroupConfig)
    RCC_AHB1PeriphClockCmd                   0x08001bbd   Thumb Code    18  stm32f4xx_rcc.o(i.RCC_AHB1PeriphClockCmd)
    RCC_APB2PeriphClockCmd                   0x08001bd5   Thumb Code    18  stm32f4xx_rcc.o(i.RCC_APB2PeriphClockCmd)
    RCC_GetClocksFreq                        0x08001bed   Thumb Code   132  stm32f4xx_rcc.o(i.RCC_GetClocksFreq)
    SysTick_CLKSourceConfig                  0x08001d31   Thumb Code    24  misc.o(i.SysTick_CLKSourceConfig)
    SysTick_Handler                          0x08001d49   Thumb Code    20  delay.o(i.SysTick_Handler)
    SystemInit                               0x08001d5d   Thumb Code    74  system_stm32f4xx_1.o(i.SystemInit)
    USART1_IRQHandler                        0x08001db9   Thumb Code    88  usart.o(i.USART1_IRQHandler)
    USART_Cmd                                0x08001e1d   Thumb Code    20  stm32f4xx_usart.o(i.USART_Cmd)
    USART_GetITStatus                        0x08001e31   Thumb Code    62  stm32f4xx_usart.o(i.USART_GetITStatus)
    USART_ITConfig                           0x08001e6f   Thumb Code    48  stm32f4xx_usart.o(i.USART_ITConfig)
    USART_Init                               0x08001ea1   Thumb Code   164  stm32f4xx_usart.o(i.USART_Init)
    USART_ReceiveData                        0x08001f4d   Thumb Code     8  stm32f4xx_usart.o(i.USART_ReceiveData)
    UsageFault_Handler                       0x08001f55   Thumb Code     2  stm32f4xx_it.o(i.UsageFault_Handler)
    __ARM_fpclassify                         0x08001f57   Thumb Code    48  fpclassify.o(i.__ARM_fpclassify)
    _is_digit                                0x08001f87   Thumb Code    14  __printf_wp.o(i._is_digit)
    _sys_exit                                0x08001f95   Thumb Code     2  usart.o(i._sys_exit)
    app_task                                 0x08001f99   Thumb Code   100  app.o(i.app_task)
    delay_init                               0x08002049   Thumb Code    50  delay.o(i.delay_init)
    delay_ms                                 0x08002081   Thumb Code    52  delay.o(i.delay_ms)
    delay_us                                 0x080020b9   Thumb Code    48  delay.o(i.delay_us)
    fputc                                    0x080020ed   Thumb Code    14  usart.o(i.fputc)
    led0_task                                0x08002101   Thumb Code    24  main.o(i.led0_task)
    led1_task                                0x0800211d   Thumb Code    32  main.o(i.led1_task)
    main                                     0x08002141   Thumb Code    56  main.o(i.main)
    pvPortMalloc                             0x08002a1d   Thumb Code   214  heap_4.o(i.pvPortMalloc)
    pvTaskIncrementMutexHeldCount            0x08002b39   Thumb Code    18  tasks.o(i.pvTaskIncrementMutexHeldCount)
    pxPortInitialiseStack                    0x08002b51   Thumb Code    40  port.o(i.pxPortInitialiseStack)
    start_task                               0x08002b7d   Thumb Code    88  main.o(i.start_task)
    uart_init                                0x08002c09   Thumb Code   164  usart.o(i.uart_init)
    uxListRemove                             0x08002cb5   Thumb Code    36  list.o(i.uxListRemove)
    vListInitialise                          0x08002cd9   Thumb Code    22  list.o(i.vListInitialise)
    vListInitialiseItem                      0x08002cef   Thumb Code     6  list.o(i.vListInitialiseItem)
    vListInsert                              0x08002cf5   Thumb Code    48  list.o(i.vListInsert)
    vListInsertEnd                           0x08002d25   Thumb Code    24  list.o(i.vListInsertEnd)
    vPortEnterCritical                       0x08002d3d   Thumb Code    50  port.o(i.vPortEnterCritical)
    vPortExitCritical                        0x08002dbd   Thumb Code    34  port.o(i.vPortExitCritical)
    vPortFree                                0x08002e29   Thumb Code    94  heap_4.o(i.vPortFree)
    vPortSetupTimerInterrupt                 0x08002ecd   Thumb Code    26  port.o(i.vPortSetupTimerInterrupt)
    vPortValidateInterruptPriority           0x08002eed   Thumb Code    70  port.o(i.vPortValidateInterruptPriority)
    vQueueAddToRegistry                      0x08002f81   Thumb Code    32  queue.o(i.vQueueAddToRegistry)
    vQueueWaitForMessageRestricted           0x08002fa5   Thumb Code    68  queue.o(i.vQueueWaitForMessageRestricted)
    vTaskDelay                               0x08002fe9   Thumb Code    62  tasks.o(i.vTaskDelay)
    vTaskDelete                              0x08003061   Thumb Code   152  tasks.o(i.vTaskDelete)
    vTaskMissedYield                         0x08003139   Thumb Code     8  tasks.o(i.vTaskMissedYield)
    vTaskPlaceOnEventList                    0x08003145   Thumb Code    44  tasks.o(i.vTaskPlaceOnEventList)
    vTaskPlaceOnEventListRestricted          0x080031a5   Thumb Code    52  tasks.o(i.vTaskPlaceOnEventListRestricted)
    vTaskPriorityInherit                     0x0800320d   Thumb Code   124  tasks.o(i.vTaskPriorityInherit)
    vTaskSetTimeOutState                     0x08003291   Thumb Code    30  tasks.o(i.vTaskSetTimeOutState)
    vTaskStartScheduler                      0x080032e5   Thumb Code    96  tasks.o(i.vTaskStartScheduler)
    vTaskSuspendAll                          0x08003385   Thumb Code    10  tasks.o(i.vTaskSuspendAll)
    vTaskSwitchContext                       0x08003395   Thumb Code    80  tasks.o(i.vTaskSwitchContext)
    xPortStartScheduler                      0x0800341d   Thumb Code   196  port.o(i.xPortStartScheduler)
    xPortSysTickHandler                      0x08003539   Thumb Code    38  port.o(i.xPortSysTickHandler)
    xQueueGenericCreate                      0x08003565   Thumb Code    82  queue.o(i.xQueueGenericCreate)
    xQueueGenericReceive                     0x080035e9   Thumb Code   348  queue.o(i.xQueueGenericReceive)
    xQueueGenericReset                       0x08003779   Thumb Code   128  queue.o(i.xQueueGenericReset)
    xQueueGenericSend                        0x0800382d   Thumb Code   350  queue.o(i.xQueueGenericSend)
    xQueueGenericSendFromISR                 0x080039c1   Thumb Code   188  queue.o(i.xQueueGenericSendFromISR)
    xTaskCheckForTimeOut                     0x08003aad   Thumb Code    94  tasks.o(i.xTaskCheckForTimeOut)
    xTaskCreate                              0x08003b41   Thumb Code    86  tasks.o(i.xTaskCreate)
    xTaskGetSchedulerState                   0x08003b99   Thumb Code    22  tasks.o(i.xTaskGetSchedulerState)
    xTaskGetTickCount                        0x08003bb5   Thumb Code     6  tasks.o(i.xTaskGetTickCount)
    xTaskIncrementTick                       0x08003bc1   Thumb Code   188  tasks.o(i.xTaskIncrementTick)
    xTaskPriorityDisinherit                  0x08003cb5   Thumb Code   136  tasks.o(i.xTaskPriorityDisinherit)
    xTaskRemoveFromEventList                 0x08003d75   Thumb Code   102  tasks.o(i.xTaskRemoveFromEventList)
    xTaskResumeAll                           0x08003e19   Thumb Code   180  tasks.o(i.xTaskResumeAll)
    xTimerCreate                             0x08003f09   Thumb Code    74  timers.o(i.xTimerCreate)
    xTimerCreateTimerTask                    0x08003f85   Thumb Code    58  timers.o(i.xTimerCreateTimerTask)
    xTimerGenericCommand                     0x08004001   Thumb Code    98  timers.o(i.xTimerGenericCommand)
    _get_lc_numeric                          0x08004099   Thumb Code    44  lc_numeric_c.o(locale$$code)
    __fpl_dretinf                            0x080040c5   Thumb Code    12  dretinf.o(x$fpl$dretinf)
    __aeabi_f2d                              0x080040d1   Thumb Code     0  f2d.o(x$fpl$f2d)
    _f2d                                     0x080040d1   Thumb Code    86  f2d.o(x$fpl$f2d)
    __fpl_fnaninf                            0x08004127   Thumb Code   140  fnaninf.o(x$fpl$fnaninf)
    _fp_init                                 0x080041b3   Thumb Code    10  fpinit.o(x$fpl$fpinit)
    __fplib_config_fpu_vfp                   0x080041bb   Thumb Code     0  fpinit.o(x$fpl$fpinit)
    __fplib_config_pureend_doubles           0x080041bb   Thumb Code     0  fpinit.o(x$fpl$fpinit)
    _printf_fp_dec                           0x080041bd   Thumb Code     4  printf1.o(x$fpl$printf1)
    __I$use$fp                               0x080041c0   Number         0  usenofp.o(x$fpl$usenofp)
    Region$$Table$$Base                      0x08004254   Number         0  anon$$obj.o(Region$$Table)
    Region$$Table$$Limit                     0x08004274   Number         0  anon$$obj.o(Region$$Table)
    StartTask_Handler                        0x20000000   Data           4  main.o(.data)
    LED0Task_Handler                         0x20000004   Data           4  main.o(.data)
    LED1Task_Handler                         0x20000008   Data           4  main.o(.data)
    SystemCoreClock                          0x2000000c   Data           4  system_stm32f4xx_1.o(.data)
    AHBPrescTable                            0x20000010   Data          16  system_stm32f4xx_1.o(.data)
    USART_RX_STA                             0x20000024   Data           2  usart.o(.data)
    __stdout                                 0x20000028   Data           4  usart.o(.data)
    pxCurrentTCB                             0x2000003c   Data           4  tasks.o(.data)
    USART_RX_BUF                             0x200000b0   Data         200  usart.o(.bss)
    xQueueRegistry                           0x20000178   Data          64  queue.o(.bss)
    __libspace_start                         0x200144c4   Data          96  libspace.o(.bss)
    __temporary_stack_top$libspace           0x20014524   Data           0  libspace.o(.bss)



==============================================================================

Memory Map of the image

  Image Entry point : 0x08000189

  Load Region LR_IROM1 (Base: 0x08000000, Size: 0x00004340, Max: 0x00100000, ABSOLUTE)

    Execution Region ER_IROM1 (Exec base: 0x08000000, Load base: 0x08000000, Size: 0x00004290, Max: 0x00100000, ABSOLUTE)

    Exec Addr    Load Addr    Size         Type   Attr      Idx    E Section Name        Object

    0x08000000   0x08000000   0x00000188   Data   RO         5676    RESET               startup_stm32f40_41xxx.o
    0x08000188   0x08000188   0x00000008   Code   RO         6684  * !!!main             c_w.l(__main.o)
    0x08000190   0x08000190   0x00000034   Code   RO         6916    !!!scatter          c_w.l(__scatter.o)
    0x080001c4   0x080001c4   0x0000001a   Code   RO         6918    !!handler_copy      c_w.l(__scatter_copy.o)
    0x080001de   0x080001de   0x00000002   PAD
    0x080001e0   0x080001e0   0x0000001c   Code   RO         6920    !!handler_zi        c_w.l(__scatter_zi.o)
    0x080001fc   0x080001fc   0x00000000   Code   RO         6673    .ARM.Collect$$_printf_percent$$00000000  c_w.l(_printf_percent.o)
    0x080001fc   0x080001fc   0x00000006   Code   RO         6672    .ARM.Collect$$_printf_percent$$00000003  c_w.l(_printf_f.o)
    0x08000202   0x08000202   0x00000006   Code   RO         6670    .ARM.Collect$$_printf_percent$$00000009  c_w.l(_printf_d.o)
    0x08000208   0x08000208   0x00000006   Code   RO         6669    .ARM.Collect$$_printf_percent$$00000014  c_w.l(_printf_s.o)
    0x0800020e   0x0800020e   0x00000004   Code   RO         6705    .ARM.Collect$$_printf_percent$$00000017  c_w.l(_printf_percent_end.o)
    0x08000212   0x08000212   0x00000002   Code   RO         6793    .ARM.Collect$$libinit$$00000000  c_w.l(libinit.o)
    0x08000214   0x08000214   0x00000004   Code   RO         6794    .ARM.Collect$$libinit$$00000001  c_w.l(libinit2.o)
    0x08000218   0x08000218   0x00000000   Code   RO         6797    .ARM.Collect$$libinit$$00000004  c_w.l(libinit2.o)
    0x08000218   0x08000218   0x00000000   Code   RO         6800    .ARM.Collect$$libinit$$0000000A  c_w.l(libinit2.o)
    0x08000218   0x08000218   0x00000000   Code   RO         6802    .ARM.Collect$$libinit$$0000000C  c_w.l(libinit2.o)
    0x08000218   0x08000218   0x00000000   Code   RO         6804    .ARM.Collect$$libinit$$0000000E  c_w.l(libinit2.o)
    0x08000218   0x08000218   0x00000006   Code   RO         6805    .ARM.Collect$$libinit$$0000000F  c_w.l(libinit2.o)
    0x0800021e   0x0800021e   0x00000000   Code   RO         6807    .ARM.Collect$$libinit$$00000011  c_w.l(libinit2.o)
    0x0800021e   0x0800021e   0x00000000   Code   RO         6809    .ARM.Collect$$libinit$$00000013  c_w.l(libinit2.o)
    0x0800021e   0x0800021e   0x00000000   Code   RO         6811    .ARM.Collect$$libinit$$00000015  c_w.l(libinit2.o)
    0x0800021e   0x0800021e   0x0000000a   Code   RO         6812    .ARM.Collect$$libinit$$00000016  c_w.l(libinit2.o)
    0x08000228   0x08000228   0x00000000   Code   RO         6813    .ARM.Collect$$libinit$$00000017  c_w.l(libinit2.o)
    0x08000228   0x08000228   0x00000000   Code   RO         6815    .ARM.Collect$$libinit$$00000019  c_w.l(libinit2.o)
    0x08000228   0x08000228   0x00000000   Code   RO         6817    .ARM.Collect$$libinit$$0000001B  c_w.l(libinit2.o)
    0x08000228   0x08000228   0x00000000   Code   RO         6819    .ARM.Collect$$libinit$$0000001D  c_w.l(libinit2.o)
    0x08000228   0x08000228   0x00000000   Code   RO         6821    .ARM.Collect$$libinit$$0000001F  c_w.l(libinit2.o)
    0x08000228   0x08000228   0x00000000   Code   RO         6823    .ARM.Collect$$libinit$$00000021  c_w.l(libinit2.o)
    0x08000228   0x08000228   0x00000000   Code   RO         6825    .ARM.Collect$$libinit$$00000023  c_w.l(libinit2.o)
    0x08000228   0x08000228   0x00000000   Code   RO         6827    .ARM.Collect$$libinit$$00000025  c_w.l(libinit2.o)
    0x08000228   0x08000228   0x00000000   Code   RO         6831    .ARM.Collect$$libinit$$0000002C  c_w.l(libinit2.o)
    0x08000228   0x08000228   0x00000000   Code   RO         6833    .ARM.Collect$$libinit$$0000002E  c_w.l(libinit2.o)
    0x08000228   0x08000228   0x00000000   Code   RO         6835    .ARM.Collect$$libinit$$00000030  c_w.l(libinit2.o)
    0x08000228   0x08000228   0x00000000   Code   RO         6837    .ARM.Collect$$libinit$$00000032  c_w.l(libinit2.o)
    0x08000228   0x08000228   0x00000002   Code   RO         6838    .ARM.Collect$$libinit$$00000033  c_w.l(libinit2.o)
    0x0800022a   0x0800022a   0x00000002   Code   RO         6866    .ARM.Collect$$libshutdown$$00000000  c_w.l(libshutdown.o)
    0x0800022c   0x0800022c   0x00000000   Code   RO         6875    .ARM.Collect$$libshutdown$$00000002  c_w.l(libshutdown2.o)
    0x0800022c   0x0800022c   0x00000000   Code   RO         6877    .ARM.Collect$$libshutdown$$00000004  c_w.l(libshutdown2.o)
    0x0800022c   0x0800022c   0x00000000   Code   RO         6880    .ARM.Collect$$libshutdown$$00000007  c_w.l(libshutdown2.o)
    0x0800022c   0x0800022c   0x00000000   Code   RO         6883    .ARM.Collect$$libshutdown$$0000000A  c_w.l(libshutdown2.o)
    0x0800022c   0x0800022c   0x00000000   Code   RO         6885    .ARM.Collect$$libshutdown$$0000000C  c_w.l(libshutdown2.o)
    0x0800022c   0x0800022c   0x00000000   Code   RO         6888    .ARM.Collect$$libshutdown$$0000000F  c_w.l(libshutdown2.o)
    0x0800022c   0x0800022c   0x00000002   Code   RO         6889    .ARM.Collect$$libshutdown$$00000010  c_w.l(libshutdown2.o)
    0x0800022e   0x0800022e   0x00000000   Code   RO         6692    .ARM.Collect$$rtentry$$00000000  c_w.l(__rtentry.o)
    0x0800022e   0x0800022e   0x00000000   Code   RO         6716    .ARM.Collect$$rtentry$$00000002  c_w.l(__rtentry2.o)
    0x0800022e   0x0800022e   0x00000006   Code   RO         6728    .ARM.Collect$$rtentry$$00000004  c_w.l(__rtentry4.o)
    0x08000234   0x08000234   0x00000000   Code   RO         6718    .ARM.Collect$$rtentry$$00000009  c_w.l(__rtentry2.o)
    0x08000234   0x08000234   0x00000004   Code   RO         6719    .ARM.Collect$$rtentry$$0000000A  c_w.l(__rtentry2.o)
    0x08000238   0x08000238   0x00000000   Code   RO         6721    .ARM.Collect$$rtentry$$0000000C  c_w.l(__rtentry2.o)
    0x08000238   0x08000238   0x00000008   Code   RO         6722    .ARM.Collect$$rtentry$$0000000D  c_w.l(__rtentry2.o)
    0x08000240   0x08000240   0x00000002   Code   RO         6839    .ARM.Collect$$rtexit$$00000000  c_w.l(rtexit.o)
    0x08000242   0x08000242   0x00000000   Code   RO         6846    .ARM.Collect$$rtexit$$00000002  c_w.l(rtexit2.o)
    0x08000242   0x08000242   0x00000004   Code   RO         6847    .ARM.Collect$$rtexit$$00000003  c_w.l(rtexit2.o)
    0x08000246   0x08000246   0x00000006   Code   RO         6848    .ARM.Collect$$rtexit$$00000004  c_w.l(rtexit2.o)
    0x0800024c   0x0800024c   0x000000b6   Code   RO         6544    .emb_text           port.o
    0x08000302   0x08000302   0x00000002   PAD
    0x08000304   0x08000304   0x00000040   Code   RO         5677    .text               startup_stm32f40_41xxx.o
    0x08000344   0x08000344   0x00000002   Code   RO         6632    .text               c_w.l(use_no_semi_2.o)
    0x08000346   0x08000346   0x00000002   PAD
    0x08000348   0x08000348   0x00000018   Code   RO         6638    .text               c_w.l(noretval__2printf.o)
    0x08000360   0x08000360   0x00000052   Code   RO         6644    .text               c_w.l(_printf_str.o)
    0x080003b2   0x080003b2   0x00000002   PAD
    0x080003b4   0x080003b4   0x00000078   Code   RO         6646    .text               c_w.l(_printf_dec.o)
    0x0800042c   0x0800042c   0x0000010e   Code   RO         6656    .text               c_w.l(__printf_wp.o)
    0x0800053a   0x0800053a   0x0000008a   Code   RO         6678    .text               c_w.l(rt_memcpy_v6.o)
    0x080005c4   0x080005c4   0x00000010   Code   RO         6680    .text               c_w.l(aeabi_memset.o)
    0x080005d4   0x080005d4   0x00000006   Code   RO         6682    .text               c_w.l(heapauxi.o)
    0x080005da   0x080005da   0x00000002   Code   RO         6690    .text               c_w.l(use_no_semi.o)
    0x080005dc   0x080005dc   0x000000b2   Code   RO         6693    .text               c_w.l(_printf_intcommon.o)
    0x0800068e   0x0800068e   0x0000041e   Code   RO         6695    .text               c_w.l(_printf_fp_dec.o)
    0x08000aac   0x08000aac   0x00000030   Code   RO         6697    .text               c_w.l(_printf_char_common.o)
    0x08000adc   0x08000adc   0x0000002c   Code   RO         6701    .text               c_w.l(_printf_char.o)
    0x08000b08   0x08000b08   0x00000024   Code   RO         6703    .text               c_w.l(_printf_char_file.o)
    0x08000b2c   0x08000b2c   0x00000064   Code   RO         6706    .text               c_w.l(rt_memcpy_w.o)
    0x08000b90   0x08000b90   0x00000044   Code   RO         6708    .text               c_w.l(rt_memclr.o)
    0x08000bd4   0x08000bd4   0x00000008   Code   RO         6733    .text               c_w.l(rt_locale_intlibspace.o)
    0x08000bdc   0x08000bdc   0x0000008a   Code   RO         6735    .text               c_w.l(lludiv10.o)
    0x08000c66   0x08000c66   0x00000002   PAD
    0x08000c68   0x08000c68   0x00000080   Code   RO         6737    .text               c_w.l(_printf_fp_infnan.o)
    0x08000ce8   0x08000ce8   0x000000e4   Code   RO         6741    .text               c_w.l(bigflt0.o)
    0x08000dcc   0x08000dcc   0x00000008   Code   RO         6766    .text               c_w.l(ferror.o)
    0x08000dd4   0x08000dd4   0x0000004e   Code   RO         6773    .text               c_w.l(rt_memclr_w.o)
    0x08000e22   0x08000e22   0x00000002   PAD
    0x08000e24   0x08000e24   0x00000008   Code   RO         6779    .text               c_w.l(libspace.o)
    0x08000e2c   0x08000e2c   0x0000004a   Code   RO         6782    .text               c_w.l(sys_stackheap_outer.o)
    0x08000e76   0x08000e76   0x00000012   Code   RO         6784    .text               c_w.l(exit.o)
    0x08000e88   0x08000e88   0x00000080   Code   RO         6786    .text               c_w.l(strcmpv7m.o)
    0x08000f08   0x08000f08   0x0000003e   Code   RO         6744    CL$$btod_d2e        c_w.l(btod.o)
    0x08000f46   0x08000f46   0x00000046   Code   RO         6746    CL$$btod_d2e_denorm_low  c_w.l(btod.o)
    0x08000f8c   0x08000f8c   0x00000060   Code   RO         6745    CL$$btod_d2e_norm_op1  c_w.l(btod.o)
    0x08000fec   0x08000fec   0x00000338   Code   RO         6754    CL$$btod_div_common  c_w.l(btod.o)
    0x08001324   0x08001324   0x000000dc   Code   RO         6751    CL$$btod_e2e        c_w.l(btod.o)
    0x08001400   0x08001400   0x0000002a   Code   RO         6748    CL$$btod_ediv       c_w.l(btod.o)
    0x0800142a   0x0800142a   0x0000002a   Code   RO         6747    CL$$btod_emul       c_w.l(btod.o)
    0x08001454   0x08001454   0x00000244   Code   RO         6753    CL$$btod_mult_common  c_w.l(btod.o)
    0x08001698   0x08001698   0x00000034   Code   RO          334    i.AHT20_Init        aht20.o
    0x080016cc   0x080016cc   0x000000d4   Code   RO          335    i.AHT20_Read_Data   aht20.o
    0x080017a0   0x080017a0   0x00000020   Code   RO          336    i.AHT20_Read_Status  aht20.o
    0x080017c0   0x080017c0   0x0000003e   Code   RO          337    i.AHT20_Write_Cmd   aht20.o
    0x080017fe   0x080017fe   0x00000002   Code   RO          236    i.BusFault_Handler  stm32f4xx_it.o
    0x08001800   0x08001800   0x00000002   Code   RO          237    i.DebugMon_Handler  stm32f4xx_it.o
    0x08001802   0x08001802   0x00000078   Code   RO         2613    i.GPIO_Init         stm32f4xx_gpio.o
    0x0800187a   0x0800187a   0x00000020   Code   RO         2614    i.GPIO_PinAFConfig  stm32f4xx_gpio.o
    0x0800189a   0x0800189a   0x00000004   Code   RO         2621    i.GPIO_SetBits      stm32f4xx_gpio.o
    0x0800189e   0x0800189e   0x00000002   Code   RO          238    i.HardFault_Handler  stm32f4xx_it.o
    0x080018a0   0x080018a0   0x00000040   Code   RO          635    i.IIC_Ack           iic.o
    0x080018e0   0x080018e0   0x00000040   Code   RO          636    i.IIC_Init          iic.o
    0x08001920   0x08001920   0x00000040   Code   RO          637    i.IIC_NAck          iic.o
    0x08001960   0x08001960   0x00000068   Code   RO          638    i.IIC_Read_Byte     iic.o
    0x080019c8   0x080019c8   0x00000060   Code   RO          639    i.IIC_Send_Byte     iic.o
    0x08001a28   0x08001a28   0x00000040   Code   RO          640    i.IIC_Start         iic.o
    0x08001a68   0x08001a68   0x00000044   Code   RO          641    i.IIC_Stop          iic.o
    0x08001aac   0x08001aac   0x00000054   Code   RO          642    i.IIC_Wait_Ack      iic.o
    0x08001b00   0x08001b00   0x00000040   Code   RO          498    i.LED_Init          led.o
    0x08001b40   0x08001b40   0x00000002   Code   RO          239    i.MemManage_Handler  stm32f4xx_it.o
    0x08001b42   0x08001b42   0x00000002   Code   RO          240    i.NMI_Handler       stm32f4xx_it.o
    0x08001b44   0x08001b44   0x00000064   Code   RO          822    i.NVIC_Init         misc.o
    0x08001ba8   0x08001ba8   0x00000014   Code   RO          823    i.NVIC_PriorityGroupConfig  misc.o
    0x08001bbc   0x08001bbc   0x00000018   Code   RO         3680    i.RCC_AHB1PeriphClockCmd  stm32f4xx_rcc.o
    0x08001bd4   0x08001bd4   0x00000018   Code   RO         3692    i.RCC_APB2PeriphClockCmd  stm32f4xx_rcc.o
    0x08001bec   0x08001bec   0x00000090   Code   RO         3701    i.RCC_GetClocksFreq  stm32f4xx_rcc.o
    0x08001c7c   0x08001c7c   0x000000b4   Code   RO          293    i.SetSysClock       system_stm32f4xx_1.o
    0x08001d30   0x08001d30   0x00000018   Code   RO          826    i.SysTick_CLKSourceConfig  misc.o
    0x08001d48   0x08001d48   0x00000014   Code   RO          585    i.SysTick_Handler   delay.o
    0x08001d5c   0x08001d5c   0x0000005c   Code   RO          295    i.SystemInit        system_stm32f4xx_1.o
    0x08001db8   0x08001db8   0x00000064   Code   RO          765    i.USART1_IRQHandler  usart.o
    0x08001e1c   0x08001e1c   0x00000014   Code   RO         5423    i.USART_Cmd         stm32f4xx_usart.o
    0x08001e30   0x08001e30   0x0000003e   Code   RO         5427    i.USART_GetITStatus  stm32f4xx_usart.o
    0x08001e6e   0x08001e6e   0x00000030   Code   RO         5429    i.USART_ITConfig    stm32f4xx_usart.o
    0x08001e9e   0x08001e9e   0x00000002   PAD
    0x08001ea0   0x08001ea0   0x000000ac   Code   RO         5430    i.USART_Init        stm32f4xx_usart.o
    0x08001f4c   0x08001f4c   0x00000008   Code   RO         5437    i.USART_ReceiveData  stm32f4xx_usart.o
    0x08001f54   0x08001f54   0x00000002   Code   RO          241    i.UsageFault_Handler  stm32f4xx_it.o
    0x08001f56   0x08001f56   0x00000030   Code   RO         6777    i.__ARM_fpclassify  m_wm.l(fpclassify.o)
    0x08001f86   0x08001f86   0x0000000e   Code   RO         6658    i._is_digit         c_w.l(__printf_wp.o)
    0x08001f94   0x08001f94   0x00000002   Code   RO          766    i._sys_exit         usart.o
    0x08001f96   0x08001f96   0x00000002   PAD
    0x08001f98   0x08001f98   0x000000b0   Code   RO            4    i.app_task          app.o
    0x08002048   0x08002048   0x00000038   Code   RO          586    i.delay_init        delay.o
    0x08002080   0x08002080   0x00000038   Code   RO          587    i.delay_ms          delay.o
    0x080020b8   0x080020b8   0x00000034   Code   RO          588    i.delay_us          delay.o
    0x080020ec   0x080020ec   0x00000014   Code   RO          767    i.fputc             usart.o
    0x08002100   0x08002100   0x0000001c   Code   RO          185    i.led0_task         main.o
    0x0800211c   0x0800211c   0x00000024   Code   RO          186    i.led1_task         main.o
    0x08002140   0x08002140   0x0000004c   Code   RO          187    i.main              main.o
    0x0800218c   0x0800218c   0x00000070   Code   RO         5991    i.prvAddCurrentTaskToDelayedList  tasks.o
    0x080021fc   0x080021fc   0x000000d0   Code   RO         5992    i.prvAddNewTaskToReadyList  tasks.o
    0x080022cc   0x080022cc   0x00000050   Code   RO         6351    i.prvCheckForValidListAndQueue  timers.o
    0x0800231c   0x0800231c   0x00000054   Code   RO         5993    i.prvCheckTasksWaitingTermination  tasks.o
    0x08002370   0x08002370   0x00000026   Code   RO         5746    i.prvCopyDataFromQueue  queue.o
    0x08002396   0x08002396   0x0000006c   Code   RO         5747    i.prvCopyDataToQueue  queue.o
    0x08002402   0x08002402   0x00000014   Code   RO         5994    i.prvDeleteTCB      tasks.o
    0x08002416   0x08002416   0x00000002   PAD
    0x08002418   0x08002418   0x0000004c   Code   RO         6483    i.prvHeapInit       heap_4.o
    0x08002464   0x08002464   0x00000028   Code   RO         5995    i.prvIdleTask       tasks.o
    0x0800248c   0x0800248c   0x000000cc   Code   RO         5996    i.prvInitialiseNewTask  tasks.o
    0x08002558   0x08002558   0x0000004c   Code   RO         6484    i.prvInsertBlockIntoFreeList  heap_4.o
    0x080025a4   0x080025a4   0x00000038   Code   RO         6352    i.prvInsertTimerInActiveList  timers.o
    0x080025dc   0x080025dc   0x0000001a   Code   RO         5748    i.prvIsQueueEmpty   queue.o
    0x080025f6   0x080025f6   0x00000002   PAD
    0x080025f8   0x080025f8   0x0000009c   Code   RO         5749    i.prvNotifyQueueSetContainer  queue.o
    0x08002694   0x08002694   0x00000060   Code   RO         6353    i.prvProcessExpiredTimer  timers.o
    0x080026f4   0x080026f4   0x000000fc   Code   RO         6354    i.prvProcessReceivedCommands  timers.o
    0x080027f0   0x080027f0   0x0000006c   Code   RO         6355    i.prvProcessTimerOrBlockTask  timers.o
    0x0800285c   0x0800285c   0x00000020   Code   RO         5998    i.prvResetNextTaskUnblockTime  tasks.o
    0x0800287c   0x0800287c   0x00000028   Code   RO         6356    i.prvSampleTimeNow  timers.o
    0x080028a4   0x080028a4   0x0000006c   Code   RO         6357    i.prvSwitchTimerLists  timers.o
    0x08002910   0x08002910   0x0000006c   Code   RO         6545    i.prvTaskExitError  port.o
    0x0800297c   0x0800297c   0x00000028   Code   RO         6358    i.prvTimerTask      timers.o
    0x080029a4   0x080029a4   0x00000078   Code   RO         5750    i.prvUnlockQueue    queue.o
    0x08002a1c   0x08002a1c   0x0000011c   Code   RO         6485    i.pvPortMalloc      heap_4.o
    0x08002b38   0x08002b38   0x00000018   Code   RO         6000    i.pvTaskIncrementMutexHeldCount  tasks.o
    0x08002b50   0x08002b50   0x0000002c   Code   RO         6546    i.pxPortInitialiseStack  port.o
    0x08002b7c   0x08002b7c   0x0000008c   Code   RO          188    i.start_task        main.o
    0x08002c08   0x08002c08   0x000000ac   Code   RO          768    i.uart_init         usart.o
    0x08002cb4   0x08002cb4   0x00000024   Code   RO         5684    i.uxListRemove      list.o
    0x08002cd8   0x08002cd8   0x00000016   Code   RO         5685    i.vListInitialise   list.o
    0x08002cee   0x08002cee   0x00000006   Code   RO         5686    i.vListInitialiseItem  list.o
    0x08002cf4   0x08002cf4   0x00000030   Code   RO         5687    i.vListInsert       list.o
    0x08002d24   0x08002d24   0x00000018   Code   RO         5688    i.vListInsertEnd    list.o
    0x08002d3c   0x08002d3c   0x00000080   Code   RO         6548    i.vPortEnterCritical  port.o
    0x08002dbc   0x08002dbc   0x0000006c   Code   RO         6549    i.vPortExitCritical  port.o
    0x08002e28   0x08002e28   0x000000a4   Code   RO         6486    i.vPortFree         heap_4.o
    0x08002ecc   0x08002ecc   0x00000020   Code   RO         6550    i.vPortSetupTimerInterrupt  port.o
    0x08002eec   0x08002eec   0x00000094   Code   RO         6551    i.vPortValidateInterruptPriority  port.o
    0x08002f80   0x08002f80   0x00000024   Code   RO         5756    i.vQueueAddToRegistry  queue.o
    0x08002fa4   0x08002fa4   0x00000044   Code   RO         5760    i.vQueueWaitForMessageRestricted  queue.o
    0x08002fe8   0x08002fe8   0x00000078   Code   RO         6008    i.vTaskDelay        tasks.o
    0x08003060   0x08003060   0x000000d8   Code   RO         6010    i.vTaskDelete       tasks.o
    0x08003138   0x08003138   0x0000000c   Code   RO         6014    i.vTaskMissedYield  tasks.o
    0x08003144   0x08003144   0x00000060   Code   RO         6016    i.vTaskPlaceOnEventList  tasks.o
    0x080031a4   0x080031a4   0x00000068   Code   RO         6017    i.vTaskPlaceOnEventListRestricted  tasks.o
    0x0800320c   0x0800320c   0x00000084   Code   RO         6019    i.vTaskPriorityInherit  tasks.o
    0x08003290   0x08003290   0x00000054   Code   RO         6023    i.vTaskSetTimeOutState  tasks.o
    0x080032e4   0x080032e4   0x000000a0   Code   RO         6024    i.vTaskStartScheduler  tasks.o
    0x08003384   0x08003384   0x00000010   Code   RO         6026    i.vTaskSuspendAll   tasks.o
    0x08003394   0x08003394   0x00000088   Code   RO         6027    i.vTaskSwitchContext  tasks.o
    0x0800341c   0x0800341c   0x0000011c   Code   RO         6552    i.xPortStartScheduler  port.o
    0x08003538   0x08003538   0x0000002c   Code   RO         6553    i.xPortSysTickHandler  port.o
    0x08003564   0x08003564   0x00000084   Code   RO         5765    i.xQueueGenericCreate  queue.o
    0x080035e8   0x080035e8   0x00000190   Code   RO         5766    i.xQueueGenericReceive  queue.o
    0x08003778   0x08003778   0x000000b4   Code   RO         5767    i.xQueueGenericReset  queue.o
    0x0800382c   0x0800382c   0x00000194   Code   RO         5768    i.xQueueGenericSend  queue.o
    0x080039c0   0x080039c0   0x000000ec   Code   RO         5769    i.xQueueGenericSendFromISR  queue.o
    0x08003aac   0x08003aac   0x00000094   Code   RO         6028    i.xTaskCheckForTimeOut  tasks.o
    0x08003b40   0x08003b40   0x00000056   Code   RO         6029    i.xTaskCreate       tasks.o
    0x08003b96   0x08003b96   0x00000002   PAD
    0x08003b98   0x08003b98   0x0000001c   Code   RO         6033    i.xTaskGetSchedulerState  tasks.o
    0x08003bb4   0x08003bb4   0x0000000c   Code   RO         6034    i.xTaskGetTickCount  tasks.o
    0x08003bc0   0x08003bc0   0x000000f4   Code   RO         6036    i.xTaskIncrementTick  tasks.o
    0x08003cb4   0x08003cb4   0x000000c0   Code   RO         6039    i.xTaskPriorityDisinherit  tasks.o
    0x08003d74   0x08003d74   0x000000a4   Code   RO         6040    i.xTaskRemoveFromEventList  tasks.o
    0x08003e18   0x08003e18   0x000000f0   Code   RO         6042    i.xTaskResumeAll    tasks.o
    0x08003f08   0x08003f08   0x0000007c   Code   RO         6361    i.xTimerCreate      timers.o
    0x08003f84   0x08003f84   0x0000007c   Code   RO         6362    i.xTimerCreateTimerTask  timers.o
    0x08004000   0x08004000   0x00000098   Code   RO         6363    i.xTimerGenericCommand  timers.o
    0x08004098   0x08004098   0x0000002c   Code   RO         6771    locale$$code        c_w.l(lc_numeric_c.o)
    0x080040c4   0x080040c4   0x0000000c   Code   RO         6710    x$fpl$dretinf       fz_wm.l(dretinf.o)
    0x080040d0   0x080040d0   0x00000056   Code   RO         6686    x$fpl$f2d           fz_wm.l(f2d.o)
    0x08004126   0x08004126   0x0000008c   Code   RO         6712    x$fpl$fnaninf       fz_wm.l(fnaninf.o)
    0x080041b2   0x080041b2   0x0000000a   Code   RO         6843    x$fpl$fpinit        fz_wm.l(fpinit.o)
    0x080041bc   0x080041bc   0x00000004   Code   RO         6688    x$fpl$printf1       fz_wm.l(printf1.o)
    0x080041c0   0x080041c0   0x00000000   Code   RO         6714    x$fpl$usenofp       fz_wm.l(usenofp.o)
    0x080041c0   0x080041c0   0x00000094   Data   RO         6742    .constdata          c_w.l(bigflt0.o)
    0x08004254   0x08004254   0x00000020   Data   RO         6914    Region$$Table       anon$$obj.o
    0x08004274   0x08004274   0x0000001c   Data   RO         6770    locale$$data        c_w.l(lc_numeric_c.o)


    Execution Region RW_IRAM1 (Exec base: 0x20000000, Load base: 0x08004290, Size: 0x00014b28, Max: 0x00020000, ABSOLUTE)

    Exec Addr    Load Addr    Size         Type   Attr      Idx    E Section Name        Object

    0x20000000   0x08004290   0x0000000c   Data   RW          189    .data               main.o
    0x2000000c   0x0800429c   0x00000014   Data   RW          296    .data               system_stm32f4xx_1.o
    0x20000020   0x080042b0   0x00000004   Data   RW          590    .data               delay.o
    0x20000024   0x080042b4   0x00000002   Data   RW          770    .data               usart.o
    0x20000026   0x080042b6   0x00000002   PAD
    0x20000028   0x080042b8   0x00000004   Data   RW          771    .data               usart.o
    0x2000002c   0x080042bc   0x00000010   Data   RW         3733    .data               stm32f4xx_rcc.o
    0x2000003c   0x080042cc   0x0000003c   Data   RW         6045    .data               tasks.o
    0x20000078   0x08004308   0x00000014   Data   RW         6371    .data               timers.o
    0x2000008c   0x0800431c   0x00000018   Data   RW         6491    .data               heap_4.o
    0x200000a4   0x08004334   0x0000000c   Data   RW         6554    .data               port.o
    0x200000b0        -       0x000000c8   Zero   RW          769    .bss                usart.o
    0x20000178        -       0x00000040   Zero   RW         5780    .bss                queue.o
    0x200001b8        -       0x000002e4   Zero   RW         6044    .bss                tasks.o
    0x2000049c        -       0x00000028   Zero   RW         6370    .bss                timers.o
    0x200004c4        -       0x00014000   Zero   RW         6490    .bss                heap_4.o
    0x200144c4        -       0x00000060   Zero   RW         6780    .bss                c_w.l(libspace.o)
    0x20014524   0x08004340   0x00000004   PAD
    0x20014528        -       0x00000200   Zero   RW         5675    HEAP                startup_stm32f40_41xxx.o
    0x20014728        -       0x00000400   Zero   RW         5674    STACK               startup_stm32f40_41xxx.o


==============================================================================

Image component sizes


      Code (inc. data)   RO Data    RW Data    ZI Data      Debug   Object Name

       358         28          0          0          0       3243   aht20.o
       176         76          0          0          0     272711   app.o
       184         14          0          4          0       2609   delay.o
       600        154          0         24      81920       4275   heap_4.o
       608         70          0          0          0       4614   iic.o
        64          6          0          0          0        543   led.o
       136          0          0          0          0       4822   list.o
       280         80          0         12          0       2426   main.o
       144         14          0          0          0       2217   misc.o
      1078        422          0         12          0      11149   port.o
      1904        308          0          0         64      24213   queue.o
        64         26        392          0       1536        876   startup_stm32f40_41xxx.o
       156          0          0          0          0       2426   stm32f4xx_gpio.o
        12          0          0          0          0       2821   stm32f4xx_it.o
       192         24          0         16          0       4246   stm32f4xx_rcc.o
       310          8          0          0          0       4602   stm32f4xx_usart.o
       272         36          0         20          0       1845   system_stm32f4xx_1.o
      2914        826          0         60        740      33047   tasks.o
      1180        294          0         20         40      10318   timers.o
       294         26          0          6        200       4356   usart.o

    ----------------------------------------------------------------------
     10938       2412        424        176      84500     397359   Object Totals
         0          0         32          0          0          0   (incl. Generated)
        12          0          0          2          0          0   (incl. Padding)

    ----------------------------------------------------------------------

      Code (inc. data)   RO Data    RW Data    ZI Data      Debug   Library Member Name

         8          0          0          0          0         68   __main.o
       284          0          0          0          0        156   __printf_wp.o
         0          0          0          0          0          0   __rtentry.o
        12          0          0          0          0          0   __rtentry2.o
         6          0          0          0          0          0   __rtentry4.o
        52          8          0          0          0          0   __scatter.o
        26          0          0          0          0          0   __scatter_copy.o
        28          0          0          0          0          0   __scatter_zi.o
        44          0          0          0          0        108   _printf_char.o
        48          6          0          0          0         96   _printf_char_common.o
        36          4          0          0          0         80   _printf_char_file.o
         6          0          0          0          0          0   _printf_d.o
       120         16          0          0          0         92   _printf_dec.o
         6          0          0          0          0          0   _printf_f.o
      1054          0          0          0          0        216   _printf_fp_dec.o
       128         16          0          0          0         84   _printf_fp_infnan.o
       178          0          0          0          0         88   _printf_intcommon.o
         0          0          0          0          0          0   _printf_percent.o
         4          0          0          0          0          0   _printf_percent_end.o
         6          0          0          0          0          0   _printf_s.o
        82          0          0          0          0         80   _printf_str.o
        16          0          0          0          0         68   aeabi_memset.o
       228          4        148          0          0         96   bigflt0.o
      1936        128          0          0          0        672   btod.o
        18          0          0          0          0         80   exit.o
         8          0          0          0          0         68   ferror.o
         6          0          0          0          0        152   heapauxi.o
        44         10         28          0          0         76   lc_numeric_c.o
         2          0          0          0          0          0   libinit.o
        22          0          0          0          0          0   libinit2.o
         2          0          0          0          0          0   libshutdown.o
         2          0          0          0          0          0   libshutdown2.o
         8          4          0          0         96         68   libspace.o
       138          0          0          0          0         80   lludiv10.o
        24          4          0          0          0         84   noretval__2printf.o
         8          4          0          0          0         68   rt_locale_intlibspace.o
        68          0          0          0          0         68   rt_memclr.o
        78          0          0          0          0         80   rt_memclr_w.o
       138          0          0          0          0         68   rt_memcpy_v6.o
       100          0          0          0          0         80   rt_memcpy_w.o
         2          0          0          0          0          0   rtexit.o
        10          0          0          0          0          0   rtexit2.o
       128          0          0          0          0         68   strcmpv7m.o
        74          0          0          0          0         80   sys_stackheap_outer.o
         2          0          0          0          0         68   use_no_semi.o
         2          0          0          0          0         68   use_no_semi_2.o
        12          0          0          0          0        116   dretinf.o
        86          4          0          0          0        132   f2d.o
       140          4          0          0          0        132   fnaninf.o
        10          0          0          0          0        116   fpinit.o
         4          0          0          0          0        116   printf1.o
         0          0          0          0          0          0   usenofp.o
        48          0          0          0          0        124   fpclassify.o

    ----------------------------------------------------------------------
      5502        212        176          0        100       3896   Library Totals
        10          0          0          0          4          0   (incl. Padding)

    ----------------------------------------------------------------------

      Code (inc. data)   RO Data    RW Data    ZI Data      Debug   Library Name

      5192        204        176          0         96       3160   c_w.l
       252          8          0          0          0        612   fz_wm.l
        48          0          0          0          0        124   m_wm.l

    ----------------------------------------------------------------------
      5502        212        176          0        100       3896   Library Totals

    ----------------------------------------------------------------------

==============================================================================


      Code (inc. data)   RO Data    RW Data    ZI Data      Debug   

     16440       2624        600        176      84600     388187   Grand Totals
     16440       2624        600        176      84600     388187   ELF Image Totals
     16440       2624        600        176          0          0   ROM Totals

==============================================================================

    Total RO  Size (Code + RO Data)                17040 (  16.64kB)
    Total RW  Size (RW Data + ZI Data)             84776 (  82.79kB)
    Total ROM Size (Code + RO Data + RW Data)      17216 (  16.81kB)

==============================================================================

