Component: ARM Compiler 5.06 update 5 (build 528) Tool: armlink [4d35e2]

==============================================================================

Section Cross References

    main.o(i.main) refers to misc.o(i.NVIC_PriorityGroupConfig) for NVIC_PriorityGroupConfig
    main.o(i.main) refers to delay.o(i.delay_init) for delay_init
    main.o(i.main) refers to usart.o(i.uart_init) for uart_init
    main.o(i.main) refers to led.o(i.LED_Init) for LED_Init
    main.o(i.main) refers to flash.o(i.Flash_Init) for Flash_Init
    main.o(i.main) refers to flash.o(i.Flash_LoadSystemState) for Flash_LoadSystemState
    main.o(i.main) refers to w25q128.o(i.W25Q128_Init) for W25Q128_Init
    main.o(i.main) refers to ota.o(i.OTA_Init) for OTA_Init
    main.o(i.main) refers to ota.o(i.OTA_ConfirmStartup) for OTA_ConfirmStartup
    main.o(i.main) refers to uart4.o(i.UART4_MQTT_Init) for UART4_MQTT_Init
    main.o(i.main) refers to tasksinit.o(i.User_Tasks_Init) for User_Tasks_Init
    main.o(i.main) refers to tasks.o(i.vTaskStartScheduler) for vTaskStartScheduler
    main.o(i.vApplicationStackOverflowHook) refers to _printf_percent.o(.ARM.Collect$$_printf_percent$$00000000) for _printf_percent
    main.o(i.vApplicationStackOverflowHook) refers to _printf_s.o(.ARM.Collect$$_printf_percent$$00000014) for _printf_s
    main.o(i.vApplicationStackOverflowHook) refers to _printf_str.o(.text) for _printf_str
    main.o(i.vApplicationStackOverflowHook) refers to __2printf.o(.text) for __2printf
    version.o(i.Version_GetFullInfo) refers to _printf_percent.o(.ARM.Collect$$_printf_percent$$00000000) for _printf_percent
    version.o(i.Version_GetFullInfo) refers to _printf_s.o(.ARM.Collect$$_printf_percent$$00000014) for _printf_s
    version.o(i.Version_GetFullInfo) refers to _printf_str.o(.text) for _printf_str
    version.o(i.Version_GetFullInfo) refers to __2snprintf.o(.text) for __2snprintf
    version.o(i.Version_GetFullInfo) refers to version.o(.bss) for .bss
    system_stm32f4xx_1.o(i.SystemCoreClockUpdate) refers to system_stm32f4xx_1.o(.data) for .data
    system_stm32f4xx_1.o(i.SystemInit) refers to system_stm32f4xx_1.o(i.SetSysClock) for SetSysClock
    tasksinit.o(i.User_Tasks_Init) refers to __2printf.o(.text) for __2printf
    tasksinit.o(i.User_Tasks_Init) refers to queue.o(i.xQueueGenericCreate) for xQueueGenericCreate
    tasksinit.o(i.User_Tasks_Init) refers to gpstask.o(i.GPS_TaskInit) for GPS_TaskInit
    tasksinit.o(i.User_Tasks_Init) refers to tasks.o(i.xTaskCreate) for xTaskCreate
    tasksinit.o(i.User_Tasks_Init) refers to ota.o(i.OTA_RegisterTasks) for OTA_RegisterTasks
    tasksinit.o(i.User_Tasks_Init) refers to tasksinit.o(.data) for .data
    tasksinit.o(i.User_Tasks_Init) refers to hardwareinittask.o(i.HardwareInitTask) for HardwareInitTask
    tasksinit.o(i.User_Tasks_Init) refers to acqtask.o(i.Acquisition_Task) for Acquisition_Task
    tasksinit.o(i.User_Tasks_Init) refers to uploadtask.o(i.Upload_Task) for Upload_Task
    tasksinit.o(i.User_Tasks_Init) refers to tftask.o(i.TF_Task) for TF_Task
    tasksinit.o(i.User_Tasks_Init) refers to oledtask.o(i.OledTask) for OledTask
    tasksinit.o(i.User_Tasks_Init) refers to commandtask.o(i.Command_Task) for Command_Task
    tasksinit.o(i.User_Tasks_Init) refers to gpstask.o(i.GPS_Task) for GPS_Task
    tasksinit.o(i.User_Tasks_Init) refers to heartbeattask.o(i.Heartbeat_Task) for Heartbeat_Task
    hardwareinittask.o(i.HardwareInitTask) refers to tasks.o(i.vTaskSuspendAll) for vTaskSuspendAll
    hardwareinittask.o(i.HardwareInitTask) refers to __2printf.o(.text) for __2printf
    hardwareinittask.o(i.HardwareInitTask) refers to rs485.o(i.rs485_init) for rs485_init
    hardwareinittask.o(i.HardwareInitTask) refers to tasks.o(i.xTaskResumeAll) for xTaskResumeAll
    hardwareinittask.o(i.HardwareInitTask) refers to self_exam.o(i.SelfExam_Init) for SelfExam_Init
    hardwareinittask.o(i.HardwareInitTask) refers to tasks.o(i.vTaskDelete) for vTaskDelete
    hardwareinittask.o(i.HardwareInitTask) refers to wqinterface.o(.data) for WQInterface
    hardwareinittask.o(i.HardwareInitTask) refers to gpstask.o(i.GPSTask_RxCallback) for GPSTask_RxCallback
    acqtask.o(i.Acquisition_GetFrequency) refers to acqtask.o(.data) for .data
    acqtask.o(i.Acquisition_Init) refers to queue.o(i.xQueueCreateMutex) for xQueueCreateMutex
    acqtask.o(i.Acquisition_Init) refers to __2printf.o(.text) for __2printf
    acqtask.o(i.Acquisition_Init) refers to acqtask.o(.data) for .data
    acqtask.o(i.Acquisition_SetChannelState) refers to _printf_percent.o(.ARM.Collect$$_printf_percent$$00000000) for _printf_percent
    acqtask.o(i.Acquisition_SetChannelState) refers to _printf_d.o(.ARM.Collect$$_printf_percent$$00000009) for _printf_d
    acqtask.o(i.Acquisition_SetChannelState) refers to _printf_dec.o(.text) for _printf_int_dec
    acqtask.o(i.Acquisition_SetChannelState) refers to __2printf.o(.text) for __2printf
[...]
    vTaskDelete                              0x0808cc35   Thumb Code   152  tasks.o(i.vTaskDelete)
    vTaskMissedYield                         0x0808cd0d   Thumb Code     8  tasks.o(i.vTaskMissedYield)
    vTaskPlaceOnEventList                    0x0808cd19   Thumb Code    44  tasks.o(i.vTaskPlaceOnEventList)
    vTaskPlaceOnEventListRestricted          0x0808cd79   Thumb Code    52  tasks.o(i.vTaskPlaceOnEventListRestricted)
    vTaskPriorityInherit                     0x0808cde1   Thumb Code   124  tasks.o(i.vTaskPriorityInherit)
    vTaskSetTimeOutState                     0x0808ce65   Thumb Code    30  tasks.o(i.vTaskSetTimeOutState)
    vTaskStartScheduler                      0x0808ceb9   Thumb Code    96  tasks.o(i.vTaskStartScheduler)
    vTaskSuspend                             0x0808cf59   Thumb Code   154  tasks.o(i.vTaskSuspend)
    vTaskSuspendAll                          0x0808d035   Thumb Code    10  tasks.o(i.vTaskSuspendAll)
    vTaskSwitchContext                       0x0808d045   Thumb Code   122  tasks.o(i.vTaskSwitchContext)
    xPortStartScheduler                      0x0808d11d   Thumb Code   196  port.o(i.xPortStartScheduler)
    xPortSysTickHandler                      0x0808d239   Thumb Code    38  port.o(i.xPortSysTickHandler)
    xQueueCreateMutex                        0x0808d265   Thumb Code    36  queue.o(i.xQueueCreateMutex)
    xQueueGenericCreate                      0x0808d289   Thumb Code    82  queue.o(i.xQueueGenericCreate)
    xQueueGenericReceive                     0x0808d30d   Thumb Code   348  queue.o(i.xQueueGenericReceive)
    xQueueGenericReset                       0x0808d49d   Thumb Code   128  queue.o(i.xQueueGenericReset)
    xQueueGenericSend                        0x0808d551   Thumb Code   350  queue.o(i.xQueueGenericSend)
    xQueueGenericSendFromISR                 0x0808d6e5   Thumb Code   188  queue.o(i.xQueueGenericSendFromISR)
    xQueueGiveFromISR                        0x0808d7d1   Thumb Code   162  queue.o(i.xQueueGiveFromISR)
    xTaskCheckForTimeOut                     0x0808d8a5   Thumb Code    94  tasks.o(i.xTaskCheckForTimeOut)
    xTaskCreate                              0x0808d939   Thumb Code    86  tasks.o(i.xTaskCreate)
    xTaskGetSchedulerState                   0x0808d991   Thumb Code    22  tasks.o(i.xTaskGetSchedulerState)
    xTaskGetTickCount                        0x0808d9ad   Thumb Code     6  tasks.o(i.xTaskGetTickCount)
    xTaskGetTickCountFromISR                 0x0808d9b9   Thumb Code    12  tasks.o(i.xTaskGetTickCountFromISR)
    xTaskIncrementTick                       0x0808d9c9   Thumb Code   188  tasks.o(i.xTaskIncrementTick)
    xTaskPriorityDisinherit                  0x0808dabd   Thumb Code   136  tasks.o(i.xTaskPriorityDisinherit)
    xTaskRemoveFromEventList                 0x0808db7d   Thumb Code   102  tasks.o(i.xTaskRemoveFromEventList)
    xTaskResumeAll                           0x0808dc21   Thumb Code   180  tasks.o(i.xTaskResumeAll)
    xTimerCreate                             0x0808dd11   Thumb Code    74  timers.o(i.xTimerCreate)
    xTimerCreateTimerTask                    0x0808dd8d   Thumb Code    58  timers.o(i.xTimerCreateTimerTask)
    xTimerGenericCommand                     0x0808de09   Thumb Code    98  timers.o(i.xTimerGenericCommand)
    y4000_read                               0x0808dea1   Thumb Code    82  y4000.o(i.y4000_read)
    _get_lc_ctype                            0x0808def5   Thumb Code    44  lc_ctype_c.o(locale$$code)
    _get_lc_numeric                          0x0808df21   Thumb Code    44  lc_numeric_c.o(locale$$code)
    __aeabi_ddiv                             0x0808df4d   Thumb Code     0  ddiv.o(x$fpl$ddiv)
    _ddiv                                    0x0808df4d   Thumb Code   552  ddiv.o(x$fpl$ddiv)
    __aeabi_d2iz                             0x0808e1fd   Thumb Code     0  dfix.o(x$fpl$dfix)
    _dfix                                    0x0808e1fd   Thumb Code    94  dfix.o(x$fpl$dfix)
    __aeabi_i2d                              0x0808e25b   Thumb Code     0  dflt_clz.o(x$fpl$dflt)
    _dflt                                    0x0808e25b   Thumb Code    46  dflt_clz.o(x$fpl$dflt)
    __aeabi_dmul                             0x0808e289   Thumb Code     0  dmul.o(x$fpl$dmul)
    _dmul                                    0x0808e289   Thumb Code   332  dmul.o(x$fpl$dmul)
    __fpl_dnaninf                            0x0808e3dd   Thumb Code   156  dnaninf.o(x$fpl$dnaninf)
    __fpl_dretinf                            0x0808e479   Thumb Code    12  dretinf.o(x$fpl$dretinf)
    __aeabi_f2d                              0x0808e485   Thumb Code     0  f2d.o(x$fpl$f2d)
    _f2d                                     0x0808e485   Thumb Code    86  f2d.o(x$fpl$f2d)
    __fpl_fnaninf                            0x0808e4db   Thumb Code   140  fnaninf.o(x$fpl$fnaninf)
    _fp_init                                 0x0808e567   Thumb Code    10  fpinit.o(x$fpl$fpinit)
    __fplib_config_fpu_vfp                   0x0808e56f   Thumb Code     0  fpinit.o(x$fpl$fpinit)
    __fplib_config_pureend_doubles           0x0808e56f   Thumb Code     0  fpinit.o(x$fpl$fpinit)
    _printf_fp_dec                           0x0808e571   Thumb Code     4  printf1.o(x$fpl$printf1)
    __I$use$fp                               0x0808e574   Number         0  usenofp.o(x$fpl$usenofp)
    u8g2_font_ncenB08_tf                     0x0808e9ac   Data        2465  u8g2_fonts.o(.constdata)
    u8g2_font_ncenB12_tf                     0x0808f34d   Data        3863  u8g2_fonts.o(.constdata)
    u8g2_font_inb21_mf                       0x08090264   Data        7872  u8g2_fonts.o(.constdata)
    u8g2_font_5x7_tf                         0x08092124   Data        1612  u8g2_fonts.o(.constdata)
    u8g2_cb_r0                               0x08092770   Data          12  u8g2_setup.o(.constdata)
    Region$$Table$$Base                      0x08092b34   Number         0  anon$$obj.o(Region$$Table)
    Region$$Table$$Limit                     0x08092b54   Number         0  anon$$obj.o(Region$$Table)
    __ctype                                  0x08092b61   Data           0  lc_ctype_c.o(locale$$data)
    SystemCoreClock                          0x20000000   Data           4  system_stm32f4xx_1.o(.data)
    AHBPrescTable                            0x20000004   Data          16  system_stm32f4xx_1.o(.data)
    AcqTaskHandle                            0x20000014   Data           4  tasksinit.o(.data)
    UploadTaskHandle                         0x20000018   Data           4  tasksinit.o(.data)
    TFTaskHandle                             0x2000001c   Data           4  tasksinit.o(.data)
    OledTaskHandle                           0x20000020   Data           4  tasksinit.o(.data)
    CmdTaskHandle                            0x20000024   Data           4  tasksinit.o(.data)
    GpsTaskHandle                            0x20000028   Data           4  tasksinit.o(.data)
    HeartbeatTaskHandle                      0x2000002c   Data           4  tasksinit.o(.data)
    xUartRxQueue                             0x20000030   Data           4  tasksinit.o(.data)
    g_acquisition_frequency                  0x20000034   Data           2  acqtask.o(.data)
    g_acquisition_data_mutex                 0x20000038   Data           4  acqtask.o(.data)
    g_upload_frequency                       0x2000003e   Data           2  uploadtask.o(.data)
    WQInterface                              0x200000a8   Data         144  wqinterface.o(.data)
    COMMAND                                  0x20000140   Data           4  oled.o(.data)
    battery                                  0x20000144   Data           1  voltage.o(.data)
    voltage_percentage                       0x20000148   Data           4  voltage.o(.data)
    USART_RX_STA                             0x20000194   Data           2  usart.o(.data)
    __stdout                                 0x20000198   Data           4  usart.o(.data)
    TransferError                            0x200001bb   Data           1  sdio_sdcard.o(.data)
    TransferEnd                              0x200001bc   Data           1  sdio_sdcard.o(.data)
    tempbuff                                 0x200001c4   Data           4  sdio_sdcard.o(.data)
    pxCurrentTCB                             0x200001d8   Data           4  tasks.o(.data)
    g_latest_acquisition_data                0x20000260   Data          92  acqtask.o(.bss)
    u8g2                                     0x20000d34   Data         148  oled.o(.bss)
    USART_RX_BUF                             0x20001ef8   Data         200  usart.o(.bss)
    SDIO_InitStructure                       0x20003420   Data          24  sdio_sdcard.o(.bss)
    SDIO_CmdInitStructure                    0x20003438   Data          20  sdio_sdcard.o(.bss)
    SDIO_DataInitStructure                   0x2000344c   Data          24  sdio_sdcard.o(.bss)
    SDCardInfo                               0x20003488   Data          88  sdio_sdcard.o(.bss)
    SDIO_DATA_BUFFER                         0x200034e0   Data         512  sdio_sdcard.o(.bss)
    xQueueRegistry                           0x200036e0   Data          64  queue.o(.bss)
    __libspace_start                         0x20017e2c   Data          96  libspace.o(.bss)
    __temporary_stack_top$libspace           0x20017e8c   Data           0  libspace.o(.bss)



==============================================================================

Memory Map of the image

  Image Entry point : 0x08080189

  Load Region LR_IROM1 (Base: 0x08080000, Size: 0x00012ee0, Max: 0x00080000, ABSOLUTE, COMPRESSED[0x00012d20])

    Execution Region ER_IROM1 (Exec base: 0x08080000, Load base: 0x08080000, Size: 0x00012c80, Max: 0x00080000, ABSOLUTE)

    Exec Addr    Load Addr    Size         Type   Attr      Idx    E Section Name        Object

    0x08080000   0x08080000   0x00000188   Data   RO         7480    RESET               startup_stm32f40_41xxx.o
    0x08080188   0x08080188   0x00000008   Code   RO        11429  * !!!main             c_w.l(__main.o)
    0x08080190   0x08080190   0x00000034   Code   RO        11705    !!!scatter          c_w.l(__scatter.o)
    0x080801c4   0x080801c4   0x0000005a   Code   RO        11703    !!dczerorl2         c_w.l(__dczerorl2.o)
    0x0808021e   0x0808021e   0x00000002   PAD
    0x08080220   0x08080220   0x0000001c   Code   RO        11707    !!handler_zi        c_w.l(__scatter_zi.o)
    0x0808023c   0x0808023c   0x00000000   Code   RO        11398    .ARM.Collect$$_printf_percent$$00000000  c_w.l(_printf_percent.o)
    0x0808023c   0x0808023c   0x00000006   Code   RO        11397    .ARM.Collect$$_printf_percent$$00000003  c_w.l(_printf_f.o)
    0x08080242   0x08080242   0x00000006   Code   RO        11395    .ARM.Collect$$_printf_percent$$00000009  c_w.l(_printf_d.o)
    0x08080248   0x08080248   0x00000006   Code   RO        11396    .ARM.Collect$$_printf_percent$$0000000A  c_w.l(_printf_u.o)
    0x0808024e   0x0808024e   0x00000006   Code   RO        11394    .ARM.Collect$$_printf_percent$$0000000C  c_w.l(_printf_x.o)
    0x08080254   0x08080254   0x00000006   Code   RO        11393    .ARM.Collect$$_printf_percent$$00000014  c_w.l(_printf_s.o)
    0x0808025a   0x0808025a   0x00000004   Code   RO        11477    .ARM.Collect$$_printf_percent$$00000017  c_w.l(_printf_percent_end.o)
    0x0808025e   0x0808025e   0x00000002   Code   RO        11576    .ARM.Collect$$libinit$$00000000  c_w.l(libinit.o)
    0x08080260   0x08080260   0x00000004   Code   RO        11577    .ARM.Collect$$libinit$$00000001  c_w.l(libinit2.o)
    0x08080264   0x08080264   0x00000000   Code   RO        11580    .ARM.Collect$$libinit$$00000004  c_w.l(libinit2.o)
    0x08080264   0x08080264   0x00000000   Code   RO        11583    .ARM.Collect$$libinit$$0000000A  c_w.l(libinit2.o)
    0x08080264   0x08080264   0x00000000   Code   RO        11585    .ARM.Collect$$libinit$$0000000C  c_w.l(libinit2.o)
    0x08080264   0x08080264   0x00000000   Code   RO        11587    .ARM.Collect$$libinit$$0000000E  c_w.l(libinit2.o)
    0x08080264   0x08080264   0x00000006   Code   RO        11588    .ARM.Collect$$libinit$$0000000F  c_w.l(libinit2.o)
    0x0808026a   0x0808026a   0x00000000   Code   RO        11590    .ARM.Collect$$libinit$$00000011  c_w.l(libinit2.o)
    0x0808026a   0x0808026a   0x0000000c   Code   RO        11591    .ARM.Collect$$libinit$$00000012  c_w.l(libinit2.o)
    0x08080276   0x08080276   0x00000000   Code   RO        11592    .ARM.Collect$$libinit$$00000013  c_w.l(libinit2.o)
    0x08080276   0x08080276   0x00000000   Code   RO        11594    .ARM.Collect$$libinit$$00000015  c_w.l(libinit2.o)
    0x08080276   0x08080276   0x0000000a   Code   RO        11595    .ARM.Collect$$libinit$$00000016  c_w.l(libinit2.o)
    0x08080280   0x08080280   0x00000000   Code   RO        11596    .ARM.Collect$$libinit$$00000017  c_w.l(libinit2.o)
    0x08080280   0x08080280   0x00000000   Code   RO        11598    .ARM.Collect$$libinit$$00000019  c_w.l(libinit2.o)
    0x08080280   0x08080280   0x00000000   Code   RO        11600    .ARM.Collect$$libinit$$0000001B  c_w.l(libinit2.o)
    0x08080280   0x08080280   0x00000000   Code   RO        11602    .ARM.Collect$$libinit$$0000001D  c_w.l(libinit2.o)
    0x08080280   0x08080280   0x00000000   Code   RO        11604    .ARM.Collect$$libinit$$0000001F  c_w.l(libinit2.o)
    0x08080280   0x08080280   0x00000000   Code   RO        11606    .ARM.Collect$$libinit$$00000021  c_w.l(libinit2.o)
    0x08080280   0x08080280   0x00000000   Code   RO        11608    .ARM.Collect$$libinit$$00000023  c_w.l(libinit2.o)
    0x08080280   0x08080280   0x00000000   Code   RO        11610    .ARM.Collect$$libinit$$00000025  c_w.l(libinit2.o)
    0x08080280   0x08080280   0x00000000   Code   RO        11614    .ARM.Collect$$libinit$$0000002C  c_w.l(libinit2.o)
    0x08080280   0x08080280   0x00000000   Code   RO        11616    .ARM.Collect$$libinit$$0000002E  c_w.l(libinit2.o)
    0x08080280   0x08080280   0x00000000   Code   RO        11618    .ARM.Collect$$libinit$$00000030  c_w.l(libinit2.o)
    0x08080280   0x08080280   0x00000000   Code   RO        11620    .ARM.Collect$$libinit$$00000032  c_w.l(libinit2.o)
    0x08080280   0x08080280   0x00000002   Code   RO        11621    .ARM.Collect$$libinit$$00000033  c_w.l(libinit2.o)
    0x08080282   0x08080282   0x00000002   Code   RO        11663    .ARM.Collect$$libshutdown$$00000000  c_w.l(libshutdown.o)
    0x08080284   0x08080284   0x00000000   Code   RO        11672    .ARM.Collect$$libshutdown$$00000002  c_w.l(libshutdown2.o)
    0x08080284   0x08080284   0x00000000   Code   RO        11674    .ARM.Collect$$libshutdown$$00000004  c_w.l(libshutdown2.o)
    0x08080284   0x08080284   0x00000000   Code   RO        11677    .ARM.Collect$$libshutdown$$00000007  c_w.l(libshutdown2.o)
    0x08080284   0x08080284   0x00000000   Code   RO        11680    .ARM.Collect$$libshutdown$$0000000A  c_w.l(libshutdown2.o)
    0x08080284   0x08080284   0x00000000   Code   RO        11682    .ARM.Collect$$libshutdown$$0000000C  c_w.l(libshutdown2.o)
    0x08080284   0x08080284   0x00000000   Code   RO        11685    .ARM.Collect$$libshutdown$$0000000F  c_w.l(libshutdown2.o)
    0x08080284   0x08080284   0x00000002   Code   RO        11686    .ARM.Collect$$libshutdown$$00000010  c_w.l(libshutdown2.o)
    0x08080286   0x08080286   0x00000000   Code   RO        11453    .ARM.Collect$$rtentry$$00000000  c_w.l(__rtentry.o)
    0x08080286   0x08080286   0x00000000   Code   RO        11493    .ARM.Collect$$rtentry$$00000002  c_w.l(__rtentry2.o)
    0x08080286   0x08080286   0x00000006   Code   RO        11505    .ARM.Collect$$rtentry$$00000004  c_w.l(__rtentry4.o)
    0x0808028c   0x0808028c   0x00000000   Code   RO        11495    .ARM.Collect$$rtentry$$00000009  c_w.l(__rtentry2.o)
    0x0808028c   0x0808028c   0x00000004   Code   RO        11496    .ARM.Collect$$rtentry$$0000000A  c_w.l(__rtentry2.o)
    0x08080290   0x08080290   0x00000000   Code   RO        11498    .ARM.Collect$$rtentry$$0000000C  c_w.l(__rtentry2.o)
    0x08080290   0x08080290   0x00000008   Code   RO        11499    .ARM.Collect$$rtentry$$0000000D  c_w.l(__rtentry2.o)
    0x08080298   0x08080298   0x00000002   Code   RO        11622    .ARM.Collect$$rtexit$$00000000  c_w.l(rtexit.o)
    0x0808029a   0x0808029a   0x00000000   Code   RO        11633    .ARM.Collect$$rtexit$$00000002  c_w.l(rtexit2.o)
    0x0808029a   0x0808029a   0x00000004   Code   RO        11634    .ARM.Collect$$rtexit$$00000003  c_w.l(rtexit2.o)
    0x0808029e   0x0808029e   0x00000006   Code   RO        11635    .ARM.Collect$$rtexit$$00000004  c_w.l(rtexit2.o)
    0x080802a4   0x080802a4   0x00000010   Code   RO         1980    .emb_text           sys.o
    0x080802b4   0x080802b4   0x000000b6   Code   RO         8345    .emb_text           port.o
    0x0808036a   0x0808036a   0x00000002   PAD
    0x0808036c   0x0808036c   0x00000040   Code   RO         7481    .text               startup_stm32f40_41xxx.o
    0x080803ac   0x080803ac   0x00000002   Code   RO        11327    .text               c_w.l(use_no_semi_2.o)
    0x080803ae   0x080803ae   0x00000048   Code   RO        11329    .text               c_w.l(llsdiv.o)
    0x080803f6   0x080803f6   0x00000002   PAD
    0x080803f8   0x080803f8   0x00000018   Code   RO        11331    .text               c_w.l(__2printf.o)
    0x08080410   0x08080410   0x0000002c   Code   RO        11333    .text               c_w.l(__2sprintf.o)
    0x0808043c   0x0808043c   0x00000038   Code   RO        11335    .text               c_w.l(__2snprintf.o)
    0x08080474   0x08080474   0x0000004e   Code   RO        11345    .text               c_w.l(_printf_pad.o)
    0x080804c2   0x080804c2   0x00000052   Code   RO        11347    .text               c_w.l(_printf_str.o)
    0x08080514   0x08080514   0x00000078   Code   RO        11349    .text               c_w.l(_printf_dec.o)
    0x0808058c   0x0808058c   0x00000058   Code   RO        11354    .text               c_w.l(_printf_hex_int.o)
    0x080805e4   0x080805e4   0x00000188   Code   RO        11389    .text               c_w.l(__printf_flags_ss_wp.o)
    0x0808076c   0x0808076c   0x0000001a   Code   RO        11399    .text               c_w.l(atoi.o)
    0x08080786   0x08080786   0x00000072   Code   RO        11401    .text               c_w.l(strtoul.o)
    0x080807f8   0x080807f8   0x00000014   Code   RO        11403    .text               c_w.l(strchr.o)
    0x0808080c   0x0808080c   0x00000024   Code   RO        11405    .text               c_w.l(strstr.o)
    0x08080830   0x08080830   0x00000048   Code   RO        11407    .text               c_w.l(strcpy.o)
    0x08080878   0x08080878   0x00000016   Code   RO        11409    .text               c_w.l(strrchr.o)
    0x0808088e   0x0808088e   0x0000003e   Code   RO        11411    .text               c_w.l(strlen.o)
    0x080808cc   0x080808cc   0x00000096   Code   RO        11413    .text               c_w.l(strncmp.o)
    0x08080962   0x08080962   0x0000008a   Code   RO        11415    .text               c_w.l(rt_memcpy_v6.o)
    0x080809ec   0x080809ec   0x00000064   Code   RO        11417    .text               c_w.l(rt_memcpy_w.o)
    0x08080a50   0x08080a50   0x00000010   Code   RO        11419    .text               c_w.l(aeabi_memset.o)
    0x08080a60   0x08080a60   0x00000044   Code   RO        11421    .text               c_w.l(rt_memclr.o)
    0x08080aa4   0x08080aa4   0x0000004e   Code   RO        11423    .text               c_w.l(rt_memclr_w.o)
    0x08080af2   0x08080af2   0x00000056   Code   RO        11425    .text               c_w.l(strncpy.o)
    0x08080b48   0x08080b48   0x00000006   Code   RO        11427    .text               c_w.l(heapauxi.o)
    0x08080b4e   0x08080b4e   0x00000002   Code   RO        11451    .text               c_w.l(use_no_semi.o)
    0x08080b50   0x08080b50   0x00000010   Code   RO        11454    .text               c_w.l(rt_ctype_table.o)
    0x08080b60   0x08080b60   0x00000008   Code   RO        11459    .text               c_w.l(rt_errno_addr_intlibspace.o)
    0x08080b68   0x08080b68   0x000000ee   Code   RO        11461    .text               c_w.l(lludivv7m.o)
    0x08080c56   0x08080c56   0x000000b2   Code   RO        11463    .text               c_w.l(_printf_intcommon.o)
    0x08080d08   0x08080d08   0x0000041e   Code   RO        11465    .text               c_w.l(_printf_fp_dec.o)
    0x08081126   0x08081126   0x00000002   PAD
    0x08081128   0x08081128   0x00000030   Code   RO        11467    .text               c_w.l(_printf_char_common.o)
    0x08081158   0x08081158   0x0000000a   Code   RO        11469    .text               c_w.l(_sputc.o)
    0x08081162   0x08081162   0x00000010   Code   RO        11471    .text               c_w.l(_snputc.o)
    0x08081172   0x08081172   0x0000002c   Code   RO        11473    .text               c_w.l(_printf_char.o)
    0x0808119e   0x0808119e   0x00000002   PAD
    0x080811a0   0x080811a0   0x00000024   Code   RO        11475    .text               c_w.l(_printf_char_file.o)
    0x080811c4   0x080811c4   0x0000009e   Code   RO        11478    .text               c_w.l(_strtoul.o)
    0x08081262   0x08081262   0x00000070   Code   RO        11480    .text               c_w.l(strtol.o)
    0x080812d2   0x080812d2   0x00000002   PAD
    0x080812d4   0x080812d4   0x00000008   Code   RO        11489    .text               c_w.l(libspace.o)
    0x080812dc   0x080812dc   0x00000008   Code   RO        11514    .text               c_w.l(rt_locale_intlibspace.o)
    0x080812e4   0x080812e4   0x0000008a   Code   RO        11516    .text               c_w.l(lludiv10.o)
    0x0808136e   0x0808136e   0x00000002   PAD
    0x08081370   0x08081370   0x00000080   Code   RO        11518    .text               c_w.l(_printf_fp_infnan.o)
    0x080813f0   0x080813f0   0x0000001c   Code   RO        11522    .text               c_w.l(_chval.o)
    0x0808140c   0x0808140c   0x000000e4   Code   RO        11524    .text               c_w.l(bigflt0.o)
    0x080814f0   0x080814f0   0x00000008   Code   RO        11549    .text               c_w.l(ferror.o)
    0x080814f8   0x080814f8   0x0000004a   Code   RO        11563    .text               c_w.l(sys_stackheap_outer.o)
    0x08081542   0x08081542   0x00000012   Code   RO        11567    .text               c_w.l(exit.o)
    0x08081554   0x08081554   0x00000080   Code   RO        11569    .text               c_w.l(strcmpv7m.o)
    0x080815d4   0x080815d4   0x0000003e   Code   RO        11527    CL$$btod_d2e        c_w.l(btod.o)
    0x08081612   0x08081612   0x00000046   Code   RO        11529    CL$$btod_d2e_denorm_low  c_w.l(btod.o)
    0x08081658   0x08081658   0x00000060   Code   RO        11528    CL$$btod_d2e_norm_op1  c_w.l(btod.o)
    0x080816b8   0x080816b8   0x00000338   Code   RO        11537    CL$$btod_div_common  c_w.l(btod.o)
    0x080819f0   0x080819f0   0x000000dc   Code   RO        11534    CL$$btod_e2e        c_w.l(btod.o)
    0x08081acc   0x08081acc   0x0000002a   Code   RO        11531    CL$$btod_ediv       c_w.l(btod.o)
    0x08081af6   0x08081af6   0x0000002a   Code   RO        11530    CL$$btod_emul       c_w.l(btod.o)
    0x08081b20   0x08081b20   0x00000244   Code   RO        11536    CL$$btod_mult_common  c_w.l(btod.o)
    0x08081d64   0x08081d64   0x00000014   Code   RO         2680    i.ADC_Cmd           stm32f4xx_adc.o
    0x08081d78   0x08081d78   0x0000002c   Code   RO         2681    i.ADC_CommonInit    stm32f4xx_adc.o
    0x08081da4   0x08081da4   0x00000006   Code   RO         2692    i.ADC_GetConversionValue  stm32f4xx_adc.o
    0x08081daa   0x08081daa   0x0000000e   Code   RO         2693    i.ADC_GetFlagStatus  stm32f4xx_adc.o
    0x08081db8   0x08081db8   0x0000004c   Code   RO         2700    i.ADC_Init          stm32f4xx_adc.o
    0x08081e04   0x08081e04   0x00000074   Code   RO         2705    i.ADC_RegularChannelConfig  stm32f4xx_adc.o
    0x08081e78   0x08081e78   0x0000000a   Code   RO         2707    i.ADC_SoftwareStartConv  stm32f4xx_adc.o
    0x08081e82   0x08081e82   0x00000002   PAD
    0x08081e84   0x08081e84   0x00000050   Code   RO          458    i.Acquisition_Init  acqtask.o
    0x08081ed4   0x08081ed4   0x00000158   Code   RO          459    i.Acquisition_SetChannelState  acqtask.o
    0x0808202c   0x0808202c   0x00000094   Code   RO          460    i.Acquisition_SetFrequency  acqtask.o
    0x080820c0   0x080820c0   0x000001b4   Code   RO          461    i.Acquisition_Task  acqtask.o
    0x08082274   0x08082274   0x00000002   Code   RO          269    i.BusFault_Handler  stm32f4xx_it.o
    0x08082276   0x08082276   0x00000002   PAD
    0x08082278   0x08082278   0x0000000c   Code   RO         1473    i.Buzzer_Off        buzzer.o
    0x08082284   0x08082284   0x0000000c   Code   RO         1474    i.Buzzer_On         buzzer.o
    0x08082290   0x08082290   0x00000028   Code   RO         1617    i.CRC_Compute       self_exam.o
    0x080822b8   0x080822b8   0x0000002a   Code   RO         2415    i.CmdError          sdio_sdcard.o
    0x080822e2   0x080822e2   0x00000002   PAD
    0x080822e4   0x080822e4   0x00000058   Code   RO         2416    i.CmdResp1Error     sdio_sdcard.o
    0x0808233c   0x0808233c   0x00000048   Code   RO         2417    i.CmdResp2Error     sdio_sdcard.o
    0x08082384   0x08082384   0x00000030   Code   RO         2418    i.CmdResp3Error     sdio_sdcard.o
    0x080823b4   0x080823b4   0x0000007c   Code   RO         2419    i.CmdResp6Error     sdio_sdcard.o
    0x08082430   0x08082430   0x0000003c   Code   RO         2420    i.CmdResp7Error     sdio_sdcard.o
    0x0808246c   0x0808246c   0x000000a0   Code   RO          576    i.Command_HandleAcqFrequency  commandtask.o
    0x0808250c   0x0808250c   0x0000038c   Code   RO          577    i.Command_HandleChannelControl  commandtask.o
    0x08082898   0x08082898   0x000000a4   Code   RO          578    i.Command_HandleFrequency  commandtask.o
    0x0808293c   0x0808293c   0x0000011c   Code   RO          579    i.Command_HandleSystemControl  commandtask.o
    0x08082a58   0x08082a58   0x000000a8   Code   RO          580    i.Command_HandleUploadFrequency  commandtask.o
    0x08082b00   0x08082b00   0x000001fc   Code   RO          582    i.Command_Parse     commandtask.o
    0x08082cfc   0x08082cfc   0x00000024   Code   RO          583    i.Command_SendResponse  commandtask.o
    0x08082d20   0x08082d20   0x00000198   Code   RO          584    i.Command_Task      commandtask.o
    0x08082eb8   0x08082eb8   0x00000014   Code   RO         3659    i.DMA_Cmd           stm32f4xx_dma.o
    0x08082ecc   0x08082ecc   0x00000124   Code   RO         3660    i.DMA_DeInit        stm32f4xx_dma.o
    0x08082ff0   0x08082ff0   0x00000014   Code   RO         3663    i.DMA_FlowControllerConfig  stm32f4xx_dma.o
    0x08083004   0x08083004   0x0000000e   Code   RO         3664    i.DMA_GetCmdStatus  stm32f4xx_dma.o
    0x08083012   0x08083012   0x00000006   Code   RO         3665    i.DMA_GetCurrDataCounter  stm32f4xx_dma.o
    0x08083018   0x08083018   0x00000054   Code   RO         3671    i.DMA_Init          stm32f4xx_dma.o
    0x0808306c   0x0808306c   0x00000004   Code   RO         3674    i.DMA_SetCurrDataCounter  stm32f4xx_dma.o
    0x08083070   0x08083070   0x00000002   Code   RO          270    i.DebugMon_Handler  stm32f4xx_it.o
    0x08083072   0x08083072   0x00000002   PAD
    0x08083074   0x08083074   0x0000006c   Code   RO         3996    i.FLASH_EraseSector  stm32f4xx_flash.o
    0x080830e0   0x080830e0   0x0000003c   Code   RO         3998    i.FLASH_GetStatus   stm32f4xx_flash.o
    0x0808311c   0x0808311c   0x00000010   Code   RO         4002    i.FLASH_Lock        stm32f4xx_flash.o
    0x0808312c   0x0808312c   0x0000003c   Code   RO         4025    i.FLASH_ProgramHalfWord  stm32f4xx_flash.o
    0x08083168   0x08083168   0x00000024   Code   RO         4028    i.FLASH_Unlock      stm32f4xx_flash.o
    0x0808318c   0x0808318c   0x0000001e   Code   RO         4029    i.FLASH_WaitForLastOperation  stm32f4xx_flash.o
    0x080831aa   0x080831aa   0x00000002   PAD
    0x080831ac   0x080831ac   0x00000144   Code   RO         2421    i.FindSCR           sdio_sdcard.o
    0x080832f0   0x080832f0   0x00000018   Code   RO         2308    i.Flash_Init        flash.o
    0x08083308   0x08083308   0x00000070   Code   RO         2309    i.Flash_LoadSystemState  flash.o
    0x08083378   0x08083378   0x00000018   Code   RO         2311    i.Flash_ReadMoreData  flash.o
    0x08083390   0x08083390   0x00000070   Code   RO         2313    i.Flash_SaveSystemState  flash.o
    0x08083400   0x08083400   0x00000052   Code   RO         2314    i.Flash_WriteMoreData  flash.o
    0x08083452   0x08083452   0x00000002   PAD
    0x08083454   0x08083454   0x00000044   Code   RO         1717    i.Flush_Page_Buffer  ota.o
    0x08083498   0x08083498   0x00000280   Code   RO          759    i.Format_CSV        tftask.o
    0x08083718   0x08083718   0x00000420   Code   RO          760    i.Format_TXT        tftask.o
    0x08083b38   0x08083b38   0x00000078   Code   RO         4417    i.GPIO_Init         stm32f4xx_gpio.o
    0x08083bb0   0x08083bb0   0x00000020   Code   RO         4418    i.GPIO_PinAFConfig  stm32f4xx_gpio.o
    0x08083bd0   0x08083bd0   0x0000000e   Code   RO         4421    i.GPIO_ReadInputDataBit  stm32f4xx_gpio.o
    0x08083bde   0x08083bde   0x00000004   Code   RO         4424    i.GPIO_ResetBits    stm32f4xx_gpio.o
    0x08083be2   0x08083be2   0x00000004   Code   RO         4425    i.GPIO_SetBits      stm32f4xx_gpio.o
    0x08083be6   0x08083be6   0x00000002   PAD
    0x08083be8   0x08083be8   0x00000050   Code   RO          653    i.GPSTask_GetData   gpstask.o
    0x08083c38   0x08083c38   0x00000034   Code   RO          654    i.GPSTask_RxCallback  gpstask.o
    0x08083c6c   0x08083c6c   0x0000002a   Code   RO         1321    i.GPS_GetCommaPos   gps.o
    0x08083c96   0x08083c96   0x00000002   PAD
    0x08083c98   0x08083c98   0x00000030   Code   RO         1322    i.GPS_GetRawFrame   gps.o
    0x08083cc8   0x08083cc8   0x000000c4   Code   RO         1323    i.GPS_Init          gps.o
    0x08083d8c   0x08083d8c   0x00000224   Code   RO         1324    i.GPS_ParseNMEA     gps.o
    0x08083fb0   0x08083fb0   0x00000010   Code   RO         1325    i.GPS_Pow           gps.o
    0x08083fc0   0x08083fc0   0x000000c0   Code   RO         1326    i.GPS_Str2Num       gps.o
    0x08084080   0x08084080   0x0000006c   Code   RO          655    i.GPS_Task          gpstask.o
    0x080840ec   0x080840ec   0x00000028   Code   RO          656    i.GPS_TaskInit      gpstask.o
    0x08084114   0x08084114   0x00000084   Code   RO         1327    i.GPS_UTCToBeijing  gps.o
    0x08084198   0x08084198   0x00000002   Code   RO          271    i.HardFault_Handler  stm32f4xx_it.o
    0x0808419a   0x0808419a   0x00000002   PAD
    0x0808419c   0x0808419c   0x000001f0   Code   RO          433    i.HardwareInitTask  hardwareinittask.o
    0x0808438c   0x0808438c   0x000001f8   Code   RO          722    i.Heartbeat_FormatJSON  heartbeattask.o
    0x08084584   0x08084584   0x0000005c   Code   RO          724    i.Heartbeat_Task    heartbeattask.o
    0x080845e0   0x080845e0   0x00000032   Code   RO         2062    i.IICSend_Ack       iic.o
    0x08084612   0x08084612   0x00000032   Code   RO         2063    i.IICSend_NAck      iic.o
    0x08084644   0x08084644   0x0000004a   Code   RO         2064    i.IIC_Init          iic.o
    0x0808468e   0x0808468e   0x0000004e   Code   RO         2067    i.IIC_Receive_Byte  iic.o
    0x080846dc   0x080846dc   0x00000044   Code   RO         2068    i.IIC_Send_Byte     iic.o
    0x08084720   0x08084720   0x00000032   Code   RO         2069    i.IIC_Start         iic.o
    0x08084752   0x08084752   0x00000032   Code   RO         2070    i.IIC_Stop          iic.o
    0x08084784   0x08084784   0x0000004a   Code   RO         2071    i.IIC_Wait_Ack      iic.o
    0x080847ce   0x080847ce   0x00000002   PAD
    0x080847d0   0x080847d0   0x00000094   Code   RO         2422    i.IsCardProgramming  sdio_sdcard.o
    0x08084864   0x08084864   0x00000040   Code   RO         1389    i.LED_Init          led.o
    0x080848a4   0x080848a4   0x00000002   Code   RO          272    i.MemManage_Handler  stm32f4xx_it.o
    0x080848a6   0x080848a6   0x00000002   PAD
    0x080848a8   0x080848a8   0x000000c8   Code   RO         2167    i.MySPI_Init        spi.o
    0x08084970   0x08084970   0x00000010   Code   RO         2168    i.MySPI_Start       spi.o
    0x08084980   0x08084980   0x00000010   Code   RO         2169    i.MySPI_Stop        spi.o
    0x08084990   0x08084990   0x00000034   Code   RO         2170    i.MySPI_SwapByte    spi.o
    0x080849c4   0x080849c4   0x00000002   Code   RO          273    i.NMI_Handler       stm32f4xx_it.o
    0x080849c6   0x080849c6   0x00000002   PAD
    0x080849c8   0x080849c8   0x00000064   Code   RO         2626    i.NVIC_Init         misc.o
    0x08084a2c   0x08084a2c   0x00000014   Code   RO         2627    i.NVIC_PriorityGroupConfig  misc.o
    0x08084a40   0x08084a40   0x00000018   Code   RO         1413    i.OLED_Clear        oled.o
    0x08084a58   0x08084a58   0x00000038   Code   RO         1414    i.OLED_Init         oled.o
    0x08084a90   0x08084a90   0x00000100   Code   RO         1415    i.OLED_ShowBootAnimation  oled.o
    0x08084b90   0x08084b90   0x00000134   Code   RO         1416    i.OLED_ShowMainScreen  oled.o
    0x08084cc4   0x08084cc4   0x000000b8   Code   RO         1718    i.OTA_ConfirmStartup  ota.o
    0x08084d7c   0x08084d7c   0x00000048   Code   RO         1719    i.OTA_Init          ota.o
    0x08084dc4   0x08084dc4   0x00000010   Code   RO         1720    i.OTA_IsInProgress  ota.o
    0x08084dd4   0x08084dd4   0x0000061c   Code   RO         1721    i.OTA_ProcessMQTTCommand  ota.o
    0x080853f0   0x080853f0   0x00000150   Code   RO         1722    i.OTA_RegisterTasks  ota.o
    0x08085540   0x08085540   0x0000003c   Code   RO         1724    i.OTA_SendCommand   ota.o
    0x0808557c   0x0808557c   0x000001a4   Code   RO         1725    i.OTA_SuspendOtherTasks  ota.o
    0x08085720   0x08085720   0x00000114   Code   RO          698    i.OledTask          oledtask.o
    0x08085834   0x08085834   0x0000005c   Code   RO         1728    i.ParseVersionString  ota.o
    0x08085890   0x08085890   0x0000029c   Code   RO         1729    i.ProcessFirmwareData  ota.o
    0x08085b2c   0x08085b2c   0x00000018   Code   RO         5484    i.RCC_AHB1PeriphClockCmd  stm32f4xx_rcc.o
    0x08085b44   0x08085b44   0x00000018   Code   RO         5493    i.RCC_APB1PeriphClockCmd  stm32f4xx_rcc.o
    0x08085b5c   0x08085b5c   0x00000018   Code   RO         5496    i.RCC_APB2PeriphClockCmd  stm32f4xx_rcc.o
    0x08085b74   0x08085b74   0x00000018   Code   RO         5498    i.RCC_APB2PeriphResetCmd  stm32f4xx_rcc.o
    0x08085b8c   0x08085b8c   0x00000090   Code   RO         5505    i.RCC_GetClocksFreq  stm32f4xx_rcc.o
    0x08085c1c   0x08085c1c   0x00000012   Code   RO         2074    i.SCL_Output        iic.o
    0x08085c2e   0x08085c2e   0x00000012   Code   RO         2075    i.SDA_Input         iic.o
    0x08085c40   0x08085c40   0x00000012   Code   RO         2076    i.SDA_Output        iic.o
    0x08085c52   0x08085c52   0x00000002   PAD
    0x08085c54   0x08085c54   0x0000008c   Code   RO         2423    i.SDEnWideBus       sdio_sdcard.o
    0x08085ce0   0x08085ce0   0x0000000c   Code   RO         6247    i.SDIO_ClearFlag    stm32f4xx_sdio.o
    0x08085cec   0x08085cec   0x00000014   Code   RO         2424    i.SDIO_Clock_Set    sdio_sdcard.o
    0x08085d00   0x08085d00   0x00000030   Code   RO         6253    i.SDIO_DataConfig   stm32f4xx_sdio.o
    0x08085d30   0x08085d30   0x00000014   Code   RO         6259    i.SDIO_GetFlagStatus  stm32f4xx_sdio.o
    0x08085d44   0x08085d44   0x00000010   Code   RO         6261    i.SDIO_GetPowerState  stm32f4xx_sdio.o
    0x08085d54   0x08085d54   0x00000004   Code   RO         2425    i.SDIO_IRQHandler   sdio_sdcard.o
    0x08085d58   0x08085d58   0x0000002c   Code   RO         6264    i.SDIO_Init         stm32f4xx_sdio.o
    0x08085d84   0x08085d84   0x00000038   Code   RO         2426    i.SDIO_Register_Deinit  sdio_sdcard.o
    0x08085dbc   0x08085dbc   0x00000028   Code   RO         6267    i.SDIO_SendCommand  stm32f4xx_sdio.o
    0x08085de4   0x08085de4   0x0000000c   Code   RO         6269    i.SDIO_SetPowerState  stm32f4xx_sdio.o
    0x08085df0   0x08085df0   0x00000078   Code   RO         2427    i.SD_DMA_Config     sdio_sdcard.o
    0x08085e68   0x08085e68   0x0000004c   Code   RO         2428    i.SD_EnableWideBusOperation  sdio_sdcard.o
    0x08085eb4   0x08085eb4   0x00000218   Code   RO         2429    i.SD_GetCardInfo    sdio_sdcard.o
    0x080860cc   0x080860cc   0x000000fc   Code   RO         2431    i.SD_Init           sdio_sdcard.o
    0x080861c8   0x080861c8   0x0000011c   Code   RO         2432    i.SD_InitializeCards  sdio_sdcard.o
    0x080862e4   0x080862e4   0x000001a4   Code   RO         2434    i.SD_PowerON        sdio_sdcard.o
    0x08086488   0x08086488   0x000000f0   Code   RO         2435    i.SD_ProcessIRQSrc  sdio_sdcard.o
    0x08086578   0x08086578   0x00000208   Code   RO         2436    i.SD_ReadBlock      sdio_sdcard.o
    0x08086780   0x08086780   0x00000088   Code   RO         2437    i.SD_ReadDisk       sdio_sdcard.o
    0x08086808   0x08086808   0x00000270   Code   RO         2438    i.SD_ReadMultiBlocks  sdio_sdcard.o
    0x08086a78   0x08086a78   0x0000002c   Code   RO         2439    i.SD_SelectDeselect  sdio_sdcard.o
    0x08086aa4   0x08086aa4   0x00000018   Code   RO         2441    i.SD_SetDeviceMode  sdio_sdcard.o
    0x08086abc   0x08086abc   0x000002dc   Code   RO         2442    i.SD_WriteBlock     sdio_sdcard.o
    0x08086d98   0x08086d98   0x00000080   Code   RO         2443    i.SD_WriteDisk      sdio_sdcard.o
    0x08086e18   0x08086e18   0x00000300   Code   RO         2444    i.SD_WriteMultiBlocks  sdio_sdcard.o
    0x08087118   0x08087118   0x00000014   Code   RO         6450    i.SPI_Cmd           stm32f4xx_spi.o
    0x0808712c   0x0808712c   0x0000000e   Code   RO         6458    i.SPI_I2S_GetFlagStatus  stm32f4xx_spi.o
    0x0808713a   0x0808713a   0x00000004   Code   RO         6461    i.SPI_I2S_ReceiveData  stm32f4xx_spi.o
    0x0808713e   0x0808713e   0x00000004   Code   RO         6462    i.SPI_I2S_SendData  stm32f4xx_spi.o
    0x08087142   0x08087142   0x00000038   Code   RO         6463    i.SPI_Init          stm32f4xx_spi.o
    0x0808717a   0x0808717a   0x00000002   PAD
    0x0808717c   0x0808717c   0x00000024   Code   RO         1618    i.SelfExam_CloseAllChannels  self_exam.o
    0x080871a0   0x080871a0   0x00000024   Code   RO         1619    i.SelfExam_CloseChannel  self_exam.o
    0x080871c4   0x080871c4   0x0000005c   Code   RO         1620    i.SelfExam_Init     self_exam.o
    0x08087220   0x08087220   0x00000024   Code   RO         1621    i.SelfExam_OpenChannel  self_exam.o
    0x08087244   0x08087244   0x0000008a   Code   RO         1622    i.SelfExam_ProbeAddress  self_exam.o
    0x080872ce   0x080872ce   0x00000002   PAD
    0x080872d0   0x080872d0   0x000000b4   Code   RO          326    i.SetSysClock       system_stm32f4xx_1.o
    0x08087384   0x08087384   0x00000018   Code   RO         2630    i.SysTick_CLKSourceConfig  misc.o
    0x0808739c   0x0808739c   0x00000014   Code   RO         1930    i.SysTick_Handler   delay.o
    0x080873b0   0x080873b0   0x0000005c   Code   RO          328    i.SystemInit        system_stm32f4xx_1.o
    0x0808740c   0x0808740c   0x00000034   Code   RO          761    i.TFTask_GetFrequency  tftask.o
    0x08087440   0x08087440   0x00000134   Code   RO         1880    i.TF_Append_String  tf.o
    0x08087574   0x08087574   0x00000004   Code   RO         1881    i.TF_Force_CSV_Header  tf.o
    0x08087578   0x08087578   0x00000094   Code   RO         1882    i.TF_Hardware_Init  tf.o
    0x0808760c   0x0808760c   0x000000e0   Code   RO          763    i.TF_Task           tftask.o
    0x080876ec   0x080876ec   0x00000124   Code   RO         2375    i.UART4_IRQHandler  uart4.o
    0x08087810   0x08087810   0x00000184   Code   RO         2376    i.UART4_MQTT_Init   uart4.o
    0x08087994   0x08087994   0x00000068   Code   RO         2377    i.UART4_PrintDMAStatus  uart4.o
    0x080879fc   0x080879fc   0x00000064   Code   RO         2002    i.USART1_IRQHandler  usart.o
    0x08087a60   0x08087a60   0x00000084   Code   RO         2209    i.USART2_IRQHandler  rs485.o
    0x08087ae4   0x08087ae4   0x00000094   Code   RO         1328    i.USART3_IRQHandler  gps.o
    0x08087b78   0x08087b78   0x00000014   Code   RO         7227    i.USART_Cmd         stm32f4xx_usart.o
    0x08087b8c   0x08087b8c   0x00000010   Code   RO         7228    i.USART_DMACmd      stm32f4xx_usart.o
    0x08087b9c   0x08087b9c   0x0000000e   Code   RO         7230    i.USART_GetFlagStatus  stm32f4xx_usart.o
    0x08087baa   0x08087baa   0x0000003e   Code   RO         7231    i.USART_GetITStatus  stm32f4xx_usart.o
    0x08087be8   0x08087be8   0x00000030   Code   RO         7233    i.USART_ITConfig    stm32f4xx_usart.o
    0x08087c18   0x08087c18   0x000000ac   Code   RO         7234    i.USART_Init        stm32f4xx_usart.o
    0x08087cc4   0x08087cc4   0x00000008   Code   RO         7241    i.USART_ReceiveData  stm32f4xx_usart.o
    0x08087ccc   0x08087ccc   0x00000008   Code   RO         7244    i.USART_SendData    stm32f4xx_usart.o
    0x08087cd4   0x08087cd4   0x000005d8   Code   RO          518    i.Upload_FormatJSON  uploadtask.o
    0x080882ac   0x080882ac   0x00000034   Code   RO          519    i.Upload_GetFrequency  uploadtask.o
    0x080882e0   0x080882e0   0x00000014   Code   RO          520    i.Upload_Init       uploadtask.o
    0x080882f4   0x080882f4   0x0000000c   Code   RO          521    i.Upload_SendNow    uploadtask.o
    0x08088300   0x08088300   0x0000003c   Code   RO          522    i.Upload_SetFrequency  uploadtask.o
    0x0808833c   0x0808833c   0x0000009c   Code   RO          523    i.Upload_Task       uploadtask.o
    0x080883d8   0x080883d8   0x00000002   Code   RO          274    i.UsageFault_Handler  stm32f4xx_it.o
    0x080883da   0x080883da   0x00000002   PAD
    0x080883dc   0x080883dc   0x0000022c   Code   RO          367    i.User_Tasks_Init   tasksinit.o
    0x08088608   0x08088608   0x00000006   Code   RO          234    i.Version_GetCode   version.o
    0x0808860e   0x0808860e   0x00000002   PAD
    0x08088610   0x08088610   0x0000000c   Code   RO          236    i.Version_GetString  version.o
    0x0808861c   0x0808861c   0x00000030   Code   RO         1569    i.Voltage_GetADC    voltage.o
    0x0808864c   0x0808864c   0x00000138   Code   RO         1570    i.Voltage_GetBattery  voltage.o
    0x08088784   0x08088784   0x00000098   Code   RO         1571    i.Voltage_Init      voltage.o
    0x0808881c   0x0808881c   0x00000004   Code   RO         1819    i.W25Q128_Init      w25q128.o
    0x08088820   0x08088820   0x00000054   Code   RO         1820    i.W25Q128_PageProgram  w25q128.o
    0x08088874   0x08088874   0x00000042   Code   RO         1821    i.W25Q128_ReadData  w25q128.o
    0x080888b6   0x080888b6   0x00000034   Code   RO         1822    i.W25Q128_SectorErase_4K  w25q128.o
    0x080888ea   0x080888ea   0x0000001e   Code   RO         1823    i.W25Q128_WaitBusy  w25q128.o
    0x08088908   0x08088908   0x00000014   Code   RO         1824    i.W25Q128_WriteEnable  w25q128.o
    0x0808891c   0x0808891c   0x00000010   Code   RO          808    i.WQ_AHT20_Get_Humi_Temp  wqinterface.o
    0x0808892c   0x0808892c   0x0000000c   Code   RO          809    i.WQ_AHT20_Init     wqinterface.o
    0x08088938   0x08088938   0x0000000a   Code   RO          810    i.WQ_Battery_Init   wqinterface.o
    0x08088942   0x08088942   0x0000001a   Code   RO          811    i.WQ_CDOM_GetData   wqinterface.o
    0x0808895c   0x0808895c   0x0000001a   Code   RO          812    i.WQ_CHL_GetData    wqinterface.o
    0x08088976   0x08088976   0x00000036   Code   RO          813    i.WQ_COD_GetData    wqinterface.o
    0x080889ac   0x080889ac   0x0000001a   Code   RO          814    i.WQ_DO_GetData     wqinterface.o
    0x080889c6   0x080889c6   0x00000004   Code   RO          815    i.WQ_GPS_GetRawFrame  wqinterface.o
    0x080889ca   0x080889ca   0x0000000a   Code   RO          816    i.WQ_GPS_Init       wqinterface.o
    0x080889d4   0x080889d4   0x00000004   Code   RO          817    i.WQ_GPS_ParseNMEA  wqinterface.o
    0x080889d8   0x080889d8   0x0000000a   Code   RO          818    i.WQ_Get_Battery    wqinterface.o
    0x080889e2   0x080889e2   0x0000000a   Code   RO          819    i.WQ_Get_GPS        wqinterface.o
    0x080889ec   0x080889ec   0x00000050   Code   RO          820    i.WQ_Interface_Bind  wqinterface.o
    0x08088a3c   0x08088a3c   0x0000000a   Code   RO          821    i.WQ_OLED_Clear     wqinterface.o
    0x08088a46   0x08088a46   0x0000000a   Code   RO          822    i.WQ_OLED_Init      wqinterface.o
    0x08088a50   0x08088a50   0x0000000a   Code   RO          823    i.WQ_OLED_ShowBootAnimation  wqinterface.o
    0x08088a5a   0x08088a5a   0x0000001a   Code   RO          824    i.WQ_OLED_ShowMainScreen  wqinterface.o
    0x08088a74   0x08088a74   0x0000001a   Code   RO          825    i.WQ_PH_GetData     wqinterface.o
    0x08088a8e   0x08088a8e   0x0000001a   Code   RO          826    i.WQ_SAL_GetData    wqinterface.o
    0x08088aa8   0x08088aa8   0x00000004   Code   RO          827    i.WQ_Storage_Init   wqinterface.o
    0x08088aac   0x08088aac   0x00000018   Code   RO          828    i.WQ_Storage_WriteCSV  wqinterface.o
    0x08088ac4   0x08088ac4   0x00000020   Code   RO          829    i.WQ_Storage_WriteCSVHeader  wqinterface.o
    0x08088ae4   0x08088ae4   0x00000018   Code   RO          830    i.WQ_Storage_WriteTXT  wqinterface.o
    0x08088afc   0x08088afc   0x00000024   Code   RO          831    i.WQ_System_Restart  wqinterface.o
    0x08088b20   0x08088b20   0x000001d0   Code   RO          832    i.WQ_System_ScanAndBindChannels  wqinterface.o
    0x08088cf0   0x08088cf0   0x0000000a   Code   RO          833    i.WQ_System_SetBuzzer  wqinterface.o
    0x08088cfa   0x08088cfa   0x00000002   PAD
    0x08088cfc   0x08088cfc   0x0000003c   Code   RO          834    i.WQ_UART4_Send     wqinterface.o
    0x08088d38   0x08088d38   0x00000036   Code   RO          835    i.WQ_Y4000_GetData  wqinterface.o
    0x08088d6e   0x08088d6e   0x00000030   Code   RO        11561    i.__ARM_fpclassify  m_wm.l(fpclassify.o)
    0x08088d9e   0x08088d9e   0x0000000e   Code   RO        11382    i._is_digit         c_w.l(__printf_wp.o)
    0x08088dac   0x08088dac   0x00000002   Code   RO         2003    i._sys_exit         usart.o
    0x08088dae   0x08088dae   0x00000002   PAD
    0x08088db0   0x08088db0   0x00000048   Code   RO         1247    i.aht20_init        aht20.o
    0x08088df8   0x08088df8   0x00000016   Code   RO         1248    i.aht20_is_calibrated  aht20.o
    0x08088e0e   0x08088e0e   0x00000002   PAD
    0x08088e10   0x08088e10   0x000000cc   Code   RO         1249    i.aht20_read_measurement  aht20.o
    0x08088edc   0x08088edc   0x00000038   Code   RO         1250    i.aht20_read_status  aht20.o
    0x08088f14   0x08088f14   0x0000002a   Code   RO         1251    i.aht20_read_temp_humi  aht20.o
    0x08088f3e   0x08088f3e   0x00000002   PAD
    0x08088f40   0x08088f40   0x00000018   Code   RO         1252    i.aht20_start_measurement  aht20.o
    0x08088f58   0x08088f58   0x0000002c   Code   RO         1253    i.aht20_wait_for_measurement  aht20.o
    0x08088f84   0x08088f84   0x0000005e   Code   RO         1254    i.aht20_write_cmd   aht20.o
    0x08088fe2   0x08088fe2   0x00000002   PAD
    0x08088fe4   0x08088fe4   0x000000d8   Code   RO         1095    i.cdom_read         cdom.o
    0x080890bc   0x080890bc   0x0000005c   Code   RO        11050    i.check_fs          ff.o
    0x08089118   0x08089118   0x00000038   Code   RO         1137    i.chl_read          chl.o
    0x08089150   0x08089150   0x00000018   Code   RO        11051    i.clust2sect        ff.o
    0x08089168   0x08089168   0x00000034   Code   RO         1038    i.cod_read          cod.o
    0x0808919c   0x0808919c   0x0000004e   Code   RO         1039    i.cod_read_tct      cod.o
    0x080891ea   0x080891ea   0x00000038   Code   RO         1040    i.cod_read_tur      cod.o
    0x08089222   0x08089222   0x00000012   Code   RO         2445    i.convert_from_bytes_to_power_of_two  sdio_sdcard.o
    0x08089234   0x08089234   0x0000009e   Code   RO        11052    i.create_chain      ff.o
    0x080892d2   0x080892d2   0x00000002   PAD
    0x080892d4   0x080892d4   0x00000120   Code   RO        11053    i.create_name       ff.o
    0x080893f4   0x080893f4   0x00000038   Code   RO         1931    i.delay_init        delay.o
    0x0808942c   0x0808942c   0x00000038   Code   RO         1932    i.delay_ms          delay.o
    0x08089464   0x08089464   0x00000034   Code   RO         1933    i.delay_us          delay.o
    0x08089498   0x08089498   0x000000fa   Code   RO        11054    i.dir_next          ff.o
    0x08089592   0x08089592   0x00000070   Code   RO        11056    i.dir_register      ff.o
    0x08089602   0x08089602   0x00000090   Code   RO        11058    i.dir_sdi           ff.o
    0x08089692   0x08089692   0x00000012   Code   RO        10992    i.disk_initialize   diskio.o
    0x080896a4   0x080896a4   0x0000003c   Code   RO        10993    i.disk_ioctl        diskio.o
    0x080896e0   0x080896e0   0x0000001c   Code   RO        10994    i.disk_read         diskio.o
    0x080896fc   0x080896fc   0x0000000c   Code   RO        10995    i.disk_status       diskio.o
    0x08089708   0x08089708   0x00000024   Code   RO        10996    i.disk_write        diskio.o
    0x0808972c   0x0808972c   0x00000038   Code   RO         1187    i.do_read           do.o
    0x08089764   0x08089764   0x0000001c   Code   RO        11060    i.f_close           ff.o
    0x08089780   0x08089780   0x00000146   Code   RO        11064    i.f_lseek           ff.o
    0x080898c6   0x080898c6   0x00000002   PAD
    0x080898c8   0x080898c8   0x0000004c   Code   RO        11067    i.f_mount           ff.o
    0x08089914   0x08089914   0x00000138   Code   RO        11068    i.f_open            ff.o
    0x08089a4c   0x08089a4c   0x00000098   Code   RO        11077    i.f_sync            ff.o
    0x08089ae4   0x08089ae4   0x00000194   Code   RO        11081    i.f_write           ff.o
    0x08089c78   0x08089c78   0x00000260   Code   RO        11082    i.find_volume       ff.o
    0x08089ed8   0x08089ed8   0x000000aa   Code   RO        11083    i.follow_path       ff.o
    0x08089f82   0x08089f82   0x00000002   PAD
    0x08089f84   0x08089f84   0x00000014   Code   RO         2004    i.fputc             usart.o
    0x08089f98   0x08089f98   0x000000e8   Code   RO        11084    i.get_fat           ff.o
    0x0808a080   0x0808a080   0x00000004   Code   RO        10997    i.get_fattime       diskio.o
    0x0808a084   0x0808a084   0x0000003c   Code   RO        11086    i.get_ldnumber      ff.o
    0x0808a0c0   0x0808a0c0   0x00000008   Code   RO        10274    i.i2c_clear_scl     u8x8_byte.o
    0x0808a0c8   0x0808a0c8   0x00000008   Code   RO        10275    i.i2c_clear_sda     u8x8_byte.o
    0x0808a0d0   0x0808a0d0   0x0000000a   Code   RO        10276    i.i2c_delay         u8x8_byte.o
    0x0808a0da   0x0808a0da   0x00000016   Code   RO        10277    i.i2c_read_scl_and_delay  u8x8_byte.o
    0x0808a0f0   0x0808a0f0   0x00000008   Code   RO        10278    i.i2c_read_sda      u8x8_byte.o
    0x0808a0f8   0x0808a0f8   0x00000026   Code   RO        10279    i.i2c_write_bit     u8x8_byte.o
    0x0808a11e   0x0808a11e   0x0000007e   Code   RO        10280    i.i2c_write_byte    u8x8_byte.o
    0x0808a19c   0x0808a19c   0x00000012   Code   RO        11087    i.ld_clust          ff.o
    0x0808a1ae   0x0808a1ae   0x00000002   PAD
    0x0808a1b0   0x0808a1b0   0x0000004c   Code   RO            4    i.main              main.o
    0x0808a1fc   0x0808a1fc   0x00000010   Code   RO        11088    i.mem_cpy           ff.o
    0x0808a20c   0x0808a20c   0x0000000e   Code   RO        11089    i.mem_set           ff.o
    0x0808a21a   0x0808a21a   0x00000002   PAD
    0x0808a21c   0x0808a21c   0x0000005c   Code   RO         2262    i.modbus_bytes_to_float  modbus.o
    0x0808a278   0x0808a278   0x00000028   Code   RO         2263    i.modbus_crc16      modbus.o
    0x0808a2a0   0x0808a2a0   0x00000094   Code   RO         2265    i.modbus_read_holding  modbus.o
    0x0808a334   0x0808a334   0x00000032   Code   RO        11090    i.move_window       ff.o
    0x0808a366   0x0808a366   0x00000038   Code   RO         1175    i.ph_read           ph.o
    0x0808a39e   0x0808a39e   0x00000002   PAD
    0x0808a3a0   0x0808a3a0   0x00000070   Code   RO         7792    i.prvAddCurrentTaskToDelayedList  tasks.o
    0x0808a410   0x0808a410   0x000000d0   Code   RO         7793    i.prvAddNewTaskToReadyList  tasks.o
    0x0808a4e0   0x0808a4e0   0x00000050   Code   RO         8152    i.prvCheckForValidListAndQueue  timers.o
    0x0808a530   0x0808a530   0x00000054   Code   RO         7794    i.prvCheckTasksWaitingTermination  tasks.o
    0x0808a584   0x0808a584   0x00000026   Code   RO         7550    i.prvCopyDataFromQueue  queue.o
    0x0808a5aa   0x0808a5aa   0x0000006c   Code   RO         7551    i.prvCopyDataToQueue  queue.o
    0x0808a616   0x0808a616   0x00000014   Code   RO         7795    i.prvDeleteTCB      tasks.o
    0x0808a62a   0x0808a62a   0x00000002   PAD
    0x0808a62c   0x0808a62c   0x0000004c   Code   RO         8284    i.prvHeapInit       heap_4.o
    0x0808a678   0x0808a678   0x00000028   Code   RO         7796    i.prvIdleTask       tasks.o
    0x0808a6a0   0x0808a6a0   0x000000cc   Code   RO         7797    i.prvInitialiseNewTask  tasks.o
    0x0808a76c   0x0808a76c   0x0000004c   Code   RO         8285    i.prvInsertBlockIntoFreeList  heap_4.o
    0x0808a7b8   0x0808a7b8   0x00000038   Code   RO         8153    i.prvInsertTimerInActiveList  timers.o
    0x0808a7f0   0x0808a7f0   0x0000001a   Code   RO         7552    i.prvIsQueueEmpty   queue.o
    0x0808a80a   0x0808a80a   0x00000002   PAD
    0x0808a80c   0x0808a80c   0x0000009c   Code   RO         7553    i.prvNotifyQueueSetContainer  queue.o
    0x0808a8a8   0x0808a8a8   0x00000060   Code   RO         8154    i.prvProcessExpiredTimer  timers.o
    0x0808a908   0x0808a908   0x000000fc   Code   RO         8155    i.prvProcessReceivedCommands  timers.o
    0x0808aa04   0x0808aa04   0x0000006c   Code   RO         8156    i.prvProcessTimerOrBlockTask  timers.o
    0x0808aa70   0x0808aa70   0x00000020   Code   RO         7799    i.prvResetNextTaskUnblockTime  tasks.o
    0x0808aa90   0x0808aa90   0x00000028   Code   RO         8157    i.prvSampleTimeNow  timers.o
    0x0808aab8   0x0808aab8   0x0000006c   Code   RO         8158    i.prvSwitchTimerLists  timers.o
    0x0808ab24   0x0808ab24   0x0000006c   Code   RO         8346    i.prvTaskExitError  port.o
    0x0808ab90   0x0808ab90   0x00000028   Code   RO         8159    i.prvTimerTask      timers.o
    0x0808abb8   0x0808abb8   0x00000078   Code   RO         7554    i.prvUnlockQueue    queue.o
    0x0808ac30   0x0808ac30   0x00000120   Code   RO        11091    i.put_fat           ff.o
    0x0808ad50   0x0808ad50   0x0000011c   Code   RO         8286    i.pvPortMalloc      heap_4.o
    0x0808ae6c   0x0808ae6c   0x00000018   Code   RO         7801    i.pvTaskIncrementMutexHeldCount  tasks.o
    0x0808ae84   0x0808ae84   0x0000002c   Code   RO         8347    i.pxPortInitialiseStack  port.o
    0x0808aeb0   0x0808aeb0   0x00000062   Code   RO        11093    i.remove_chain      ff.o
    0x0808af12   0x0808af12   0x00000002   PAD
    0x0808af14   0x0808af14   0x000000c4   Code   RO         2210    i.rs485_hw_init     rs485.o
    0x0808afd8   0x0808afd8   0x00000030   Code   RO         2211    i.rs485_init        rs485.o
    0x0808b008   0x0808b008   0x00000060   Code   RO         2212    i.rs485_receive     rs485.o
    0x0808b068   0x0808b068   0x00000048   Code   RO         2213    i.rs485_send        rs485.o
    0x0808b0b0   0x0808b0b0   0x00000068   Code   RO         2214    i.rs485_transfer    rs485.o
    0x0808b118   0x0808b118   0x00000038   Code   RO         1199    i.sal_read          sal.o
    0x0808b150   0x0808b150   0x00000010   Code   RO        11094    i.st_clust          ff.o
    0x0808b160   0x0808b160   0x000000b0   Code   RO        11095    i.sync_fs           ff.o
    0x0808b210   0x0808b210   0x00000052   Code   RO        11096    i.sync_window       ff.o
    0x0808b262   0x0808b262   0x00000014   Code   RO         9101    i.u8g2_ClearBuffer  u8g2_buffer.o
    0x0808b276   0x0808b276   0x00000044   Code   RO         9071    i.u8g2_DrawBox      u8g2_box.o
    0x0808b2ba   0x0808b2ba   0x00000040   Code   RO         9195    i.u8g2_DrawCircle   u8g2_circle.o
    0x0808b2fa   0x0808b2fa   0x00000040   Code   RO         9196    i.u8g2_DrawDisc     u8g2_circle.o
    0x0808b33a   0x0808b33a   0x00000070   Code   RO         9304    i.u8g2_DrawGlyph    u8g2_font.o
    0x0808b3aa   0x0808b3aa   0x0000000c   Code   RO         9618    i.u8g2_DrawHLine    u8g2_hvline.o
    0x0808b3b6   0x0808b3b6   0x000000aa   Code   RO         9619    i.u8g2_DrawHVLine   u8g2_hvline.o
    0x0808b460   0x0808b460   0x000000aa   Code   RO         9716    i.u8g2_DrawLine     u8g2_line.o
    0x0808b50a   0x0808b50a   0x0000002e   Code   RO         9620    i.u8g2_DrawPixel    u8g2_hvline.o
    0x0808b538   0x0808b538   0x000000e6   Code   RO         9073    i.u8g2_DrawRBox     u8g2_box.o
    0x0808b61e   0x0808b61e   0x00000102   Code   RO         9074    i.u8g2_DrawRFrame   u8g2_box.o
    0x0808b720   0x0808b720   0x00000010   Code   RO         9306    i.u8g2_DrawStr      u8g2_font.o
    0x0808b730   0x0808b730   0x0000000c   Code   RO         9621    i.u8g2_DrawVLine    u8g2_hvline.o
    0x0808b73c   0x0808b73c   0x0000001a   Code   RO         9102    i.u8g2_FirstPage    u8g2_buffer.o
    0x0808b756   0x0808b756   0x00000030   Code   RO         9680    i.u8g2_IsIntersection  u8g2_intersection.o
    0x0808b786   0x0808b786   0x0000003e   Code   RO         9103    i.u8g2_NextPage     u8g2_buffer.o
    0x0808b7c4   0x0808b7c4   0x00000012   Code   RO         9104    i.u8g2_SendBuffer   u8g2_buffer.o
    0x0808b7d6   0x0808b7d6   0x0000001c   Code   RO         9105    i.u8g2_SetBufferCurrTileRow  u8g2_buffer.o
    0x0808b7f2   0x0808b7f2   0x00000020   Code   RO         9322    i.u8g2_SetFont      u8g2_font.o
    0x0808b812   0x0808b812   0x00000002   PAD
    0x0808b814   0x0808b814   0x0000000c   Code   RO         9325    i.u8g2_SetFontPosBaseline  u8g2_font.o
    0x0808b820   0x0808b820   0x0000001c   Code   RO         9868    i.u8g2_SetMaxClipWindow  u8g2_setup.o
    0x0808b83c   0x0808b83c   0x00000046   Code   RO         9869    i.u8g2_SetupBuffer  u8g2_setup.o
    0x0808b882   0x0808b882   0x00000002   PAD
    0x0808b884   0x0808b884   0x00000038   Code   RO         9290    i.u8g2_Setup_ssd1306_i2c_128x64_noname_f  u8g2_d_setup.o
    0x0808b8bc   0x0808b8bc   0x00000052   Code   RO         9332    i.u8g2_UpdateRefHeight  u8g2_font.o
    0x0808b90e   0x0808b90e   0x0000001c   Code   RO         9333    i.u8g2_add_vector_x  u8g2_font.o
    0x0808b92a   0x0808b92a   0x0000001c   Code   RO         9334    i.u8g2_add_vector_y  u8g2_font.o
    0x0808b946   0x0808b946   0x0000006e   Code   RO         9871    i.u8g2_apply_clip_window  u8g2_setup.o
    0x0808b9b4   0x0808b9b4   0x0000003c   Code   RO         9623    i.u8g2_clip_intersection2  u8g2_hvline.o
    0x0808b9f0   0x0808b9f0   0x0000006a   Code   RO         9199    i.u8g2_draw_circle  u8g2_circle.o
    0x0808ba5a   0x0808ba5a   0x000000ba   Code   RO         9200    i.u8g2_draw_circle_section  u8g2_circle.o
    0x0808bb14   0x0808bb14   0x0000006a   Code   RO         9201    i.u8g2_draw_disc    u8g2_circle.o
    0x0808bb7e   0x0808bb7e   0x000000cc   Code   RO         9202    i.u8g2_draw_disc_section  u8g2_circle.o
    0x0808bc4a   0x0808bc4a   0x00000012   Code   RO         9624    i.u8g2_draw_hv_line_2dir  u8g2_hvline.o
    0x0808bc5c   0x0808bc5c   0x0000000c   Code   RO         9873    i.u8g2_draw_l90_r0  u8g2_setup.o
    0x0808bc68   0x0808bc68   0x0000006c   Code   RO         9335    i.u8g2_draw_string  u8g2_font.o
    0x0808bcd4   0x0808bcd4   0x00000004   Code   RO         9341    i.u8g2_font_calc_vref_font  u8g2_font.o
    0x0808bcd8   0x0808bcd8   0x00000014   Code   RO         9343    i.u8g2_font_decode_get_signed_bits  u8g2_font.o
    0x0808bcec   0x0808bcec   0x00000034   Code   RO         9344    i.u8g2_font_decode_get_unsigned_bits  u8g2_font.o
    0x0808bd20   0x0808bd20   0x00000112   Code   RO         9345    i.u8g2_font_decode_glyph  u8g2_font.o
    0x0808be32   0x0808be32   0x0000008a   Code   RO         9346    i.u8g2_font_decode_len  u8g2_font.o
    0x0808bebc   0x0808bebc   0x00000072   Code   RO         9347    i.u8g2_font_get_glyph_data  u8g2_font.o
    0x0808bf2e   0x0808bf2e   0x00000014   Code   RO         9348    i.u8g2_font_get_word  u8g2_font.o
    0x0808bf42   0x0808bf42   0x00000034   Code   RO         9349    i.u8g2_font_setup_decode  u8g2_font.o
    0x0808bf76   0x0808bf76   0x00000018   Code   RO         9681    i.u8g2_is_intersection_decision_tree  u8g2_intersection.o
    0x0808bf8e   0x0808bf8e   0x0000008e   Code   RO         9729    i.u8g2_ll_hvline_vertical_top_lsb  u8g2_ll_hvline.o
    0x0808c01c   0x0808c01c   0x0000000c   Code   RO         9277    i.u8g2_m_16_8_f     u8g2_d_memory.o
    0x0808c028   0x0808c028   0x0000006a   Code   RO         9350    i.u8g2_read_font_info  u8g2_font.o
    0x0808c092   0x0808c092   0x0000004c   Code   RO         9112    i.u8g2_send_buffer  u8g2_buffer.o
    0x0808c0de   0x0808c0de   0x00000046   Code   RO         9878    i.u8g2_update_dimension_common  u8g2_setup.o
    0x0808c124   0x0808c124   0x00000004   Code   RO         9879    i.u8g2_update_dimension_r0  u8g2_setup.o
    0x0808c128   0x0808c128   0x00000022   Code   RO         9883    i.u8g2_update_page_win_r0  u8g2_setup.o
    0x0808c14a   0x0808c14a   0x0000001e   Code   RO        10653    i.u8x8_DrawTile     u8x8_display.o
    0x0808c168   0x0808c168   0x00000010   Code   RO        10655    i.u8x8_InitDisplay  u8x8_display.o
    0x0808c178   0x0808c178   0x00000010   Code   RO        10657    i.u8x8_RefreshDisplay  u8x8_display.o
    0x0808c188   0x0808c188   0x00000010   Code   RO        10660    i.u8x8_SetPowerSave  u8x8_display.o
    0x0808c198   0x0808c198   0x00000022   Code   RO        10876    i.u8x8_Setup        u8x8_setup.o
    0x0808c1ba   0x0808c1ba   0x00000002   PAD
    0x0808c1bc   0x0808c1bc   0x00000024   Code   RO        10877    i.u8x8_SetupDefaults  u8x8_setup.o
    0x0808c1e0   0x0808c1e0   0x00000010   Code   RO        10661    i.u8x8_SetupMemory  u8x8_display.o
    0x0808c1f0   0x0808c1f0   0x0000000e   Code   RO        10160    i.u8x8_ascii_next   u8x8_8x8.o
    0x0808c1fe   0x0808c1fe   0x00000010   Code   RO        10285    i.u8x8_byte_EndTransfer  u8x8_byte.o
    0x0808c20e   0x0808c20e   0x0000000c   Code   RO        10286    i.u8x8_byte_SendByte  u8x8_byte.o
    0x0808c21a   0x0808c21a   0x00000010   Code   RO        10287    i.u8x8_byte_SendBytes  u8x8_byte.o
    0x0808c22a   0x0808c22a   0x00000010   Code   RO        10289    i.u8x8_byte_StartTransfer  u8x8_byte.o
    0x0808c23a   0x0808c23a   0x000000ba   Code   RO        10294    i.u8x8_byte_sw_i2c  u8x8_byte.o
    0x0808c2f4   0x0808c2f4   0x00000010   Code   RO        10405    i.u8x8_cad_EndTransfer  u8x8_cad.o
    0x0808c304   0x0808c304   0x00000010   Code   RO        10406    i.u8x8_cad_SendArg  u8x8_cad.o
    0x0808c314   0x0808c314   0x00000010   Code   RO        10407    i.u8x8_cad_SendCmd  u8x8_cad.o
    0x0808c324   0x0808c324   0x00000010   Code   RO        10408    i.u8x8_cad_SendData  u8x8_cad.o
    0x0808c334   0x0808c334   0x00000066   Code   RO        10410    i.u8x8_cad_SendSequence  u8x8_cad.o
    0x0808c39a   0x0808c39a   0x00000010   Code   RO        10411    i.u8x8_cad_StartTransfer  u8x8_cad.o
    0x0808c3aa   0x0808c3aa   0x00000002   PAD
    0x0808c3ac   0x0808c3ac   0x000000bc   Code   RO        10414    i.u8x8_cad_ssd13xx_fast_i2c  u8x8_cad.o
    0x0808c468   0x0808c468   0x00000060   Code   RO        10662    i.u8x8_d_helper_display_init  u8x8_display.o
    0x0808c4c8   0x0808c4c8   0x0000000a   Code   RO        10663    i.u8x8_d_helper_display_setup_memory  u8x8_display.o
    0x0808c4d2   0x0808c4d2   0x00000002   PAD
    0x0808c4d4   0x0808c4d4   0x0000003c   Code   RO        10587    i.u8x8_d_ssd1306_128x64_noname  u8x8_d_ssd1306_128x64_noname.o
    0x0808c510   0x0808c510   0x000000c8   Code   RO        10589    i.u8x8_d_ssd1306_sh1106_generic  u8x8_d_ssd1306_128x64_noname.o
    0x0808c5d8   0x0808c5d8   0x00000004   Code   RO        10879    i.u8x8_dummy_cb     u8x8_setup.o
    0x0808c5dc   0x0808c5dc   0x000000a4   Code   RO         1417    i.u8x8_gpio_and_delay_stm32  oled.o
    0x0808c680   0x0808c680   0x0000000c   Code   RO        10798    i.u8x8_gpio_call    u8x8_gpio.o
    0x0808c68c   0x0808c68c   0x0000002c   Code   RO        10422    i.u8x8_i2c_data_transfer  u8x8_cad.o
    0x0808c6b8   0x0808c6b8   0x00000008   Code   RO        10168    i.u8x8_utf8_init    u8x8_8x8.o
    0x0808c6c0   0x0808c6c0   0x000000ac   Code   RO         2005    i.uart_init         usart.o
    0x0808c76c   0x0808c76c   0x00000024   Code   RO         7488    i.uxListRemove      list.o
    0x0808c790   0x0808c790   0x00000064   Code   RO            5    i.vApplicationStackOverflowHook  main.o
    0x0808c7f4   0x0808c7f4   0x00000016   Code   RO         7489    i.vListInitialise   list.o
    0x0808c80a   0x0808c80a   0x00000006   Code   RO         7490    i.vListInitialiseItem  list.o
    0x0808c810   0x0808c810   0x00000030   Code   RO         7491    i.vListInsert       list.o
    0x0808c840   0x0808c840   0x00000018   Code   RO         7492    i.vListInsertEnd    list.o
    0x0808c858   0x0808c858   0x00000080   Code   RO         8349    i.vPortEnterCritical  port.o
    0x0808c8d8   0x0808c8d8   0x0000006c   Code   RO         8350    i.vPortExitCritical  port.o
    0x0808c944   0x0808c944   0x000000a4   Code   RO         8287    i.vPortFree         heap_4.o
    0x0808c9e8   0x0808c9e8   0x00000020   Code   RO         8351    i.vPortSetupTimerInterrupt  port.o
    0x0808ca08   0x0808ca08   0x00000094   Code   RO         8352    i.vPortValidateInterruptPriority  port.o
    0x0808ca9c   0x0808ca9c   0x00000024   Code   RO         7560    i.vQueueAddToRegistry  queue.o
    0x0808cac0   0x0808cac0   0x00000044   Code   RO         7564    i.vQueueWaitForMessageRestricted  queue.o
    0x0808cb04   0x0808cb04   0x00000078   Code   RO         7809    i.vTaskDelay        tasks.o
    0x0808cb7c   0x0808cb7c   0x000000b8   Code   RO         7810    i.vTaskDelayUntil   tasks.o
    0x0808cc34   0x0808cc34   0x000000d8   Code   RO         7811    i.vTaskDelete       tasks.o
    0x0808cd0c   0x0808cd0c   0x0000000c   Code   RO         7815    i.vTaskMissedYield  tasks.o
    0x0808cd18   0x0808cd18   0x00000060   Code   RO         7817    i.vTaskPlaceOnEventList  tasks.o
    0x0808cd78   0x0808cd78   0x00000068   Code   RO         7818    i.vTaskPlaceOnEventListRestricted  tasks.o
    0x0808cde0   0x0808cde0   0x00000084   Code   RO         7820    i.vTaskPriorityInherit  tasks.o
    0x0808ce64   0x0808ce64   0x00000054   Code   RO         7824    i.vTaskSetTimeOutState  tasks.o
    0x0808ceb8   0x0808ceb8   0x000000a0   Code   RO         7825    i.vTaskStartScheduler  tasks.o
    0x0808cf58   0x0808cf58   0x000000dc   Code   RO         7826    i.vTaskSuspend      tasks.o
    0x0808d034   0x0808d034   0x00000010   Code   RO         7827    i.vTaskSuspendAll   tasks.o
    0x0808d044   0x0808d044   0x000000b4   Code   RO         7828    i.vTaskSwitchContext  tasks.o
    0x0808d0f8   0x0808d0f8   0x00000022   Code   RO        11097    i.validate          ff.o
    0x0808d11a   0x0808d11a   0x00000002   PAD
    0x0808d11c   0x0808d11c   0x0000011c   Code   RO         8353    i.xPortStartScheduler  port.o
    0x0808d238   0x0808d238   0x0000002c   Code   RO         8354    i.xPortSysTickHandler  port.o
    0x0808d264   0x0808d264   0x00000024   Code   RO         7567    i.xQueueCreateMutex  queue.o
    0x0808d288   0x0808d288   0x00000084   Code   RO         7569    i.xQueueGenericCreate  queue.o
    0x0808d30c   0x0808d30c   0x00000190   Code   RO         7570    i.xQueueGenericReceive  queue.o
    0x0808d49c   0x0808d49c   0x000000b4   Code   RO         7571    i.xQueueGenericReset  queue.o
    0x0808d550   0x0808d550   0x00000194   Code   RO         7572    i.xQueueGenericSend  queue.o
    0x0808d6e4   0x0808d6e4   0x000000ec   Code   RO         7573    i.xQueueGenericSendFromISR  queue.o
    0x0808d7d0   0x0808d7d0   0x000000d4   Code   RO         7574    i.xQueueGiveFromISR  queue.o
    0x0808d8a4   0x0808d8a4   0x00000094   Code   RO         7829    i.xTaskCheckForTimeOut  tasks.o
    0x0808d938   0x0808d938   0x00000056   Code   RO         7830    i.xTaskCreate       tasks.o
    0x0808d98e   0x0808d98e   0x00000002   PAD
    0x0808d990   0x0808d990   0x0000001c   Code   RO         7834    i.xTaskGetSchedulerState  tasks.o
    0x0808d9ac   0x0808d9ac   0x0000000c   Code   RO         7835    i.xTaskGetTickCount  tasks.o
    0x0808d9b8   0x0808d9b8   0x00000010   Code   RO         7836    i.xTaskGetTickCountFromISR  tasks.o
    0x0808d9c8   0x0808d9c8   0x000000f4   Code   RO         7837    i.xTaskIncrementTick  tasks.o
    0x0808dabc   0x0808dabc   0x000000c0   Code   RO         7840    i.xTaskPriorityDisinherit  tasks.o
    0x0808db7c   0x0808db7c   0x000000a4   Code   RO         7841    i.xTaskRemoveFromEventList  tasks.o
    0x0808dc20   0x0808dc20   0x000000f0   Code   RO         7843    i.xTaskResumeAll    tasks.o
    0x0808dd10   0x0808dd10   0x0000007c   Code   RO         8162    i.xTimerCreate      timers.o
    0x0808dd8c   0x0808dd8c   0x0000007c   Code   RO         8163    i.xTimerCreateTimerTask  timers.o
    0x0808de08   0x0808de08   0x00000098   Code   RO         8164    i.xTimerGenericCommand  timers.o
    0x0808dea0   0x0808dea0   0x00000052   Code   RO         1213    i.y4000_read        y4000.o
    0x0808def2   0x0808def2   0x00000002   PAD
    0x0808def4   0x0808def4   0x0000002c   Code   RO        11554    locale$$code        c_w.l(lc_ctype_c.o)
    0x0808df20   0x0808df20   0x0000002c   Code   RO        11557    locale$$code        c_w.l(lc_numeric_c.o)
    0x0808df4c   0x0808df4c   0x000002b0   Code   RO        11432    x$fpl$ddiv          fz_wm.l(ddiv.o)
    0x0808e1fc   0x0808e1fc   0x0000005e   Code   RO        11435    x$fpl$dfix          fz_wm.l(dfix.o)
    0x0808e25a   0x0808e25a   0x0000002e   Code   RO        11440    x$fpl$dflt          fz_wm.l(dflt_clz.o)
    0x0808e288   0x0808e288   0x00000154   Code   RO        11445    x$fpl$dmul          fz_wm.l(dmul.o)
    0x0808e3dc   0x0808e3dc   0x0000009c   Code   RO        11482    x$fpl$dnaninf       fz_wm.l(dnaninf.o)
    0x0808e478   0x0808e478   0x0000000c   Code   RO        11484    x$fpl$dretinf       fz_wm.l(dretinf.o)
    0x0808e484   0x0808e484   0x00000056   Code   RO        11447    x$fpl$f2d           fz_wm.l(f2d.o)
    0x0808e4da   0x0808e4da   0x0000008c   Code   RO        11486    x$fpl$fnaninf       fz_wm.l(fnaninf.o)
    0x0808e566   0x0808e566   0x0000000a   Code   RO        11630    x$fpl$fpinit        fz_wm.l(fpinit.o)
    0x0808e570   0x0808e570   0x00000004   Code   RO        11449    x$fpl$printf1       fz_wm.l(printf1.o)
    0x0808e574   0x0808e574   0x00000000   Code   RO        11488    x$fpl$usenofp       fz_wm.l(usenofp.o)
    0x0808e574   0x0808e574   0x00000038   Data   RO          836    .constdata          wqinterface.o
    0x0808e5ac   0x0808e5ac   0x00000200   Data   RO         1623    .constdata          self_exam.o
    0x0808e7ac   0x0808e7ac   0x00000200   Data   RO         2268    .constdata          modbus.o
    0x0808e9ac   0x0808e9ac   0x000009a1   Data   RO         9601    .constdata          u8g2_fonts.o
    0x0808f34d   0x0808f34d   0x00000f17   Data   RO         9602    .constdata          u8g2_fonts.o
    0x08090264   0x08090264   0x00001ec0   Data   RO         9604    .constdata          u8g2_fonts.o
    0x08092124   0x08092124   0x0000064c   Data   RO         9605    .constdata          u8g2_fonts.o
    0x08092770   0x08092770   0x0000000c   Data   RO         9887    .constdata          u8g2_setup.o
    0x0809277c   0x0809277c   0x00000158   Data   RO        10591    .constdata          u8x8_d_ssd1306_128x64_noname.o
    0x080928d4   0x080928d4   0x00000028   Data   RO        11355    .constdata          c_w.l(_printf_hex_int.o)
    0x080928fc   0x080928fc   0x00000011   Data   RO        11390    .constdata          c_w.l(__printf_flags_ss_wp.o)
    0x0809290d   0x0809290d   0x00000003   PAD
    0x08092910   0x08092910   0x00000094   Data   RO        11525    .constdata          c_w.l(bigflt0.o)
    0x080929a4   0x080929a4   0x0000008f   Data   RO          524    .conststring        uploadtask.o
    0x08092a33   0x08092a33   0x00000001   PAD
    0x08092a34   0x08092a34   0x000000f3   Data   RO          764    .conststring        tftask.o
    0x08092b27   0x08092b27   0x00000001   PAD
    0x08092b28   0x08092b28   0x0000000a   Data   RO         1419    .conststring        oled.o
    0x08092b32   0x08092b32   0x00000002   PAD
    0x08092b34   0x08092b34   0x00000020   Data   RO        11701    Region$$Table       anon$$obj.o
    0x08092b54   0x08092b54   0x00000110   Data   RO        11553    locale$$data        c_w.l(lc_ctype_c.o)
    0x08092c64   0x08092c64   0x0000001c   Data   RO        11556    locale$$data        c_w.l(lc_numeric_c.o)


    Execution Region RW_IRAM1 (Exec base: 0x20000000, Load base: 0x08092c80, Size: 0x00018a90, Max: 0x00020000, ABSOLUTE, COMPRESSED[0x000000a0])

    Exec Addr    Load Addr    Size         Type   Attr      Idx    E Section Name        Object

    0x20000000   COMPRESSED   0x00000014   Data   RW          329    .data               system_stm32f4xx_1.o
    0x20000014   COMPRESSED   0x00000020   Data   RW          368    .data               tasksinit.o
    0x20000034   COMPRESSED   0x00000008   Data   RW          463    .data               acqtask.o
    0x2000003c   COMPRESSED   0x00000008   Data   RW          525    .data               uploadtask.o
    0x20000044   COMPRESSED   0x00000036   Data   RW          586    .data               commandtask.o
    0x2000007a   COMPRESSED   0x00000002   PAD
    0x2000007c   COMPRESSED   0x0000000c   Data   RW          658    .data               gpstask.o
    0x20000088   COMPRESSED   0x00000008   Data   RW          765    .data               tftask.o
    0x20000090   COMPRESSED   0x00000010   Data   RW          837    .data               wqinterface.o
    0x200000a0   COMPRESSED   0x00000098   Data   RW          838    .data               wqinterface.o
    0x20000138   COMPRESSED   0x00000008   Data   RW         1330    .data               gps.o
    0x20000140   COMPRESSED   0x00000004   Data   RW         1420    .data               oled.o
    0x20000144   COMPRESSED   0x0000000c   Data   RW         1573    .data               voltage.o
    0x20000150   COMPRESSED   0x00000040   Data   RW         1732    .data               ota.o
    0x20000190   COMPRESSED   0x00000004   Data   RW         1935    .data               delay.o
    0x20000194   COMPRESSED   0x00000002   Data   RW         2007    .data               usart.o
    0x20000196   COMPRESSED   0x00000002   PAD
    0x20000198   COMPRESSED   0x00000004   Data   RW         2008    .data               usart.o
    0x2000019c   COMPRESSED   0x00000010   Data   RW         2216    .data               rs485.o
    0x200001ac   COMPRESSED   0x00000004   Data   RW         2316    .data               flash.o
    0x200001b0   COMPRESSED   0x00000008   Data   RW         2379    .data               uart4.o
    0x200001b8   COMPRESSED   0x00000010   Data   RW         2447    .data               sdio_sdcard.o
    0x200001c8   COMPRESSED   0x00000010   Data   RW         5537    .data               stm32f4xx_rcc.o
    0x200001d8   COMPRESSED   0x0000003c   Data   RW         7846    .data               tasks.o
    0x20000214   COMPRESSED   0x00000014   Data   RW         8172    .data               timers.o
    0x20000228   COMPRESSED   0x00000018   Data   RW         8292    .data               heap_4.o
    0x20000240   COMPRESSED   0x0000000c   Data   RW         8355    .data               port.o
    0x2000024c   COMPRESSED   0x00000006   Data   RW        10424    .data               u8x8_cad.o
    0x20000252   COMPRESSED   0x00000002   PAD
    0x20000254   COMPRESSED   0x0000000c   Data   RW        11099    .data               ff.o
    0x20000260        -       0x0000005c   Zero   RW          462    .bss                acqtask.o
    0x200002bc        -       0x00000800   Zero   RW          585    .bss                commandtask.o
    0x20000abc        -       0x00000014   Zero   RW          657    .bss                gpstask.o
    0x20000ad0        -       0x00000100   Zero   RW          725    .bss                heartbeattask.o
    0x20000bd0        -       0x00000164   Zero   RW         1329    .bss                gps.o
    0x20000d34        -       0x00000094   Zero   RW         1418    .bss                oled.o
    0x20000dc8        -       0x00000100   Zero   RW         1730    .bss                ota.o
    0x20000ec8        -       0x00001030   Zero   RW         1883    .bss                tf.o
    0x20001ef8        -       0x000000c8   Zero   RW         2006    .bss                usart.o
    0x20001fc0        -       0x00000080   Zero   RW         2215    .bss                rs485.o
    0x20002040        -       0x000000c0   Zero   RW         2267    .bss                modbus.o
    0x20002100        -       0x00000320   Zero   RW         2315    .bss                flash.o
    0x20002420        -       0x00001000   Zero   RW         2378    .bss                uart4.o
    0x20003420        -       0x000002c0   Zero   RW         2446    .bss                sdio_sdcard.o
    0x200036e0        -       0x00000040   Zero   RW         7584    .bss                queue.o
    0x20003720        -       0x000002e4   Zero   RW         7845    .bss                tasks.o
    0x20003a04        -       0x00000028   Zero   RW         8171    .bss                timers.o
    0x20003a2c        -       0x00014000   Zero   RW         8291    .bss                heap_4.o
    0x20017a2c        -       0x00000400   Zero   RW         9278    .bss                u8g2_d_memory.o
    0x20017e2c        -       0x00000060   Zero   RW        11490    .bss                c_w.l(libspace.o)
    0x20017e8c   COMPRESSED   0x00000004   PAD
    0x20017e90        -       0x00000400   Zero   RW         7479    HEAP                startup_stm32f40_41xxx.o
    0x20018290        -       0x00000800   Zero   RW         7478    STACK               startup_stm32f40_41xxx.o


==============================================================================

Image component sizes


      Code (inc. data)   RO Data    RW Data    ZI Data      Debug   Object Name

      1008        398          0          8         92       5944   acqtask.o
       558         26          0          0          0       7208   aht20.o
        24          8          0          0          0        993   buzzer.o
       216        104          0          0          0        768   cdom.o
        56          0          0          0          0        747   chl.o
       186          6          0          0          0       2797   cod.o
      2636       1590          0         54       2048       7747   commandtask.o
       184         14          0          4          0       2769   delay.o
       158          4          0          0          0       5456   diskio.o
        56          0          0          0          0        742   do.o
      4228         38          0         12          0      27999   ff.o
       354         50          0          4        800       4546   flash.o
      1322         80          0          8        356       8261   gps.o
       280         36          0         12         20       3333   gpstask.o
       496        350          0          0          0        843   hardwareinittask.o
       600        154          0         24      81920       4467   heap_4.o
       596        276          0          0        256       2449   heartbeattask.o
       548          0          0          0          0       7241   iic.o
        64          6          0          0          0        575   led.o
       136          0          0          0          0       5014   list.o
       176         88          0          0          0     492013   main.o
       144         14          0          0          0       2345   misc.o
       280         20        512          0        192       3313   modbus.o
       808        110         10          4        148       4803   oled.o
       276         64          0          0          0       1123   oledtask.o
      3480       1964          0         64        256      11837   ota.o
        56          0          0          0          0        742   ph.o
      1078        422          0         12          0      11525   port.o
      2152        358          0          0         64      24301   queue.o
       648         48          0         16        128       5951   rs485.o
        56          0          0          0          0        747   sal.o
      6048        286          0         16        704      37457   sdio_sdcard.o
       378         20        512          0          0       5639   self_exam.o
       284         26          0          0          0       2349   spi.o
        64         26        392          0       3072        900   startup_stm32f40_41xxx.o
       286         20          0          0          0       6078   stm32f4xx_adc.o
       440         24          0          0          0       6146   stm32f4xx_dma.o
       310         30          0          0          0       4595   stm32f4xx_flash.o
       174          0          0          0          0       3891   stm32f4xx_gpio.o
        12          0          0          0          0       3013   stm32f4xx_it.o
       240         36          0         16          0       5736   stm32f4xx_rcc.o
       192         36          0          0          0       6217   stm32f4xx_sdio.o
        98          0          0          0          0       3862   stm32f4xx_spi.o
       348          8          0          0          0       6812   stm32f4xx_usart.o
        16          0          0          0          0        520   sys.o
       272         38          0         20          0       1981   system_stm32f4xx_1.o
      3378        954          0         60        740      36563   tasks.o
       556        308          0         32          0       5699   tasksinit.o
       460        278          0          0       4144       5456   tf.o
      1972        642        243          8          0       4168   tftask.o
      1180        294          0         20         40      10734   timers.o
       556          0          0          0          0       2785   u8g2_box.o
       230          0          0          0          0       4676   u8g2_buffer.o
       730          0          0          0          0       6634   u8g2_circle.o
        12          4          0          0       1024        952   u8g2_d_memory.o
        56         14          0          0          0       1161   u8g2_d_setup.o
      1198         10          0          0          0      15344   u8g2_font.o
         0          0      15812          0          0        898   u8g2_fonts.o
       318          0          0          0          0       4778   u8g2_hvline.o
        72          0          0          0          0       2083   u8g2_intersection.o
       170          0          0          0          0       1088   u8g2_line.o
       142          0          0          0          0       1594   u8g2_ll_hvline.o
       328          0         12          0          0     147455   u8g2_setup.o
        22          0          0          0          0       2033   u8x8_8x8.o
       466          0          0          0          0       8300   u8x8_byte.o
       414         12          0          6          0       9488   u8x8_cad.o
       260         14        344          0          0       3339   u8x8_d_ssd1306_128x64_noname.o
       200          0          0          0          0       4890   u8x8_display.o
        12          0          0          0          0        661   u8x8_gpio.o
        74          4          0          0          0       2062   u8x8_setup.o
       784        162          0          8       4096       3699   uart4.o
      1796        800        143          8          0       5490   uploadtask.o
       294         26          0          6        200       4548   usart.o
        18          8          0          0          0       1050   version.o
       512         86          0         12          0       2646   voltage.o
       256          0          0          0          0       4284   w25q128.o
      1104        412         56        168          0      50637   wqinterface.o
        82          0          0          0          0       2325   y4000.o

    ----------------------------------------------------------------------
     49754      10806      18072        608     100300    1111315   Object Totals
         0          0         32          0          0          0   (incl. Generated)
        80          0          4          6          0          0   (incl. Padding)

    ----------------------------------------------------------------------

      Code (inc. data)   RO Data    RW Data    ZI Data      Debug   Library Member Name

        24          4          0          0          0         84   __2printf.o
        56          6          0          0          0         88   __2snprintf.o
        44          6          0          0          0         84   __2sprintf.o
        90          0          0          0          0          0   __dczerorl2.o
         8          0          0          0          0         68   __main.o
       392          4         17          0          0         92   __printf_flags_ss_wp.o
        14          0          0          0          0         68   __printf_wp.o
         0          0          0          0          0          0   __rtentry.o
        12          0          0          0          0          0   __rtentry2.o
         6          0          0          0          0          0   __rtentry4.o
        52          8          0          0          0          0   __scatter.o
        28          0          0          0          0          0   __scatter_zi.o
        28          0          0          0          0         68   _chval.o
        44          0          0          0          0        108   _printf_char.o
        48          6          0          0          0         96   _printf_char_common.o
        36          4          0          0          0         80   _printf_char_file.o
         6          0          0          0          0          0   _printf_d.o
       120         16          0          0          0         92   _printf_dec.o
         6          0          0          0          0          0   _printf_f.o
      1054          0          0          0          0        216   _printf_fp_dec.o
       128         16          0          0          0         84   _printf_fp_infnan.o
        88          4         40          0          0         88   _printf_hex_int.o
       178          0          0          0          0         88   _printf_intcommon.o
        78          0          0          0          0        108   _printf_pad.o
         0          0          0          0          0          0   _printf_percent.o
         4          0          0          0          0          0   _printf_percent_end.o
         6          0          0          0          0          0   _printf_s.o
        82          0          0          0          0         80   _printf_str.o
         6          0          0          0          0          0   _printf_u.o
         6          0          0          0          0          0   _printf_x.o
        16          0          0          0          0         68   _snputc.o
        10          0          0          0          0         68   _sputc.o
       158          0          0          0          0         92   _strtoul.o
        16          0          0          0          0         68   aeabi_memset.o
        26          0          0          0          0         80   atoi.o
       228          4        148          0          0         96   bigflt0.o
      1936        128          0          0          0        672   btod.o
        18          0          0          0          0         80   exit.o
         8          0          0          0          0         68   ferror.o
         6          0          0          0          0        152   heapauxi.o
        44         10        272          0          0         76   lc_ctype_c.o
        44         10         28          0          0         76   lc_numeric_c.o
         2          0          0          0          0          0   libinit.o
        34          0          0          0          0          0   libinit2.o
         2          0          0          0          0          0   libshutdown.o
         2          0          0          0          0          0   libshutdown2.o
         8          4          0          0         96         68   libspace.o
        72          0          0          0          0         76   llsdiv.o
       138          0          0          0          0         80   lludiv10.o
       238          0          0          0          0        100   lludivv7m.o
        16          4          0          0          0         76   rt_ctype_table.o
         8          4          0          0          0         68   rt_errno_addr_intlibspace.o
         8          4          0          0          0         68   rt_locale_intlibspace.o
        68          0          0          0          0         68   rt_memclr.o
        78          0          0          0          0         80   rt_memclr_w.o
       138          0          0          0          0         68   rt_memcpy_v6.o
       100          0          0          0          0         80   rt_memcpy_w.o
         2          0          0          0          0          0   rtexit.o
        10          0          0          0          0          0   rtexit2.o
        20          0          0          0          0         68   strchr.o
       128          0          0          0          0         68   strcmpv7m.o
        72          0          0          0          0         80   strcpy.o
        62          0          0          0          0         76   strlen.o
       150          0          0          0          0         80   strncmp.o
        86          0          0          0          0         76   strncpy.o
        22          0          0          0          0         68   strrchr.o
        36          0          0          0          0         80   strstr.o
       112          0          0          0          0         88   strtol.o
       114          0          0          0          0         92   strtoul.o
        74          0          0          0          0         80   sys_stackheap_outer.o
         2          0          0          0          0         68   use_no_semi.o
         2          0          0          0          0         68   use_no_semi_2.o
       688        140          0          0          0        256   ddiv.o
        94          4          0          0          0        140   dfix.o
        46          0          0          0          0        116   dflt_clz.o
       340         12          0          0          0        152   dmul.o
       156          4          0          0          0        140   dnaninf.o
        12          0          0          0          0        116   dretinf.o
        86          4          0          0          0        132   f2d.o
       140          4          0          0          0        132   fnaninf.o
        10          0          0          0          0        116   fpinit.o
         4          0          0          0          0        116   printf1.o
         0          0          0          0          0          0   usenofp.o
        48          0          0          0          0        124   fpclassify.o

    ----------------------------------------------------------------------
      8594        410        508          0        100       6552   Library Totals
        12          0          3          0          4          0   (incl. Padding)

    ----------------------------------------------------------------------

      Code (inc. data)   RO Data    RW Data    ZI Data      Debug   Library Name

      6958        242        505          0         96       5012   c_w.l
      1576        168          0          0          0       1416   fz_wm.l
        48          0          0          0          0        124   m_wm.l

    ----------------------------------------------------------------------
      8594        410        508          0        100       6552   Library Totals

    ----------------------------------------------------------------------

==============================================================================


      Code (inc. data)   RO Data    RW Data    ZI Data      Debug   

     58348      11216      18580        608     100400    1070203   Grand Totals
     58348      11216      18580        160     100400    1070203   ELF Image Totals (compressed)
     58348      11216      18580        160          0          0   ROM Totals

==============================================================================

    Total RO  Size (Code + RO Data)                76928 (  75.13kB)
    Total RW  Size (RW Data + ZI Data)            101008 (  98.64kB)
    Total ROM Size (Code + RO Data + RW Data)      77088 (  75.28kB)

==============================================================================

