Component: ARM Compiler 5.06 update 5 (build 528) Tool: armlink [4d35e2]

==============================================================================

Section Cross References

    main.o(i.main) refers to misc.o(i.NVIC_PriorityGroupConfig) for NVIC_PriorityGroupConfig
    main.o(i.main) refers to delay.o(i.delay_init) for delay_init
    main.o(i.main) refers to usart.o(i.uart_init) for uart_init
    main.o(i.main) refers to led.o(i.LED_Init) for LED_Init
    main.o(i.main) refers to flash.o(i.Flash_Init) for Flash_Init
    main.o(i.main) refers to flash.o(i.Flash_LoadSystemState) for Flash_LoadSystemState
    main.o(i.main) refers to w25q128.o(i.W25Q128_Init) for W25Q128_Init
    main.o(i.main) refers to ota.o(i.OTA_Init) for OTA_Init
    main.o(i.main) refers to ota.o(i.OTA_ConfirmStartup) for OTA_ConfirmStartup
    main.o(i.main) refers to uart4.o(i.UART4_MQTT_Init) for UART4_MQTT_Init
    main.o(i.main) refers to tasksinit.o(i.User_Tasks_Init) for User_Tasks_Init
    main.o(i.main) refers to tasks.o(i.vTaskStartScheduler) for vTaskStartScheduler
    main.o(i.vApplicationStackOverflowHook) refers to _printf_percent.o(.ARM.Collect$$_printf_percent$$00000000) for _printf_percent
    main.o(i.vApplicationStackOverflowHook) refers to _printf_s.o(.ARM.Collect$$_printf_percent$$00000014) for _printf_s
    main.o(i.vApplicationStackOverflowHook) refers to _printf_str.o(.text) for _printf_str
    main.o(i.vApplicationStackOverflowHook) refers to __2printf.o(.text) for __2printf
    version.o(i.Version_GetFullInfo) refers to _printf_percent.o(.ARM.Collect$$_printf_percent$$00000000) for _printf_percent
    version.o(i.Version_GetFullInfo) refers to _printf_s.o(.ARM.Collect$$_printf_percent$$00000014) for _printf_s
    version.o(i.Version_GetFullInfo) refers to _printf_str.o(.text) for _printf_str
    version.o(i.Version_GetFullInfo) refers to __2snprintf.o(.text) for __2snprintf
    version.o(i.Version_GetFullInfo) refers to version.o(.bss) for .bss
    system_stm32f4xx_1.o(i.SystemCoreClockUpdate) refers to system_stm32f4xx_1.o(.data) for .data
    system_stm32f4xx_1.o(i.SystemInit) refers to system_stm32f4xx_1.o(i.SetSysClock) for SetSysClock
    tasksinit.o(i.User_Tasks_Init) refers to __2printf.o(.text) for __2printf
    tasksinit.o(i.User_Tasks_Init) refers to queue.o(i.xQueueGenericCreate) for xQueueGenericCreate
    tasksinit.o(i.User_Tasks_Init) refers to event_groups.o(i.xEventGroupCreate) for xEventGroupCreate
    tasksinit.o(i.User_Tasks_Init) refers to gpstask.o(i.GPS_TaskInit) for GPS_TaskInit
    tasksinit.o(i.User_Tasks_Init) refers to tasks.o(i.xTaskCreate) for xTaskCreate
    tasksinit.o(i.User_Tasks_Init) refers to ota.o(i.OTA_TaskInit) for OTA_TaskInit
    tasksinit.o(i.User_Tasks_Init) refers to ota.o(i.OTA_RegisterTasks) for OTA_RegisterTasks
    tasksinit.o(i.User_Tasks_Init) refers to tasksinit.o(.data) for .data
    tasksinit.o(i.User_Tasks_Init) refers to hardwareinittask.o(i.HardwareInitTask) for HardwareInitTask
    tasksinit.o(i.User_Tasks_Init) refers to acqtask.o(i.Acquisition_Task) for Acquisition_Task
    tasksinit.o(i.User_Tasks_Init) refers to uploadtask.o(i.Upload_Task) for Upload_Task
    tasksinit.o(i.User_Tasks_Init) refers to tftask.o(i.TF_Task) for TF_Task
    tasksinit.o(i.User_Tasks_Init) refers to oledtask.o(i.OledTask) for OledTask
    tasksinit.o(i.User_Tasks_Init) refers to commandtask.o(i.Command_Task) for Command_Task
    tasksinit.o(i.User_Tasks_Init) refers to gpstask.o(i.GPS_Task) for GPS_Task
    tasksinit.o(i.User_Tasks_Init) refers to heartbeattask.o(i.Heartbeat_Task) for Heartbeat_Task
    hardwareinittask.o(i.HardwareInitTask) refers to tasks.o(i.vTaskSuspendAll) for vTaskSuspendAll
    hardwareinittask.o(i.HardwareInitTask) refers to __2printf.o(.text) for __2printf
    hardwareinittask.o(i.HardwareInitTask) refers to self_exam.o(i.SelfExam_Init) for SelfExam_Init
    hardwareinittask.o(i.HardwareInitTask) refers to rs485.o(i.rs485_init) for rs485_init
    hardwareinittask.o(i.HardwareInitTask) refers to tasks.o(i.xTaskResumeAll) for xTaskResumeAll
    hardwareinittask.o(i.HardwareInitTask) refers to event_groups.o(i.xEventGroupSetBits) for xEventGroupSetBits
    hardwareinittask.o(i.HardwareInitTask) refers to tasks.o(i.vTaskDelete) for vTaskDelete
    hardwareinittask.o(i.HardwareInitTask) refers to wqinterface.o(.data) for WQInterface
    hardwareinittask.o(i.HardwareInitTask) refers to gpstask.o(i.GPSTask_RxCallback) for GPSTask_RxCallback
    hardwareinittask.o(i.HardwareInitTask) refers to tasksinit.o(.data) for g_system_events
    acqtask.o(i.Acquisition_GetFrequency) refers to acqtask.o(.data) for .data
    acqtask.o(i.Acquisition_Init) refers to queue.o(i.xQueueCreateMutex) for xQueueCreateMutex
    acqtask.o(i.Acquisition_Init) refers to __2printf.o(.text) for __2printf
    acqtask.o(i.Acquisition_Init) refers to acqtask.o(.data) for .data
[...]
    xQueueGenericSend                        0x0808e06d   Thumb Code   350  queue.o(i.xQueueGenericSend)
    xQueueGenericSendFromISR                 0x0808e201   Thumb Code   188  queue.o(i.xQueueGenericSendFromISR)
    xQueueGiveFromISR                        0x0808e2ed   Thumb Code   162  queue.o(i.xQueueGiveFromISR)
    xTaskCheckForTimeOut                     0x0808e3c1   Thumb Code    94  tasks.o(i.xTaskCheckForTimeOut)
    xTaskCreate                              0x0808e455   Thumb Code    86  tasks.o(i.xTaskCreate)
    xTaskGetSchedulerState                   0x0808e4ad   Thumb Code    22  tasks.o(i.xTaskGetSchedulerState)
    xTaskGetTickCount                        0x0808e4c9   Thumb Code     6  tasks.o(i.xTaskGetTickCount)
    xTaskGetTickCountFromISR                 0x0808e4d5   Thumb Code    12  tasks.o(i.xTaskGetTickCountFromISR)
    xTaskIncrementTick                       0x0808e4e5   Thumb Code   188  tasks.o(i.xTaskIncrementTick)
    xTaskPriorityDisinherit                  0x0808e5d9   Thumb Code   136  tasks.o(i.xTaskPriorityDisinherit)
    xTaskRemoveFromEventList                 0x0808e699   Thumb Code   102  tasks.o(i.xTaskRemoveFromEventList)
    xTaskRemoveFromUnorderedEventList        0x0808e73d   Thumb Code   108  tasks.o(i.xTaskRemoveFromUnorderedEventList)
    xTaskResumeAll                           0x0808e7e1   Thumb Code   180  tasks.o(i.xTaskResumeAll)
    xTimerCreate                             0x0808e8d1   Thumb Code    74  timers.o(i.xTimerCreate)
    xTimerCreateTimerTask                    0x0808e94d   Thumb Code    58  timers.o(i.xTimerCreateTimerTask)
    xTimerGenericCommand                     0x0808e9c9   Thumb Code    98  timers.o(i.xTimerGenericCommand)
    y4000_read                               0x0808ea61   Thumb Code    82  y4000.o(i.y4000_read)
    _get_lc_ctype                            0x0808eab5   Thumb Code    44  lc_ctype_c.o(locale$$code)
    _get_lc_numeric                          0x0808eae1   Thumb Code    44  lc_numeric_c.o(locale$$code)
    __aeabi_ddiv                             0x0808eb0d   Thumb Code     0  ddiv.o(x$fpl$ddiv)
    _ddiv                                    0x0808eb0d   Thumb Code   552  ddiv.o(x$fpl$ddiv)
    __aeabi_d2iz                             0x0808edbd   Thumb Code     0  dfix.o(x$fpl$dfix)
    _dfix                                    0x0808edbd   Thumb Code    94  dfix.o(x$fpl$dfix)
    __aeabi_i2d                              0x0808ee1b   Thumb Code     0  dflt_clz.o(x$fpl$dflt)
    _dflt                                    0x0808ee1b   Thumb Code    46  dflt_clz.o(x$fpl$dflt)
    __aeabi_dmul                             0x0808ee49   Thumb Code     0  dmul.o(x$fpl$dmul)
    _dmul                                    0x0808ee49   Thumb Code   332  dmul.o(x$fpl$dmul)
    __fpl_dnaninf                            0x0808ef9d   Thumb Code   156  dnaninf.o(x$fpl$dnaninf)
    __fpl_dretinf                            0x0808f039   Thumb Code    12  dretinf.o(x$fpl$dretinf)
    __aeabi_f2d                              0x0808f045   Thumb Code     0  f2d.o(x$fpl$f2d)
    _f2d                                     0x0808f045   Thumb Code    86  f2d.o(x$fpl$f2d)
    __fpl_fnaninf                            0x0808f09b   Thumb Code   140  fnaninf.o(x$fpl$fnaninf)
    _fp_init                                 0x0808f127   Thumb Code    10  fpinit.o(x$fpl$fpinit)
    __fplib_config_fpu_vfp                   0x0808f12f   Thumb Code     0  fpinit.o(x$fpl$fpinit)
    __fplib_config_pureend_doubles           0x0808f12f   Thumb Code     0  fpinit.o(x$fpl$fpinit)
    _printf_fp_dec                           0x0808f131   Thumb Code     4  printf1.o(x$fpl$printf1)
    __I$use$fp                               0x0808f134   Number         0  usenofp.o(x$fpl$usenofp)
    u8g2_font_ncenB08_tf                     0x0808f56c   Data        2465  u8g2_fonts.o(.constdata)
    u8g2_font_ncenB12_tf                     0x0808ff0d   Data        3863  u8g2_fonts.o(.constdata)
    u8g2_font_inb21_mf                       0x08090e24   Data        7872  u8g2_fonts.o(.constdata)
    u8g2_font_5x7_tf                         0x08092ce4   Data        1612  u8g2_fonts.o(.constdata)
    u8g2_cb_r0                               0x08093330   Data          12  u8g2_setup.o(.constdata)
    Region$$Table$$Base                      0x08093780   Number         0  anon$$obj.o(Region$$Table)
    Region$$Table$$Limit                     0x080937a0   Number         0  anon$$obj.o(Region$$Table)
    __ctype                                  0x080937ad   Data           0  lc_ctype_c.o(locale$$data)
    SystemCoreClock                          0x20000000   Data           4  system_stm32f4xx_1.o(.data)
    AHBPrescTable                            0x20000004   Data          16  system_stm32f4xx_1.o(.data)
    AcqTaskHandle                            0x20000014   Data           4  tasksinit.o(.data)
    UploadTaskHandle                         0x20000018   Data           4  tasksinit.o(.data)
    TFTaskHandle                             0x2000001c   Data           4  tasksinit.o(.data)
    OledTaskHandle                           0x20000020   Data           4  tasksinit.o(.data)
    CmdTaskHandle                            0x20000024   Data           4  tasksinit.o(.data)
    GpsTaskHandle                            0x20000028   Data           4  tasksinit.o(.data)
    HeartbeatTaskHandle                      0x2000002c   Data           4  tasksinit.o(.data)
    xUartRxQueue                             0x20000030   Data           4  tasksinit.o(.data)
    g_system_events                          0x20000034   Data           4  tasksinit.o(.data)
    g_acquisition_frequency                  0x20000038   Data           2  acqtask.o(.data)
    g_acquisition_data_mutex                 0x2000003c   Data           4  acqtask.o(.data)
    g_upload_frequency                       0x20000042   Data           2  uploadtask.o(.data)
    WQInterface                              0x200000a0   Data         148  wqinterface.o(.data)
    COMMAND                                  0x2000014c   Data           4  oled.o(.data)
    battery                                  0x20000150   Data           1  voltage.o(.data)
    voltage_percentage                       0x20000154   Data           4  voltage.o(.data)
    USART_RX_STA                             0x200001a0   Data           2  usart.o(.data)
    __stdout                                 0x200001a4   Data           4  usart.o(.data)
    TransferError                            0x200001c7   Data           1  sdio_sdcard.o(.data)
    TransferEnd                              0x200001c8   Data           1  sdio_sdcard.o(.data)
    tempbuff                                 0x200001d0   Data           4  sdio_sdcard.o(.data)
    pxCurrentTCB                             0x200001e4   Data           4  tasks.o(.data)
    g_latest_acquisition_data                0x2000026c   Data          84  acqtask.o(.bss)
    u8g2                                     0x20000d38   Data         148  oled.o(.bss)
    USART_RX_BUF                             0x20001efc   Data         200  usart.o(.bss)
    SDIO_InitStructure                       0x20003428   Data          24  sdio_sdcard.o(.bss)
    SDIO_CmdInitStructure                    0x20003440   Data          20  sdio_sdcard.o(.bss)
    SDIO_DataInitStructure                   0x20003454   Data          24  sdio_sdcard.o(.bss)
    SDCardInfo                               0x20003490   Data          88  sdio_sdcard.o(.bss)
    SDIO_DATA_BUFFER                         0x200034e8   Data         512  sdio_sdcard.o(.bss)
    xQueueRegistry                           0x200036e8   Data          64  queue.o(.bss)
    __libspace_start                         0x20017e34   Data          96  libspace.o(.bss)
    __temporary_stack_top$libspace           0x20017e94   Data           0  libspace.o(.bss)



==============================================================================

Memory Map of the image

  Image Entry point : 0x08080189

  Load Region LR_IROM1 (Base: 0x08080000, Size: 0x00013b38, Max: 0x00080000, ABSOLUTE, COMPRESSED[0x00013970])

    Execution Region ER_IROM1 (Exec base: 0x08080000, Load base: 0x08080000, Size: 0x000138cc, Max: 0x00080000, ABSOLUTE)

    Exec Addr    Load Addr    Size         Type   Attr      Idx    E Section Name        Object

    0x08080000   0x08080000   0x00000188   Data   RO         7494    RESET               startup_stm32f40_41xxx.o
    0x08080188   0x08080188   0x00000008   Code   RO        11538  * !!!main             c_w.l(__main.o)
    0x08080190   0x08080190   0x00000034   Code   RO        11814    !!!scatter          c_w.l(__scatter.o)
    0x080801c4   0x080801c4   0x0000005a   Code   RO        11812    !!dczerorl2         c_w.l(__dczerorl2.o)
    0x0808021e   0x0808021e   0x00000002   PAD
    0x08080220   0x08080220   0x0000001c   Code   RO        11816    !!handler_zi        c_w.l(__scatter_zi.o)
    0x0808023c   0x0808023c   0x00000000   Code   RO        11507    .ARM.Collect$$_printf_percent$$00000000  c_w.l(_printf_percent.o)
    0x0808023c   0x0808023c   0x00000006   Code   RO        11506    .ARM.Collect$$_printf_percent$$00000003  c_w.l(_printf_f.o)
    0x08080242   0x08080242   0x00000006   Code   RO        11504    .ARM.Collect$$_printf_percent$$00000009  c_w.l(_printf_d.o)
    0x08080248   0x08080248   0x00000006   Code   RO        11505    .ARM.Collect$$_printf_percent$$0000000A  c_w.l(_printf_u.o)
    0x0808024e   0x0808024e   0x00000006   Code   RO        11503    .ARM.Collect$$_printf_percent$$0000000C  c_w.l(_printf_x.o)
    0x08080254   0x08080254   0x00000006   Code   RO        11502    .ARM.Collect$$_printf_percent$$00000014  c_w.l(_printf_s.o)
    0x0808025a   0x0808025a   0x00000004   Code   RO        11586    .ARM.Collect$$_printf_percent$$00000017  c_w.l(_printf_percent_end.o)
    0x0808025e   0x0808025e   0x00000002   Code   RO        11685    .ARM.Collect$$libinit$$00000000  c_w.l(libinit.o)
    0x08080260   0x08080260   0x00000004   Code   RO        11686    .ARM.Collect$$libinit$$00000001  c_w.l(libinit2.o)
    0x08080264   0x08080264   0x00000000   Code   RO        11689    .ARM.Collect$$libinit$$00000004  c_w.l(libinit2.o)
    0x08080264   0x08080264   0x00000000   Code   RO        11692    .ARM.Collect$$libinit$$0000000A  c_w.l(libinit2.o)
    0x08080264   0x08080264   0x00000000   Code   RO        11694    .ARM.Collect$$libinit$$0000000C  c_w.l(libinit2.o)
    0x08080264   0x08080264   0x00000000   Code   RO        11696    .ARM.Collect$$libinit$$0000000E  c_w.l(libinit2.o)
    0x08080264   0x08080264   0x00000006   Code   RO        11697    .ARM.Collect$$libinit$$0000000F  c_w.l(libinit2.o)
    0x0808026a   0x0808026a   0x00000000   Code   RO        11699    .ARM.Collect$$libinit$$00000011  c_w.l(libinit2.o)
    0x0808026a   0x0808026a   0x0000000c   Code   RO        11700    .ARM.Collect$$libinit$$00000012  c_w.l(libinit2.o)
    0x08080276   0x08080276   0x00000000   Code   RO        11701    .ARM.Collect$$libinit$$00000013  c_w.l(libinit2.o)
    0x08080276   0x08080276   0x00000000   Code   RO        11703    .ARM.Collect$$libinit$$00000015  c_w.l(libinit2.o)
    0x08080276   0x08080276   0x0000000a   Code   RO        11704    .ARM.Collect$$libinit$$00000016  c_w.l(libinit2.o)
    0x08080280   0x08080280   0x00000000   Code   RO        11705    .ARM.Collect$$libinit$$00000017  c_w.l(libinit2.o)
    0x08080280   0x08080280   0x00000000   Code   RO        11707    .ARM.Collect$$libinit$$00000019  c_w.l(libinit2.o)
    0x08080280   0x08080280   0x00000000   Code   RO        11709    .ARM.Collect$$libinit$$0000001B  c_w.l(libinit2.o)
    0x08080280   0x08080280   0x00000000   Code   RO        11711    .ARM.Collect$$libinit$$0000001D  c_w.l(libinit2.o)
    0x08080280   0x08080280   0x00000000   Code   RO        11713    .ARM.Collect$$libinit$$0000001F  c_w.l(libinit2.o)
    0x08080280   0x08080280   0x00000000   Code   RO        11715    .ARM.Collect$$libinit$$00000021  c_w.l(libinit2.o)
    0x08080280   0x08080280   0x00000000   Code   RO        11717    .ARM.Collect$$libinit$$00000023  c_w.l(libinit2.o)
    0x08080280   0x08080280   0x00000000   Code   RO        11719    .ARM.Collect$$libinit$$00000025  c_w.l(libinit2.o)
    0x08080280   0x08080280   0x00000000   Code   RO        11723    .ARM.Collect$$libinit$$0000002C  c_w.l(libinit2.o)
    0x08080280   0x08080280   0x00000000   Code   RO        11725    .ARM.Collect$$libinit$$0000002E  c_w.l(libinit2.o)
    0x08080280   0x08080280   0x00000000   Code   RO        11727    .ARM.Collect$$libinit$$00000030  c_w.l(libinit2.o)
    0x08080280   0x08080280   0x00000000   Code   RO        11729    .ARM.Collect$$libinit$$00000032  c_w.l(libinit2.o)
    0x08080280   0x08080280   0x00000002   Code   RO        11730    .ARM.Collect$$libinit$$00000033  c_w.l(libinit2.o)
    0x08080282   0x08080282   0x00000002   Code   RO        11772    .ARM.Collect$$libshutdown$$00000000  c_w.l(libshutdown.o)
    0x08080284   0x08080284   0x00000000   Code   RO        11781    .ARM.Collect$$libshutdown$$00000002  c_w.l(libshutdown2.o)
    0x08080284   0x08080284   0x00000000   Code   RO        11783    .ARM.Collect$$libshutdown$$00000004  c_w.l(libshutdown2.o)
    0x08080284   0x08080284   0x00000000   Code   RO        11786    .ARM.Collect$$libshutdown$$00000007  c_w.l(libshutdown2.o)
    0x08080284   0x08080284   0x00000000   Code   RO        11789    .ARM.Collect$$libshutdown$$0000000A  c_w.l(libshutdown2.o)
    0x08080284   0x08080284   0x00000000   Code   RO        11791    .ARM.Collect$$libshutdown$$0000000C  c_w.l(libshutdown2.o)
    0x08080284   0x08080284   0x00000000   Code   RO        11794    .ARM.Collect$$libshutdown$$0000000F  c_w.l(libshutdown2.o)
    0x08080284   0x08080284   0x00000002   Code   RO        11795    .ARM.Collect$$libshutdown$$00000010  c_w.l(libshutdown2.o)
    0x08080286   0x08080286   0x00000000   Code   RO        11562    .ARM.Collect$$rtentry$$00000000  c_w.l(__rtentry.o)
    0x08080286   0x08080286   0x00000000   Code   RO        11602    .ARM.Collect$$rtentry$$00000002  c_w.l(__rtentry2.o)
    0x08080286   0x08080286   0x00000006   Code   RO        11614    .ARM.Collect$$rtentry$$00000004  c_w.l(__rtentry4.o)
    0x0808028c   0x0808028c   0x00000000   Code   RO        11604    .ARM.Collect$$rtentry$$00000009  c_w.l(__rtentry2.o)
    0x0808028c   0x0808028c   0x00000004   Code   RO        11605    .ARM.Collect$$rtentry$$0000000A  c_w.l(__rtentry2.o)
    0x08080290   0x08080290   0x00000000   Code   RO        11607    .ARM.Collect$$rtentry$$0000000C  c_w.l(__rtentry2.o)
    0x08080290   0x08080290   0x00000008   Code   RO        11608    .ARM.Collect$$rtentry$$0000000D  c_w.l(__rtentry2.o)
    0x08080298   0x08080298   0x00000002   Code   RO        11731    .ARM.Collect$$rtexit$$00000000  c_w.l(rtexit.o)
    0x0808029a   0x0808029a   0x00000000   Code   RO        11742    .ARM.Collect$$rtexit$$00000002  c_w.l(rtexit2.o)
    0x0808029a   0x0808029a   0x00000004   Code   RO        11743    .ARM.Collect$$rtexit$$00000003  c_w.l(rtexit2.o)
    0x0808029e   0x0808029e   0x00000006   Code   RO        11744    .ARM.Collect$$rtexit$$00000004  c_w.l(rtexit2.o)
    0x080802a4   0x080802a4   0x00000010   Code   RO         1994    .emb_text           sys.o
    0x080802b4   0x080802b4   0x000000b6   Code   RO         8454    .emb_text           port.o
    0x0808036a   0x0808036a   0x00000002   PAD
    0x0808036c   0x0808036c   0x00000040   Code   RO         7495    .text               startup_stm32f40_41xxx.o
    0x080803ac   0x080803ac   0x00000002   Code   RO        11436    .text               c_w.l(use_no_semi_2.o)
    0x080803ae   0x080803ae   0x00000048   Code   RO        11438    .text               c_w.l(llsdiv.o)
    0x080803f6   0x080803f6   0x00000002   PAD
    0x080803f8   0x080803f8   0x00000018   Code   RO        11440    .text               c_w.l(__2printf.o)
    0x08080410   0x08080410   0x0000002c   Code   RO        11442    .text               c_w.l(__2sprintf.o)
    0x0808043c   0x0808043c   0x00000038   Code   RO        11444    .text               c_w.l(__2snprintf.o)
    0x08080474   0x08080474   0x0000004e   Code   RO        11454    .text               c_w.l(_printf_pad.o)
    0x080804c2   0x080804c2   0x00000052   Code   RO        11456    .text               c_w.l(_printf_str.o)
    0x08080514   0x08080514   0x00000078   Code   RO        11458    .text               c_w.l(_printf_dec.o)
    0x0808058c   0x0808058c   0x00000058   Code   RO        11463    .text               c_w.l(_printf_hex_int.o)
    0x080805e4   0x080805e4   0x00000188   Code   RO        11498    .text               c_w.l(__printf_flags_ss_wp.o)
    0x0808076c   0x0808076c   0x0000001a   Code   RO        11508    .text               c_w.l(atoi.o)
    0x08080786   0x08080786   0x00000072   Code   RO        11510    .text               c_w.l(strtoul.o)
    0x080807f8   0x080807f8   0x00000014   Code   RO        11512    .text               c_w.l(strchr.o)
    0x0808080c   0x0808080c   0x00000024   Code   RO        11514    .text               c_w.l(strstr.o)
    0x08080830   0x08080830   0x00000048   Code   RO        11516    .text               c_w.l(strcpy.o)
    0x08080878   0x08080878   0x00000016   Code   RO        11518    .text               c_w.l(strrchr.o)
    0x0808088e   0x0808088e   0x0000003e   Code   RO        11520    .text               c_w.l(strlen.o)
    0x080808cc   0x080808cc   0x00000096   Code   RO        11522    .text               c_w.l(strncmp.o)
    0x08080962   0x08080962   0x0000008a   Code   RO        11524    .text               c_w.l(rt_memcpy_v6.o)
    0x080809ec   0x080809ec   0x00000064   Code   RO        11526    .text               c_w.l(rt_memcpy_w.o)
    0x08080a50   0x08080a50   0x00000010   Code   RO        11528    .text               c_w.l(aeabi_memset.o)
    0x08080a60   0x08080a60   0x00000044   Code   RO        11530    .text               c_w.l(rt_memclr.o)
    0x08080aa4   0x08080aa4   0x0000004e   Code   RO        11532    .text               c_w.l(rt_memclr_w.o)
    0x08080af2   0x08080af2   0x00000056   Code   RO        11534    .text               c_w.l(strncpy.o)
    0x08080b48   0x08080b48   0x00000006   Code   RO        11536    .text               c_w.l(heapauxi.o)
    0x08080b4e   0x08080b4e   0x00000002   Code   RO        11560    .text               c_w.l(use_no_semi.o)
    0x08080b50   0x08080b50   0x00000010   Code   RO        11563    .text               c_w.l(rt_ctype_table.o)
    0x08080b60   0x08080b60   0x00000008   Code   RO        11568    .text               c_w.l(rt_errno_addr_intlibspace.o)
    0x08080b68   0x08080b68   0x000000ee   Code   RO        11570    .text               c_w.l(lludivv7m.o)
    0x08080c56   0x08080c56   0x000000b2   Code   RO        11572    .text               c_w.l(_printf_intcommon.o)
    0x08080d08   0x08080d08   0x0000041e   Code   RO        11574    .text               c_w.l(_printf_fp_dec.o)
    0x08081126   0x08081126   0x00000002   PAD
    0x08081128   0x08081128   0x00000030   Code   RO        11576    .text               c_w.l(_printf_char_common.o)
    0x08081158   0x08081158   0x0000000a   Code   RO        11578    .text               c_w.l(_sputc.o)
    0x08081162   0x08081162   0x00000010   Code   RO        11580    .text               c_w.l(_snputc.o)
    0x08081172   0x08081172   0x0000002c   Code   RO        11582    .text               c_w.l(_printf_char.o)
    0x0808119e   0x0808119e   0x00000002   PAD
    0x080811a0   0x080811a0   0x00000024   Code   RO        11584    .text               c_w.l(_printf_char_file.o)
    0x080811c4   0x080811c4   0x0000009e   Code   RO        11587    .text               c_w.l(_strtoul.o)
    0x08081262   0x08081262   0x00000070   Code   RO        11589    .text               c_w.l(strtol.o)
    0x080812d2   0x080812d2   0x00000002   PAD
    0x080812d4   0x080812d4   0x00000008   Code   RO        11598    .text               c_w.l(libspace.o)
    0x080812dc   0x080812dc   0x00000008   Code   RO        11623    .text               c_w.l(rt_locale_intlibspace.o)
    0x080812e4   0x080812e4   0x0000008a   Code   RO        11625    .text               c_w.l(lludiv10.o)
    0x0808136e   0x0808136e   0x00000002   PAD
    0x08081370   0x08081370   0x00000080   Code   RO        11627    .text               c_w.l(_printf_fp_infnan.o)
    0x080813f0   0x080813f0   0x0000001c   Code   RO        11631    .text               c_w.l(_chval.o)
    0x0808140c   0x0808140c   0x000000e4   Code   RO        11633    .text               c_w.l(bigflt0.o)
    0x080814f0   0x080814f0   0x00000008   Code   RO        11658    .text               c_w.l(ferror.o)
    0x080814f8   0x080814f8   0x0000004a   Code   RO        11672    .text               c_w.l(sys_stackheap_outer.o)
    0x08081542   0x08081542   0x00000012   Code   RO        11676    .text               c_w.l(exit.o)
    0x08081554   0x08081554   0x00000080   Code   RO        11678    .text               c_w.l(strcmpv7m.o)
    0x080815d4   0x080815d4   0x0000003e   Code   RO        11636    CL$$btod_d2e        c_w.l(btod.o)
    0x08081612   0x08081612   0x00000046   Code   RO        11638    CL$$btod_d2e_denorm_low  c_w.l(btod.o)
    0x08081658   0x08081658   0x00000060   Code   RO        11637    CL$$btod_d2e_norm_op1  c_w.l(btod.o)
    0x080816b8   0x080816b8   0x00000338   Code   RO        11646    CL$$btod_div_common  c_w.l(btod.o)
    0x080819f0   0x080819f0   0x000000dc   Code   RO        11643    CL$$btod_e2e        c_w.l(btod.o)
    0x08081acc   0x08081acc   0x0000002a   Code   RO        11640    CL$$btod_ediv       c_w.l(btod.o)
    0x08081af6   0x08081af6   0x0000002a   Code   RO        11639    CL$$btod_emul       c_w.l(btod.o)
    0x08081b20   0x08081b20   0x00000244   Code   RO        11645    CL$$btod_mult_common  c_w.l(btod.o)
    0x08081d64   0x08081d64   0x00000014   Code   RO         2694    i.ADC_Cmd           stm32f4xx_adc.o
    0x08081d78   0x08081d78   0x0000002c   Code   RO         2695    i.ADC_CommonInit    stm32f4xx_adc.o
    0x08081da4   0x08081da4   0x00000006   Code   RO         2706    i.ADC_GetConversionValue  stm32f4xx_adc.o
    0x08081daa   0x08081daa   0x0000000e   Code   RO         2707    i.ADC_GetFlagStatus  stm32f4xx_adc.o
    0x08081db8   0x08081db8   0x0000004c   Code   RO         2714    i.ADC_Init          stm32f4xx_adc.o
    0x08081e04   0x08081e04   0x00000074   Code   RO         2719    i.ADC_RegularChannelConfig  stm32f4xx_adc.o
    0x08081e78   0x08081e78   0x0000000a   Code   RO         2721    i.ADC_SoftwareStartConv  stm32f4xx_adc.o
    0x08081e82   0x08081e82   0x00000002   PAD
    0x08081e84   0x08081e84   0x00000050   Code   RO          464    i.Acquisition_Init  acqtask.o
    0x08081ed4   0x08081ed4   0x00000158   Code   RO          465    i.Acquisition_SetChannelState  acqtask.o
    0x0808202c   0x0808202c   0x00000094   Code   RO          466    i.Acquisition_SetFrequency  acqtask.o
    0x080820c0   0x080820c0   0x00000270   Code   RO          467    i.Acquisition_Task  acqtask.o
    0x08082330   0x08082330   0x00000002   Code   RO          275    i.BusFault_Handler  stm32f4xx_it.o
    0x08082332   0x08082332   0x00000002   PAD
    0x08082334   0x08082334   0x0000000c   Code   RO         1481    i.Buzzer_Off        buzzer.o
    0x08082340   0x08082340   0x0000000c   Code   RO         1482    i.Buzzer_On         buzzer.o
    0x0808234c   0x0808234c   0x00000028   Code   RO         1625    i.CRC_Compute       self_exam.o
    0x08082374   0x08082374   0x0000002a   Code   RO         2429    i.CmdError          sdio_sdcard.o
    0x0808239e   0x0808239e   0x00000002   PAD
    0x080823a0   0x080823a0   0x00000058   Code   RO         2430    i.CmdResp1Error     sdio_sdcard.o
    0x080823f8   0x080823f8   0x00000048   Code   RO         2431    i.CmdResp2Error     sdio_sdcard.o
    0x08082440   0x08082440   0x00000030   Code   RO         2432    i.CmdResp3Error     sdio_sdcard.o
    0x08082470   0x08082470   0x0000007c   Code   RO         2433    i.CmdResp6Error     sdio_sdcard.o
    0x080824ec   0x080824ec   0x0000003c   Code   RO         2434    i.CmdResp7Error     sdio_sdcard.o
    0x08082528   0x08082528   0x000000a0   Code   RO          582    i.Command_HandleAcqFrequency  commandtask.o
    0x080825c8   0x080825c8   0x0000036c   Code   RO          583    i.Command_HandleChannelControl  commandtask.o
    0x08082934   0x08082934   0x000000a4   Code   RO          584    i.Command_HandleFrequency  commandtask.o
    0x080829d8   0x080829d8   0x000001e0   Code   RO          585    i.Command_HandleSystemControl  commandtask.o
    0x08082bb8   0x08082bb8   0x000000a8   Code   RO          586    i.Command_HandleUploadFrequency  commandtask.o
    0x08082c60   0x08082c60   0x0000020c   Code   RO          588    i.Command_Parse     commandtask.o
    0x08082e6c   0x08082e6c   0x00000024   Code   RO          589    i.Command_SendResponse  commandtask.o
    0x08082e90   0x08082e90   0x00000190   Code   RO          590    i.Command_Task      commandtask.o
    0x08083020   0x08083020   0x00000014   Code   RO         3673    i.DMA_Cmd           stm32f4xx_dma.o
    0x08083034   0x08083034   0x00000124   Code   RO         3674    i.DMA_DeInit        stm32f4xx_dma.o
    0x08083158   0x08083158   0x00000014   Code   RO         3677    i.DMA_FlowControllerConfig  stm32f4xx_dma.o
    0x0808316c   0x0808316c   0x0000000e   Code   RO         3678    i.DMA_GetCmdStatus  stm32f4xx_dma.o
    0x0808317a   0x0808317a   0x00000006   Code   RO         3679    i.DMA_GetCurrDataCounter  stm32f4xx_dma.o
    0x08083180   0x08083180   0x00000054   Code   RO         3685    i.DMA_Init          stm32f4xx_dma.o
    0x080831d4   0x080831d4   0x00000004   Code   RO         3688    i.DMA_SetCurrDataCounter  stm32f4xx_dma.o
    0x080831d8   0x080831d8   0x00000002   Code   RO          276    i.DebugMon_Handler  stm32f4xx_it.o
    0x080831da   0x080831da   0x00000002   PAD
    0x080831dc   0x080831dc   0x0000006c   Code   RO         4010    i.FLASH_EraseSector  stm32f4xx_flash.o
    0x08083248   0x08083248   0x0000003c   Code   RO         4012    i.FLASH_GetStatus   stm32f4xx_flash.o
    0x08083284   0x08083284   0x00000010   Code   RO         4016    i.FLASH_Lock        stm32f4xx_flash.o
    0x08083294   0x08083294   0x0000003c   Code   RO         4039    i.FLASH_ProgramHalfWord  stm32f4xx_flash.o
    0x080832d0   0x080832d0   0x00000024   Code   RO         4042    i.FLASH_Unlock      stm32f4xx_flash.o
    0x080832f4   0x080832f4   0x0000001e   Code   RO         4043    i.FLASH_WaitForLastOperation  stm32f4xx_flash.o
    0x08083312   0x08083312   0x00000002   PAD
    0x08083314   0x08083314   0x00000144   Code   RO         2435    i.FindSCR           sdio_sdcard.o
    0x08083458   0x08083458   0x00000018   Code   RO         2322    i.Flash_Init        flash.o
    0x08083470   0x08083470   0x00000054   Code   RO         2323    i.Flash_LoadSystemState  flash.o
    0x080834c4   0x080834c4   0x00000018   Code   RO         2325    i.Flash_ReadMoreData  flash.o
    0x080834dc   0x080834dc   0x00000060   Code   RO         2327    i.Flash_SaveSystemState  flash.o
    0x0808353c   0x0808353c   0x00000052   Code   RO         2328    i.Flash_WriteMoreData  flash.o
    0x0808358e   0x0808358e   0x00000002   PAD
    0x08083590   0x08083590   0x00000044   Code   RO         1731    i.Flush_Page_Buffer  ota.o
    0x080835d4   0x080835d4   0x00000280   Code   RO          765    i.Format_CSV        tftask.o
    0x08083854   0x08083854   0x00000420   Code   RO          766    i.Format_TXT        tftask.o
    0x08083c74   0x08083c74   0x00000078   Code   RO         4431    i.GPIO_Init         stm32f4xx_gpio.o
    0x08083cec   0x08083cec   0x00000020   Code   RO         4432    i.GPIO_PinAFConfig  stm32f4xx_gpio.o
    0x08083d0c   0x08083d0c   0x0000000e   Code   RO         4435    i.GPIO_ReadInputDataBit  stm32f4xx_gpio.o
    0x08083d1a   0x08083d1a   0x00000004   Code   RO         4438    i.GPIO_ResetBits    stm32f4xx_gpio.o
    0x08083d1e   0x08083d1e   0x00000004   Code   RO         4439    i.GPIO_SetBits      stm32f4xx_gpio.o
    0x08083d22   0x08083d22   0x00000002   PAD
    0x08083d24   0x08083d24   0x00000050   Code   RO          659    i.GPSTask_GetData   gpstask.o
    0x08083d74   0x08083d74   0x00000034   Code   RO          660    i.GPSTask_RxCallback  gpstask.o
    0x08083da8   0x08083da8   0x0000002a   Code   RO         1329    i.GPS_GetCommaPos   gps.o
    0x08083dd2   0x08083dd2   0x00000002   PAD
    0x08083dd4   0x08083dd4   0x00000030   Code   RO         1330    i.GPS_GetRawFrame   gps.o
    0x08083e04   0x08083e04   0x000000c4   Code   RO         1331    i.GPS_Init          gps.o
    0x08083ec8   0x08083ec8   0x00000224   Code   RO         1332    i.GPS_ParseNMEA     gps.o
    0x080840ec   0x080840ec   0x00000010   Code   RO         1333    i.GPS_Pow           gps.o
    0x080840fc   0x080840fc   0x000000c0   Code   RO         1334    i.GPS_Str2Num       gps.o
    0x080841bc   0x080841bc   0x0000006c   Code   RO          661    i.GPS_Task          gpstask.o
    0x08084228   0x08084228   0x00000028   Code   RO          662    i.GPS_TaskInit      gpstask.o
    0x08084250   0x08084250   0x00000084   Code   RO         1335    i.GPS_UTCToBeijing  gps.o
    0x080842d4   0x080842d4   0x00000002   Code   RO          277    i.HardFault_Handler  stm32f4xx_it.o
    0x080842d6   0x080842d6   0x00000002   PAD
    0x080842d8   0x080842d8   0x000001fc   Code   RO          439    i.HardwareInitTask  hardwareinittask.o
    0x080844d4   0x080844d4   0x000001f8   Code   RO          728    i.Heartbeat_FormatJSON  heartbeattask.o
    0x080846cc   0x080846cc   0x0000003c   Code   RO          730    i.Heartbeat_Task    heartbeattask.o
    0x08084708   0x08084708   0x00000032   Code   RO         2076    i.IICSend_Ack       iic.o
    0x0808473a   0x0808473a   0x00000032   Code   RO         2077    i.IICSend_NAck      iic.o
    0x0808476c   0x0808476c   0x0000004a   Code   RO         2078    i.IIC_Init          iic.o
    0x080847b6   0x080847b6   0x0000004e   Code   RO         2081    i.IIC_Receive_Byte  iic.o
    0x08084804   0x08084804   0x00000044   Code   RO         2082    i.IIC_Send_Byte     iic.o
    0x08084848   0x08084848   0x00000032   Code   RO         2083    i.IIC_Start         iic.o
    0x0808487a   0x0808487a   0x00000032   Code   RO         2084    i.IIC_Stop          iic.o
    0x080848ac   0x080848ac   0x0000004a   Code   RO         2085    i.IIC_Wait_Ack      iic.o
    0x080848f6   0x080848f6   0x00000002   PAD
    0x080848f8   0x080848f8   0x00000094   Code   RO         2436    i.IsCardProgramming  sdio_sdcard.o
    0x0808498c   0x0808498c   0x00000040   Code   RO         1397    i.LED_Init          led.o
    0x080849cc   0x080849cc   0x00000002   Code   RO          278    i.MemManage_Handler  stm32f4xx_it.o
    0x080849ce   0x080849ce   0x00000002   PAD
    0x080849d0   0x080849d0   0x000000c8   Code   RO         2181    i.MySPI_Init        spi.o
    0x08084a98   0x08084a98   0x00000010   Code   RO         2182    i.MySPI_Start       spi.o
    0x08084aa8   0x08084aa8   0x00000010   Code   RO         2183    i.MySPI_Stop        spi.o
    0x08084ab8   0x08084ab8   0x00000034   Code   RO         2184    i.MySPI_SwapByte    spi.o
    0x08084aec   0x08084aec   0x00000002   Code   RO          279    i.NMI_Handler       stm32f4xx_it.o
    0x08084aee   0x08084aee   0x00000002   PAD
    0x08084af0   0x08084af0   0x00000064   Code   RO         2640    i.NVIC_Init         misc.o
    0x08084b54   0x08084b54   0x00000014   Code   RO         2641    i.NVIC_PriorityGroupConfig  misc.o
    0x08084b68   0x08084b68   0x00000018   Code   RO         1421    i.OLED_Clear        oled.o
    0x08084b80   0x08084b80   0x00000038   Code   RO         1422    i.OLED_Init         oled.o
    0x08084bb8   0x08084bb8   0x00000100   Code   RO         1423    i.OLED_ShowBootAnimation  oled.o
    0x08084cb8   0x08084cb8   0x00000134   Code   RO         1424    i.OLED_ShowMainScreen  oled.o
    0x08084dec   0x08084dec   0x000000b8   Code   RO         1732    i.OTA_ConfirmStartup  ota.o
    0x08084ea4   0x08084ea4   0x00000048   Code   RO         1733    i.OTA_Init          ota.o
    0x08084eec   0x08084eec   0x00000010   Code   RO         1734    i.OTA_IsInProgress  ota.o
    0x08084efc   0x08084efc   0x0000061c   Code   RO         1735    i.OTA_ProcessMQTTCommand  ota.o
    0x08085518   0x08085518   0x00000150   Code   RO         1736    i.OTA_RegisterTasks  ota.o
    0x08085668   0x08085668   0x00000178   Code   RO         1737    i.OTA_ResumeOtherTasks  ota.o
    0x080857e0   0x080857e0   0x0000003c   Code   RO         1738    i.OTA_SendCommand   ota.o
    0x0808581c   0x0808581c   0x000001a4   Code   RO         1739    i.OTA_SuspendOtherTasks  ota.o
    0x080859c0   0x080859c0   0x000002cc   Code   RO         1740    i.OTA_Task          ota.o
    0x08085c8c   0x08085c8c   0x00000050   Code   RO         1741    i.OTA_TaskInit      ota.o
    0x08085cdc   0x08085cdc   0x00000118   Code   RO          704    i.OledTask          oledtask.o
    0x08085df4   0x08085df4   0x0000005c   Code   RO         1742    i.ParseVersionString  ota.o
    0x08085e50   0x08085e50   0x0000029c   Code   RO         1743    i.ProcessFirmwareData  ota.o
    0x080860ec   0x080860ec   0x00000018   Code   RO         5498    i.RCC_AHB1PeriphClockCmd  stm32f4xx_rcc.o
    0x08086104   0x08086104   0x00000018   Code   RO         5507    i.RCC_APB1PeriphClockCmd  stm32f4xx_rcc.o
    0x0808611c   0x0808611c   0x00000018   Code   RO         5510    i.RCC_APB2PeriphClockCmd  stm32f4xx_rcc.o
    0x08086134   0x08086134   0x00000018   Code   RO         5512    i.RCC_APB2PeriphResetCmd  stm32f4xx_rcc.o
    0x0808614c   0x0808614c   0x00000090   Code   RO         5519    i.RCC_GetClocksFreq  stm32f4xx_rcc.o
    0x080861dc   0x080861dc   0x00000012   Code   RO         2088    i.SCL_Output        iic.o
    0x080861ee   0x080861ee   0x00000012   Code   RO         2089    i.SDA_Input         iic.o
    0x08086200   0x08086200   0x00000012   Code   RO         2090    i.SDA_Output        iic.o
    0x08086212   0x08086212   0x00000002   PAD
    0x08086214   0x08086214   0x0000008c   Code   RO         2437    i.SDEnWideBus       sdio_sdcard.o
    0x080862a0   0x080862a0   0x0000000c   Code   RO         6261    i.SDIO_ClearFlag    stm32f4xx_sdio.o
    0x080862ac   0x080862ac   0x00000014   Code   RO         2438    i.SDIO_Clock_Set    sdio_sdcard.o
    0x080862c0   0x080862c0   0x00000030   Code   RO         6267    i.SDIO_DataConfig   stm32f4xx_sdio.o
    0x080862f0   0x080862f0   0x00000014   Code   RO         6273    i.SDIO_GetFlagStatus  stm32f4xx_sdio.o
    0x08086304   0x08086304   0x00000010   Code   RO         6275    i.SDIO_GetPowerState  stm32f4xx_sdio.o
    0x08086314   0x08086314   0x00000004   Code   RO         2439    i.SDIO_IRQHandler   sdio_sdcard.o
    0x08086318   0x08086318   0x0000002c   Code   RO         6278    i.SDIO_Init         stm32f4xx_sdio.o
    0x08086344   0x08086344   0x00000038   Code   RO         2440    i.SDIO_Register_Deinit  sdio_sdcard.o
    0x0808637c   0x0808637c   0x00000028   Code   RO         6281    i.SDIO_SendCommand  stm32f4xx_sdio.o
    0x080863a4   0x080863a4   0x0000000c   Code   RO         6283    i.SDIO_SetPowerState  stm32f4xx_sdio.o
    0x080863b0   0x080863b0   0x00000078   Code   RO         2441    i.SD_DMA_Config     sdio_sdcard.o
    0x08086428   0x08086428   0x0000004c   Code   RO         2442    i.SD_EnableWideBusOperation  sdio_sdcard.o
    0x08086474   0x08086474   0x00000218   Code   RO         2443    i.SD_GetCardInfo    sdio_sdcard.o
    0x0808668c   0x0808668c   0x000000fc   Code   RO         2445    i.SD_Init           sdio_sdcard.o
    0x08086788   0x08086788   0x0000011c   Code   RO         2446    i.SD_InitializeCards  sdio_sdcard.o
    0x080868a4   0x080868a4   0x000001a4   Code   RO         2448    i.SD_PowerON        sdio_sdcard.o
    0x08086a48   0x08086a48   0x000000f0   Code   RO         2449    i.SD_ProcessIRQSrc  sdio_sdcard.o
    0x08086b38   0x08086b38   0x00000208   Code   RO         2450    i.SD_ReadBlock      sdio_sdcard.o
    0x08086d40   0x08086d40   0x00000088   Code   RO         2451    i.SD_ReadDisk       sdio_sdcard.o
    0x08086dc8   0x08086dc8   0x00000270   Code   RO         2452    i.SD_ReadMultiBlocks  sdio_sdcard.o
    0x08087038   0x08087038   0x0000002c   Code   RO         2453    i.SD_SelectDeselect  sdio_sdcard.o
    0x08087064   0x08087064   0x00000018   Code   RO         2455    i.SD_SetDeviceMode  sdio_sdcard.o
    0x0808707c   0x0808707c   0x000002dc   Code   RO         2456    i.SD_WriteBlock     sdio_sdcard.o
    0x08087358   0x08087358   0x00000080   Code   RO         2457    i.SD_WriteDisk      sdio_sdcard.o
    0x080873d8   0x080873d8   0x00000300   Code   RO         2458    i.SD_WriteMultiBlocks  sdio_sdcard.o
    0x080876d8   0x080876d8   0x00000014   Code   RO         6464    i.SPI_Cmd           stm32f4xx_spi.o
    0x080876ec   0x080876ec   0x0000000e   Code   RO         6472    i.SPI_I2S_GetFlagStatus  stm32f4xx_spi.o
    0x080876fa   0x080876fa   0x00000004   Code   RO         6475    i.SPI_I2S_ReceiveData  stm32f4xx_spi.o
    0x080876fe   0x080876fe   0x00000004   Code   RO         6476    i.SPI_I2S_SendData  stm32f4xx_spi.o
    0x08087702   0x08087702   0x00000038   Code   RO         6477    i.SPI_Init          stm32f4xx_spi.o
    0x0808773a   0x0808773a   0x00000002   PAD
    0x0808773c   0x0808773c   0x00000024   Code   RO         1626    i.SelfExam_CloseAllChannels  self_exam.o
    0x08087760   0x08087760   0x00000024   Code   RO         1627    i.SelfExam_CloseChannel  self_exam.o
    0x08087784   0x08087784   0x00000070   Code   RO         1628    i.SelfExam_Init     self_exam.o
    0x080877f4   0x080877f4   0x00000024   Code   RO         1629    i.SelfExam_OpenChannel  self_exam.o
    0x08087818   0x08087818   0x00000114   Code   RO         1630    i.SelfExam_ProbeAddress  self_exam.o
    0x0808792c   0x0808792c   0x00000018   Code   RO         1631    i.SelfExam_Set4GPower  self_exam.o
    0x08087944   0x08087944   0x000000b4   Code   RO          332    i.SetSysClock       system_stm32f4xx_1.o
    0x080879f8   0x080879f8   0x00000018   Code   RO         2644    i.SysTick_CLKSourceConfig  misc.o
    0x08087a10   0x08087a10   0x00000014   Code   RO         1944    i.SysTick_Handler   delay.o
    0x08087a24   0x08087a24   0x0000005c   Code   RO          334    i.SystemInit        system_stm32f4xx_1.o
    0x08087a80   0x08087a80   0x00000034   Code   RO          767    i.TFTask_GetFrequency  tftask.o
    0x08087ab4   0x08087ab4   0x00000134   Code   RO         1894    i.TF_Append_String  tf.o
    0x08087be8   0x08087be8   0x00000004   Code   RO         1895    i.TF_Force_CSV_Header  tf.o
    0x08087bec   0x08087bec   0x00000094   Code   RO         1896    i.TF_Hardware_Init  tf.o
    0x08087c80   0x08087c80   0x000000e0   Code   RO          769    i.TF_Task           tftask.o
    0x08087d60   0x08087d60   0x00000124   Code   RO         2389    i.UART4_IRQHandler  uart4.o
    0x08087e84   0x08087e84   0x00000184   Code   RO         2390    i.UART4_MQTT_Init   uart4.o
    0x08088008   0x08088008   0x00000068   Code   RO         2391    i.UART4_PrintDMAStatus  uart4.o
    0x08088070   0x08088070   0x00000064   Code   RO         2016    i.USART1_IRQHandler  usart.o
    0x080880d4   0x080880d4   0x00000084   Code   RO         2223    i.USART2_IRQHandler  rs485.o
    0x08088158   0x08088158   0x00000094   Code   RO         1336    i.USART3_IRQHandler  gps.o
    0x080881ec   0x080881ec   0x00000014   Code   RO         7241    i.USART_Cmd         stm32f4xx_usart.o
    0x08088200   0x08088200   0x00000010   Code   RO         7242    i.USART_DMACmd      stm32f4xx_usart.o
    0x08088210   0x08088210   0x0000000e   Code   RO         7244    i.USART_GetFlagStatus  stm32f4xx_usart.o
    0x0808821e   0x0808821e   0x0000003e   Code   RO         7245    i.USART_GetITStatus  stm32f4xx_usart.o
    0x0808825c   0x0808825c   0x00000030   Code   RO         7247    i.USART_ITConfig    stm32f4xx_usart.o
    0x0808828c   0x0808828c   0x000000ac   Code   RO         7248    i.USART_Init        stm32f4xx_usart.o
    0x08088338   0x08088338   0x00000008   Code   RO         7255    i.USART_ReceiveData  stm32f4xx_usart.o
    0x08088340   0x08088340   0x00000008   Code   RO         7258    i.USART_SendData    stm32f4xx_usart.o
    0x08088348   0x08088348   0x000005d4   Code   RO          524    i.Upload_FormatJSON  uploadtask.o
    0x0808891c   0x0808891c   0x00000034   Code   RO          525    i.Upload_GetFrequency  uploadtask.o
    0x08088950   0x08088950   0x00000014   Code   RO          526    i.Upload_Init       uploadtask.o
    0x08088964   0x08088964   0x0000000c   Code   RO          527    i.Upload_SendNow    uploadtask.o
    0x08088970   0x08088970   0x0000003c   Code   RO          528    i.Upload_SetFrequency  uploadtask.o
    0x080889ac   0x080889ac   0x000000ac   Code   RO          529    i.Upload_Task       uploadtask.o
    0x08088a58   0x08088a58   0x00000002   Code   RO          280    i.UsageFault_Handler  stm32f4xx_it.o
    0x08088a5a   0x08088a5a   0x00000002   PAD
    0x08088a5c   0x08088a5c   0x00000274   Code   RO          373    i.User_Tasks_Init   tasksinit.o
    0x08088cd0   0x08088cd0   0x00000008   Code   RO          240    i.Version_GetCode   version.o
    0x08088cd8   0x08088cd8   0x0000000c   Code   RO          242    i.Version_GetString  version.o
    0x08088ce4   0x08088ce4   0x00000030   Code   RO         1577    i.Voltage_GetADC    voltage.o
    0x08088d14   0x08088d14   0x00000138   Code   RO         1578    i.Voltage_GetBattery  voltage.o
    0x08088e4c   0x08088e4c   0x00000098   Code   RO         1579    i.Voltage_Init      voltage.o
    0x08088ee4   0x08088ee4   0x00000004   Code   RO         1833    i.W25Q128_Init      w25q128.o
    0x08088ee8   0x08088ee8   0x00000054   Code   RO         1834    i.W25Q128_PageProgram  w25q128.o
    0x08088f3c   0x08088f3c   0x00000042   Code   RO         1835    i.W25Q128_ReadData  w25q128.o
    0x08088f7e   0x08088f7e   0x00000034   Code   RO         1836    i.W25Q128_SectorErase_4K  w25q128.o
    0x08088fb2   0x08088fb2   0x0000001e   Code   RO         1837    i.W25Q128_WaitBusy  w25q128.o
    0x08088fd0   0x08088fd0   0x00000014   Code   RO         1838    i.W25Q128_WriteEnable  w25q128.o
    0x08088fe4   0x08088fe4   0x00000010   Code   RO          814    i.WQ_AHT20_Get_Humi_Temp  wqinterface.o
    0x08088ff4   0x08088ff4   0x0000000c   Code   RO          815    i.WQ_AHT20_Init     wqinterface.o
    0x08089000   0x08089000   0x0000000a   Code   RO          816    i.WQ_Battery_Init   wqinterface.o
    0x0808900a   0x0808900a   0x0000001a   Code   RO          817    i.WQ_CDOM_GetData   wqinterface.o
    0x08089024   0x08089024   0x0000001a   Code   RO          818    i.WQ_CHL_GetData    wqinterface.o
    0x0808903e   0x0808903e   0x00000036   Code   RO          819    i.WQ_COD_GetData    wqinterface.o
    0x08089074   0x08089074   0x0000001a   Code   RO          820    i.WQ_DO_GetData     wqinterface.o
    0x0808908e   0x0808908e   0x00000004   Code   RO          821    i.WQ_GPS_GetRawFrame  wqinterface.o
    0x08089092   0x08089092   0x0000000a   Code   RO          822    i.WQ_GPS_Init       wqinterface.o
    0x0808909c   0x0808909c   0x00000004   Code   RO          823    i.WQ_GPS_ParseNMEA  wqinterface.o
    0x080890a0   0x080890a0   0x0000000a   Code   RO          824    i.WQ_Get_Battery    wqinterface.o
    0x080890aa   0x080890aa   0x0000000a   Code   RO          825    i.WQ_Get_GPS        wqinterface.o
    0x080890b4   0x080890b4   0x00000050   Code   RO          826    i.WQ_Interface_Bind  wqinterface.o
    0x08089104   0x08089104   0x0000000a   Code   RO          827    i.WQ_OLED_Clear     wqinterface.o
    0x0808910e   0x0808910e   0x0000000a   Code   RO          828    i.WQ_OLED_Init      wqinterface.o
    0x08089118   0x08089118   0x0000000a   Code   RO          829    i.WQ_OLED_ShowBootAnimation  wqinterface.o
    0x08089122   0x08089122   0x0000001a   Code   RO          830    i.WQ_OLED_ShowMainScreen  wqinterface.o
    0x0808913c   0x0808913c   0x0000001a   Code   RO          831    i.WQ_PH_GetData     wqinterface.o
    0x08089156   0x08089156   0x0000001a   Code   RO          832    i.WQ_SAL_GetData    wqinterface.o
    0x08089170   0x08089170   0x00000004   Code   RO          833    i.WQ_Storage_Init   wqinterface.o
    0x08089174   0x08089174   0x00000018   Code   RO          834    i.WQ_Storage_WriteCSV  wqinterface.o
    0x0808918c   0x0808918c   0x00000020   Code   RO          835    i.WQ_Storage_WriteCSVHeader  wqinterface.o
    0x080891ac   0x080891ac   0x00000018   Code   RO          836    i.WQ_Storage_WriteTXT  wqinterface.o
    0x080891c4   0x080891c4   0x00000024   Code   RO          837    i.WQ_System_Restart  wqinterface.o
    0x080891e8   0x080891e8   0x000001d0   Code   RO          838    i.WQ_System_ScanAndBindChannels  wqinterface.o
    0x080893b8   0x080893b8   0x00000004   Code   RO          839    i.WQ_System_Set4GPower  wqinterface.o
    0x080893bc   0x080893bc   0x0000000a   Code   RO          840    i.WQ_System_SetBuzzer  wqinterface.o
    0x080893c6   0x080893c6   0x00000002   PAD
    0x080893c8   0x080893c8   0x00000090   Code   RO          841    i.WQ_UART4_Send     wqinterface.o
    0x08089458   0x08089458   0x00000036   Code   RO          842    i.WQ_Y4000_GetData  wqinterface.o
    0x0808948e   0x0808948e   0x00000030   Code   RO        11670    i.__ARM_fpclassify  m_wm.l(fpclassify.o)
    0x080894be   0x080894be   0x0000000e   Code   RO        11491    i._is_digit         c_w.l(__printf_wp.o)
    0x080894cc   0x080894cc   0x00000002   Code   RO         2017    i._sys_exit         usart.o
    0x080894ce   0x080894ce   0x00000002   PAD
    0x080894d0   0x080894d0   0x00000048   Code   RO         1255    i.aht20_init        aht20.o
    0x08089518   0x08089518   0x00000016   Code   RO         1256    i.aht20_is_calibrated  aht20.o
    0x0808952e   0x0808952e   0x00000002   PAD
    0x08089530   0x08089530   0x000000cc   Code   RO         1257    i.aht20_read_measurement  aht20.o
    0x080895fc   0x080895fc   0x00000038   Code   RO         1258    i.aht20_read_status  aht20.o
    0x08089634   0x08089634   0x0000002a   Code   RO         1259    i.aht20_read_temp_humi  aht20.o
    0x0808965e   0x0808965e   0x00000002   PAD
    0x08089660   0x08089660   0x00000018   Code   RO         1260    i.aht20_start_measurement  aht20.o
    0x08089678   0x08089678   0x0000002c   Code   RO         1261    i.aht20_wait_for_measurement  aht20.o
    0x080896a4   0x080896a4   0x0000005e   Code   RO         1262    i.aht20_write_cmd   aht20.o
    0x08089702   0x08089702   0x00000002   PAD
    0x08089704   0x08089704   0x000000d8   Code   RO         1103    i.cdom_read         cdom.o
    0x080897dc   0x080897dc   0x0000005c   Code   RO        11159    i.check_fs          ff.o
    0x08089838   0x08089838   0x00000038   Code   RO         1145    i.chl_read          chl.o
    0x08089870   0x08089870   0x00000018   Code   RO        11160    i.clust2sect        ff.o
    0x08089888   0x08089888   0x00000034   Code   RO         1046    i.cod_read          cod.o
    0x080898bc   0x080898bc   0x0000004e   Code   RO         1047    i.cod_read_tct      cod.o
    0x0808990a   0x0808990a   0x00000038   Code   RO         1048    i.cod_read_tur      cod.o
    0x08089942   0x08089942   0x00000012   Code   RO         2459    i.convert_from_bytes_to_power_of_two  sdio_sdcard.o
    0x08089954   0x08089954   0x0000009e   Code   RO        11161    i.create_chain      ff.o
    0x080899f2   0x080899f2   0x00000002   PAD
    0x080899f4   0x080899f4   0x00000120   Code   RO        11162    i.create_name       ff.o
    0x08089b14   0x08089b14   0x00000038   Code   RO         1945    i.delay_init        delay.o
    0x08089b4c   0x08089b4c   0x00000038   Code   RO         1946    i.delay_ms          delay.o
    0x08089b84   0x08089b84   0x00000034   Code   RO         1947    i.delay_us          delay.o
    0x08089bb8   0x08089bb8   0x000000fa   Code   RO        11163    i.dir_next          ff.o
    0x08089cb2   0x08089cb2   0x00000070   Code   RO        11165    i.dir_register      ff.o
    0x08089d22   0x08089d22   0x00000090   Code   RO        11167    i.dir_sdi           ff.o
    0x08089db2   0x08089db2   0x00000012   Code   RO        11101    i.disk_initialize   diskio.o
    0x08089dc4   0x08089dc4   0x0000003c   Code   RO        11102    i.disk_ioctl        diskio.o
    0x08089e00   0x08089e00   0x0000001c   Code   RO        11103    i.disk_read         diskio.o
    0x08089e1c   0x08089e1c   0x0000000c   Code   RO        11104    i.disk_status       diskio.o
    0x08089e28   0x08089e28   0x00000024   Code   RO        11105    i.disk_write        diskio.o
    0x08089e4c   0x08089e4c   0x00000038   Code   RO         1195    i.do_read           do.o
    0x08089e84   0x08089e84   0x0000001c   Code   RO        11169    i.f_close           ff.o
    0x08089ea0   0x08089ea0   0x00000146   Code   RO        11173    i.f_lseek           ff.o
    0x08089fe6   0x08089fe6   0x00000002   PAD
    0x08089fe8   0x08089fe8   0x0000004c   Code   RO        11176    i.f_mount           ff.o
    0x0808a034   0x0808a034   0x00000138   Code   RO        11177    i.f_open            ff.o
    0x0808a16c   0x0808a16c   0x00000098   Code   RO        11186    i.f_sync            ff.o
    0x0808a204   0x0808a204   0x00000194   Code   RO        11190    i.f_write           ff.o
    0x0808a398   0x0808a398   0x00000260   Code   RO        11191    i.find_volume       ff.o
    0x0808a5f8   0x0808a5f8   0x000000aa   Code   RO        11192    i.follow_path       ff.o
    0x0808a6a2   0x0808a6a2   0x00000002   PAD
    0x0808a6a4   0x0808a6a4   0x00000014   Code   RO         2018    i.fputc             usart.o
    0x0808a6b8   0x0808a6b8   0x000000e8   Code   RO        11193    i.get_fat           ff.o
    0x0808a7a0   0x0808a7a0   0x00000004   Code   RO        11106    i.get_fattime       diskio.o
    0x0808a7a4   0x0808a7a4   0x0000003c   Code   RO        11195    i.get_ldnumber      ff.o
    0x0808a7e0   0x0808a7e0   0x00000008   Code   RO        10383    i.i2c_clear_scl     u8x8_byte.o
    0x0808a7e8   0x0808a7e8   0x00000008   Code   RO        10384    i.i2c_clear_sda     u8x8_byte.o
    0x0808a7f0   0x0808a7f0   0x0000000a   Code   RO        10385    i.i2c_delay         u8x8_byte.o
    0x0808a7fa   0x0808a7fa   0x00000016   Code   RO        10386    i.i2c_read_scl_and_delay  u8x8_byte.o
    0x0808a810   0x0808a810   0x00000008   Code   RO        10387    i.i2c_read_sda      u8x8_byte.o
    0x0808a818   0x0808a818   0x00000026   Code   RO        10388    i.i2c_write_bit     u8x8_byte.o
    0x0808a83e   0x0808a83e   0x0000007e   Code   RO        10389    i.i2c_write_byte    u8x8_byte.o
    0x0808a8bc   0x0808a8bc   0x00000012   Code   RO        11196    i.ld_clust          ff.o
    0x0808a8ce   0x0808a8ce   0x00000002   PAD
    0x0808a8d0   0x0808a8d0   0x0000004c   Code   RO            4    i.main              main.o
    0x0808a91c   0x0808a91c   0x00000010   Code   RO        11197    i.mem_cpy           ff.o
    0x0808a92c   0x0808a92c   0x0000000e   Code   RO        11198    i.mem_set           ff.o
    0x0808a93a   0x0808a93a   0x00000002   PAD
    0x0808a93c   0x0808a93c   0x0000005c   Code   RO         2276    i.modbus_bytes_to_float  modbus.o
    0x0808a998   0x0808a998   0x00000028   Code   RO         2277    i.modbus_crc16      modbus.o
    0x0808a9c0   0x0808a9c0   0x00000094   Code   RO         2279    i.modbus_read_holding  modbus.o
    0x0808aa54   0x0808aa54   0x00000032   Code   RO        11199    i.move_window       ff.o
    0x0808aa86   0x0808aa86   0x00000038   Code   RO         1183    i.ph_read           ph.o
    0x0808aabe   0x0808aabe   0x00000002   PAD
    0x0808aac0   0x0808aac0   0x00000070   Code   RO         7806    i.prvAddCurrentTaskToDelayedList  tasks.o
    0x0808ab30   0x0808ab30   0x000000d0   Code   RO         7807    i.prvAddNewTaskToReadyList  tasks.o
    0x0808ac00   0x0808ac00   0x00000050   Code   RO         8163    i.prvCheckForValidListAndQueue  timers.o
    0x0808ac50   0x0808ac50   0x00000054   Code   RO         7808    i.prvCheckTasksWaitingTermination  tasks.o
    0x0808aca4   0x0808aca4   0x00000026   Code   RO         7564    i.prvCopyDataFromQueue  queue.o
    0x0808acca   0x0808acca   0x0000006c   Code   RO         7565    i.prvCopyDataToQueue  queue.o
    0x0808ad36   0x0808ad36   0x00000014   Code   RO         7809    i.prvDeleteTCB      tasks.o
    0x0808ad4a   0x0808ad4a   0x00000002   PAD
    0x0808ad4c   0x0808ad4c   0x0000004c   Code   RO         8295    i.prvHeapInit       heap_4.o
    0x0808ad98   0x0808ad98   0x00000028   Code   RO         7810    i.prvIdleTask       tasks.o
    0x0808adc0   0x0808adc0   0x000000cc   Code   RO         7811    i.prvInitialiseNewTask  tasks.o
    0x0808ae8c   0x0808ae8c   0x0000004c   Code   RO         8296    i.prvInsertBlockIntoFreeList  heap_4.o
    0x0808aed8   0x0808aed8   0x00000038   Code   RO         8164    i.prvInsertTimerInActiveList  timers.o
    0x0808af10   0x0808af10   0x0000001a   Code   RO         7566    i.prvIsQueueEmpty   queue.o
    0x0808af2a   0x0808af2a   0x00000002   PAD
    0x0808af2c   0x0808af2c   0x0000009c   Code   RO         7567    i.prvNotifyQueueSetContainer  queue.o
    0x0808afc8   0x0808afc8   0x00000060   Code   RO         8165    i.prvProcessExpiredTimer  timers.o
    0x0808b028   0x0808b028   0x000000fc   Code   RO         8166    i.prvProcessReceivedCommands  timers.o
    0x0808b124   0x0808b124   0x0000006c   Code   RO         8167    i.prvProcessTimerOrBlockTask  timers.o
    0x0808b190   0x0808b190   0x00000020   Code   RO         7813    i.prvResetNextTaskUnblockTime  tasks.o
    0x0808b1b0   0x0808b1b0   0x00000028   Code   RO         8168    i.prvSampleTimeNow  timers.o
    0x0808b1d8   0x0808b1d8   0x0000006c   Code   RO         8169    i.prvSwitchTimerLists  timers.o
    0x0808b244   0x0808b244   0x0000006c   Code   RO         8455    i.prvTaskExitError  port.o
    0x0808b2b0   0x0808b2b0   0x00000060   Code   RO         7814    i.prvTaskIsTaskSuspended  tasks.o
    0x0808b310   0x0808b310   0x00000014   Code   RO         8356    i.prvTestWaitCondition  event_groups.o
    0x0808b324   0x0808b324   0x00000028   Code   RO         8170    i.prvTimerTask      timers.o
    0x0808b34c   0x0808b34c   0x00000078   Code   RO         7568    i.prvUnlockQueue    queue.o
    0x0808b3c4   0x0808b3c4   0x00000120   Code   RO        11200    i.put_fat           ff.o
    0x0808b4e4   0x0808b4e4   0x0000011c   Code   RO         8297    i.pvPortMalloc      heap_4.o
    0x0808b600   0x0808b600   0x00000018   Code   RO         7815    i.pvTaskIncrementMutexHeldCount  tasks.o
    0x0808b618   0x0808b618   0x0000002c   Code   RO         8456    i.pxPortInitialiseStack  port.o
    0x0808b644   0x0808b644   0x00000062   Code   RO        11202    i.remove_chain      ff.o
    0x0808b6a6   0x0808b6a6   0x00000002   PAD
    0x0808b6a8   0x0808b6a8   0x000000c4   Code   RO         2224    i.rs485_hw_init     rs485.o
    0x0808b76c   0x0808b76c   0x00000030   Code   RO         2225    i.rs485_init        rs485.o
    0x0808b79c   0x0808b79c   0x0000004c   Code   RO         2226    i.rs485_receive     rs485.o
    0x0808b7e8   0x0808b7e8   0x00000048   Code   RO         2227    i.rs485_send        rs485.o
    0x0808b830   0x0808b830   0x000000c4   Code   RO         2228    i.rs485_transfer    rs485.o
    0x0808b8f4   0x0808b8f4   0x00000038   Code   RO         1207    i.sal_read          sal.o
    0x0808b92c   0x0808b92c   0x00000010   Code   RO        11203    i.st_clust          ff.o
    0x0808b93c   0x0808b93c   0x000000b0   Code   RO        11204    i.sync_fs           ff.o
    0x0808b9ec   0x0808b9ec   0x00000052   Code   RO        11205    i.sync_window       ff.o
    0x0808ba3e   0x0808ba3e   0x00000014   Code   RO         9210    i.u8g2_ClearBuffer  u8g2_buffer.o
    0x0808ba52   0x0808ba52   0x00000044   Code   RO         9180    i.u8g2_DrawBox      u8g2_box.o
    0x0808ba96   0x0808ba96   0x00000040   Code   RO         9304    i.u8g2_DrawCircle   u8g2_circle.o
    0x0808bad6   0x0808bad6   0x00000040   Code   RO         9305    i.u8g2_DrawDisc     u8g2_circle.o
    0x0808bb16   0x0808bb16   0x00000070   Code   RO         9413    i.u8g2_DrawGlyph    u8g2_font.o
    0x0808bb86   0x0808bb86   0x0000000c   Code   RO         9727    i.u8g2_DrawHLine    u8g2_hvline.o
    0x0808bb92   0x0808bb92   0x000000aa   Code   RO         9728    i.u8g2_DrawHVLine   u8g2_hvline.o
    0x0808bc3c   0x0808bc3c   0x000000aa   Code   RO         9825    i.u8g2_DrawLine     u8g2_line.o
    0x0808bce6   0x0808bce6   0x0000002e   Code   RO         9729    i.u8g2_DrawPixel    u8g2_hvline.o
    0x0808bd14   0x0808bd14   0x000000e6   Code   RO         9182    i.u8g2_DrawRBox     u8g2_box.o
    0x0808bdfa   0x0808bdfa   0x00000102   Code   RO         9183    i.u8g2_DrawRFrame   u8g2_box.o
    0x0808befc   0x0808befc   0x00000010   Code   RO         9415    i.u8g2_DrawStr      u8g2_font.o
    0x0808bf0c   0x0808bf0c   0x0000000c   Code   RO         9730    i.u8g2_DrawVLine    u8g2_hvline.o
    0x0808bf18   0x0808bf18   0x0000001a   Code   RO         9211    i.u8g2_FirstPage    u8g2_buffer.o
    0x0808bf32   0x0808bf32   0x00000030   Code   RO         9789    i.u8g2_IsIntersection  u8g2_intersection.o
    0x0808bf62   0x0808bf62   0x0000003e   Code   RO         9212    i.u8g2_NextPage     u8g2_buffer.o
    0x0808bfa0   0x0808bfa0   0x00000012   Code   RO         9213    i.u8g2_SendBuffer   u8g2_buffer.o
    0x0808bfb2   0x0808bfb2   0x0000001c   Code   RO         9214    i.u8g2_SetBufferCurrTileRow  u8g2_buffer.o
    0x0808bfce   0x0808bfce   0x00000020   Code   RO         9431    i.u8g2_SetFont      u8g2_font.o
    0x0808bfee   0x0808bfee   0x00000002   PAD
    0x0808bff0   0x0808bff0   0x0000000c   Code   RO         9434    i.u8g2_SetFontPosBaseline  u8g2_font.o
    0x0808bffc   0x0808bffc   0x0000001c   Code   RO         9977    i.u8g2_SetMaxClipWindow  u8g2_setup.o
    0x0808c018   0x0808c018   0x00000046   Code   RO         9978    i.u8g2_SetupBuffer  u8g2_setup.o
    0x0808c05e   0x0808c05e   0x00000002   PAD
    0x0808c060   0x0808c060   0x00000038   Code   RO         9399    i.u8g2_Setup_ssd1306_i2c_128x64_noname_f  u8g2_d_setup.o
    0x0808c098   0x0808c098   0x00000052   Code   RO         9441    i.u8g2_UpdateRefHeight  u8g2_font.o
    0x0808c0ea   0x0808c0ea   0x0000001c   Code   RO         9442    i.u8g2_add_vector_x  u8g2_font.o
    0x0808c106   0x0808c106   0x0000001c   Code   RO         9443    i.u8g2_add_vector_y  u8g2_font.o
    0x0808c122   0x0808c122   0x0000006e   Code   RO         9980    i.u8g2_apply_clip_window  u8g2_setup.o
    0x0808c190   0x0808c190   0x0000003c   Code   RO         9732    i.u8g2_clip_intersection2  u8g2_hvline.o
    0x0808c1cc   0x0808c1cc   0x0000006a   Code   RO         9308    i.u8g2_draw_circle  u8g2_circle.o
    0x0808c236   0x0808c236   0x000000ba   Code   RO         9309    i.u8g2_draw_circle_section  u8g2_circle.o
    0x0808c2f0   0x0808c2f0   0x0000006a   Code   RO         9310    i.u8g2_draw_disc    u8g2_circle.o
    0x0808c35a   0x0808c35a   0x000000cc   Code   RO         9311    i.u8g2_draw_disc_section  u8g2_circle.o
    0x0808c426   0x0808c426   0x00000012   Code   RO         9733    i.u8g2_draw_hv_line_2dir  u8g2_hvline.o
    0x0808c438   0x0808c438   0x0000000c   Code   RO         9982    i.u8g2_draw_l90_r0  u8g2_setup.o
    0x0808c444   0x0808c444   0x0000006c   Code   RO         9444    i.u8g2_draw_string  u8g2_font.o
    0x0808c4b0   0x0808c4b0   0x00000004   Code   RO         9450    i.u8g2_font_calc_vref_font  u8g2_font.o
    0x0808c4b4   0x0808c4b4   0x00000014   Code   RO         9452    i.u8g2_font_decode_get_signed_bits  u8g2_font.o
    0x0808c4c8   0x0808c4c8   0x00000034   Code   RO         9453    i.u8g2_font_decode_get_unsigned_bits  u8g2_font.o
    0x0808c4fc   0x0808c4fc   0x00000112   Code   RO         9454    i.u8g2_font_decode_glyph  u8g2_font.o
    0x0808c60e   0x0808c60e   0x0000008a   Code   RO         9455    i.u8g2_font_decode_len  u8g2_font.o
    0x0808c698   0x0808c698   0x00000072   Code   RO         9456    i.u8g2_font_get_glyph_data  u8g2_font.o
    0x0808c70a   0x0808c70a   0x00000014   Code   RO         9457    i.u8g2_font_get_word  u8g2_font.o
    0x0808c71e   0x0808c71e   0x00000034   Code   RO         9458    i.u8g2_font_setup_decode  u8g2_font.o
    0x0808c752   0x0808c752   0x00000018   Code   RO         9790    i.u8g2_is_intersection_decision_tree  u8g2_intersection.o
    0x0808c76a   0x0808c76a   0x0000008e   Code   RO         9838    i.u8g2_ll_hvline_vertical_top_lsb  u8g2_ll_hvline.o
    0x0808c7f8   0x0808c7f8   0x0000000c   Code   RO         9386    i.u8g2_m_16_8_f     u8g2_d_memory.o
    0x0808c804   0x0808c804   0x0000006a   Code   RO         9459    i.u8g2_read_font_info  u8g2_font.o
    0x0808c86e   0x0808c86e   0x0000004c   Code   RO         9221    i.u8g2_send_buffer  u8g2_buffer.o
    0x0808c8ba   0x0808c8ba   0x00000046   Code   RO         9987    i.u8g2_update_dimension_common  u8g2_setup.o
    0x0808c900   0x0808c900   0x00000004   Code   RO         9988    i.u8g2_update_dimension_r0  u8g2_setup.o
    0x0808c904   0x0808c904   0x00000022   Code   RO         9992    i.u8g2_update_page_win_r0  u8g2_setup.o
    0x0808c926   0x0808c926   0x0000001e   Code   RO        10762    i.u8x8_DrawTile     u8x8_display.o
    0x0808c944   0x0808c944   0x00000010   Code   RO        10764    i.u8x8_InitDisplay  u8x8_display.o
    0x0808c954   0x0808c954   0x00000010   Code   RO        10766    i.u8x8_RefreshDisplay  u8x8_display.o
    0x0808c964   0x0808c964   0x00000010   Code   RO        10769    i.u8x8_SetPowerSave  u8x8_display.o
    0x0808c974   0x0808c974   0x00000022   Code   RO        10985    i.u8x8_Setup        u8x8_setup.o
    0x0808c996   0x0808c996   0x00000002   PAD
    0x0808c998   0x0808c998   0x00000024   Code   RO        10986    i.u8x8_SetupDefaults  u8x8_setup.o
    0x0808c9bc   0x0808c9bc   0x00000010   Code   RO        10770    i.u8x8_SetupMemory  u8x8_display.o
    0x0808c9cc   0x0808c9cc   0x0000000e   Code   RO        10269    i.u8x8_ascii_next   u8x8_8x8.o
    0x0808c9da   0x0808c9da   0x00000010   Code   RO        10394    i.u8x8_byte_EndTransfer  u8x8_byte.o
    0x0808c9ea   0x0808c9ea   0x0000000c   Code   RO        10395    i.u8x8_byte_SendByte  u8x8_byte.o
    0x0808c9f6   0x0808c9f6   0x00000010   Code   RO        10396    i.u8x8_byte_SendBytes  u8x8_byte.o
    0x0808ca06   0x0808ca06   0x00000010   Code   RO        10398    i.u8x8_byte_StartTransfer  u8x8_byte.o
    0x0808ca16   0x0808ca16   0x000000ba   Code   RO        10403    i.u8x8_byte_sw_i2c  u8x8_byte.o
    0x0808cad0   0x0808cad0   0x00000010   Code   RO        10514    i.u8x8_cad_EndTransfer  u8x8_cad.o
    0x0808cae0   0x0808cae0   0x00000010   Code   RO        10515    i.u8x8_cad_SendArg  u8x8_cad.o
    0x0808caf0   0x0808caf0   0x00000010   Code   RO        10516    i.u8x8_cad_SendCmd  u8x8_cad.o
    0x0808cb00   0x0808cb00   0x00000010   Code   RO        10517    i.u8x8_cad_SendData  u8x8_cad.o
    0x0808cb10   0x0808cb10   0x00000066   Code   RO        10519    i.u8x8_cad_SendSequence  u8x8_cad.o
    0x0808cb76   0x0808cb76   0x00000010   Code   RO        10520    i.u8x8_cad_StartTransfer  u8x8_cad.o
    0x0808cb86   0x0808cb86   0x00000002   PAD
    0x0808cb88   0x0808cb88   0x000000bc   Code   RO        10523    i.u8x8_cad_ssd13xx_fast_i2c  u8x8_cad.o
    0x0808cc44   0x0808cc44   0x00000060   Code   RO        10771    i.u8x8_d_helper_display_init  u8x8_display.o
    0x0808cca4   0x0808cca4   0x0000000a   Code   RO        10772    i.u8x8_d_helper_display_setup_memory  u8x8_display.o
    0x0808ccae   0x0808ccae   0x00000002   PAD
    0x0808ccb0   0x0808ccb0   0x0000003c   Code   RO        10696    i.u8x8_d_ssd1306_128x64_noname  u8x8_d_ssd1306_128x64_noname.o
    0x0808ccec   0x0808ccec   0x000000c8   Code   RO        10698    i.u8x8_d_ssd1306_sh1106_generic  u8x8_d_ssd1306_128x64_noname.o
    0x0808cdb4   0x0808cdb4   0x00000004   Code   RO        10988    i.u8x8_dummy_cb     u8x8_setup.o
    0x0808cdb8   0x0808cdb8   0x000000a4   Code   RO         1425    i.u8x8_gpio_and_delay_stm32  oled.o
    0x0808ce5c   0x0808ce5c   0x0000000c   Code   RO        10907    i.u8x8_gpio_call    u8x8_gpio.o
    0x0808ce68   0x0808ce68   0x0000002c   Code   RO        10531    i.u8x8_i2c_data_transfer  u8x8_cad.o
    0x0808ce94   0x0808ce94   0x00000008   Code   RO        10277    i.u8x8_utf8_init    u8x8_8x8.o
    0x0808ce9c   0x0808ce9c   0x000000ac   Code   RO         2019    i.uart_init         usart.o
    0x0808cf48   0x0808cf48   0x00000024   Code   RO         7502    i.uxListRemove      list.o
    0x0808cf6c   0x0808cf6c   0x00000018   Code   RO         7822    i.uxTaskResetEventItemValue  tasks.o
    0x0808cf84   0x0808cf84   0x00000064   Code   RO            5    i.vApplicationStackOverflowHook  main.o
    0x0808cfe8   0x0808cfe8   0x00000016   Code   RO         7503    i.vListInitialise   list.o
    0x0808cffe   0x0808cffe   0x00000006   Code   RO         7504    i.vListInitialiseItem  list.o
    0x0808d004   0x0808d004   0x00000030   Code   RO         7505    i.vListInsert       list.o
    0x0808d034   0x0808d034   0x00000018   Code   RO         7506    i.vListInsertEnd    list.o
    0x0808d04c   0x0808d04c   0x00000080   Code   RO         8458    i.vPortEnterCritical  port.o
    0x0808d0cc   0x0808d0cc   0x0000006c   Code   RO         8459    i.vPortExitCritical  port.o
    0x0808d138   0x0808d138   0x000000a4   Code   RO         8298    i.vPortFree         heap_4.o
    0x0808d1dc   0x0808d1dc   0x00000020   Code   RO         8460    i.vPortSetupTimerInterrupt  port.o
    0x0808d1fc   0x0808d1fc   0x00000094   Code   RO         8461    i.vPortValidateInterruptPriority  port.o
    0x0808d290   0x0808d290   0x00000024   Code   RO         7574    i.vQueueAddToRegistry  queue.o
    0x0808d2b4   0x0808d2b4   0x00000044   Code   RO         7578    i.vQueueWaitForMessageRestricted  queue.o
    0x0808d2f8   0x0808d2f8   0x00000078   Code   RO         7823    i.vTaskDelay        tasks.o
    0x0808d370   0x0808d370   0x000000b8   Code   RO         7824    i.vTaskDelayUntil   tasks.o
    0x0808d428   0x0808d428   0x000000d8   Code   RO         7825    i.vTaskDelete       tasks.o
    0x0808d500   0x0808d500   0x0000000c   Code   RO         7829    i.vTaskMissedYield  tasks.o
    0x0808d50c   0x0808d50c   0x00000060   Code   RO         7831    i.vTaskPlaceOnEventList  tasks.o
    0x0808d56c   0x0808d56c   0x00000068   Code   RO         7832    i.vTaskPlaceOnEventListRestricted  tasks.o
    0x0808d5d4   0x0808d5d4   0x0000007c   Code   RO         7833    i.vTaskPlaceOnUnorderedEventList  tasks.o
    0x0808d650   0x0808d650   0x00000084   Code   RO         7834    i.vTaskPriorityInherit  tasks.o
    0x0808d6d4   0x0808d6d4   0x000000ac   Code   RO         7836    i.vTaskResume       tasks.o
    0x0808d780   0x0808d780   0x00000054   Code   RO         7838    i.vTaskSetTimeOutState  tasks.o
    0x0808d7d4   0x0808d7d4   0x000000a0   Code   RO         7839    i.vTaskStartScheduler  tasks.o
    0x0808d874   0x0808d874   0x000000dc   Code   RO         7840    i.vTaskSuspend      tasks.o
    0x0808d950   0x0808d950   0x00000010   Code   RO         7841    i.vTaskSuspendAll   tasks.o
    0x0808d960   0x0808d960   0x000000b4   Code   RO         7842    i.vTaskSwitchContext  tasks.o
    0x0808da14   0x0808da14   0x00000022   Code   RO        11206    i.validate          ff.o
    0x0808da36   0x0808da36   0x0000001a   Code   RO         8363    i.xEventGroupCreate  event_groups.o
    0x0808da50   0x0808da50   0x000000bc   Code   RO         8365    i.xEventGroupSetBits  event_groups.o
    0x0808db0c   0x0808db0c   0x0000012c   Code   RO         8368    i.xEventGroupWaitBits  event_groups.o
    0x0808dc38   0x0808dc38   0x0000011c   Code   RO         8462    i.xPortStartScheduler  port.o
    0x0808dd54   0x0808dd54   0x0000002c   Code   RO         8463    i.xPortSysTickHandler  port.o
    0x0808dd80   0x0808dd80   0x00000024   Code   RO         7581    i.xQueueCreateMutex  queue.o
    0x0808dda4   0x0808dda4   0x00000084   Code   RO         7583    i.xQueueGenericCreate  queue.o
    0x0808de28   0x0808de28   0x00000190   Code   RO         7584    i.xQueueGenericReceive  queue.o
    0x0808dfb8   0x0808dfb8   0x000000b4   Code   RO         7585    i.xQueueGenericReset  queue.o
    0x0808e06c   0x0808e06c   0x00000194   Code   RO         7586    i.xQueueGenericSend  queue.o
    0x0808e200   0x0808e200   0x000000ec   Code   RO         7587    i.xQueueGenericSendFromISR  queue.o
    0x0808e2ec   0x0808e2ec   0x000000d4   Code   RO         7588    i.xQueueGiveFromISR  queue.o
    0x0808e3c0   0x0808e3c0   0x00000094   Code   RO         7843    i.xTaskCheckForTimeOut  tasks.o
    0x0808e454   0x0808e454   0x00000056   Code   RO         7844    i.xTaskCreate       tasks.o
    0x0808e4aa   0x0808e4aa   0x00000002   PAD
    0x0808e4ac   0x0808e4ac   0x0000001c   Code   RO         7848    i.xTaskGetSchedulerState  tasks.o
    0x0808e4c8   0x0808e4c8   0x0000000c   Code   RO         7849    i.xTaskGetTickCount  tasks.o
    0x0808e4d4   0x0808e4d4   0x00000010   Code   RO         7850    i.xTaskGetTickCountFromISR  tasks.o
    0x0808e4e4   0x0808e4e4   0x000000f4   Code   RO         7851    i.xTaskIncrementTick  tasks.o
    0x0808e5d8   0x0808e5d8   0x000000c0   Code   RO         7854    i.xTaskPriorityDisinherit  tasks.o
    0x0808e698   0x0808e698   0x000000a4   Code   RO         7855    i.xTaskRemoveFromEventList  tasks.o
    0x0808e73c   0x0808e73c   0x000000a4   Code   RO         7856    i.xTaskRemoveFromUnorderedEventList  tasks.o
    0x0808e7e0   0x0808e7e0   0x000000f0   Code   RO         7857    i.xTaskResumeAll    tasks.o
    0x0808e8d0   0x0808e8d0   0x0000007c   Code   RO         8173    i.xTimerCreate      timers.o
    0x0808e94c   0x0808e94c   0x0000007c   Code   RO         8174    i.xTimerCreateTimerTask  timers.o
    0x0808e9c8   0x0808e9c8   0x00000098   Code   RO         8175    i.xTimerGenericCommand  timers.o
    0x0808ea60   0x0808ea60   0x00000052   Code   RO         1221    i.y4000_read        y4000.o
    0x0808eab2   0x0808eab2   0x00000002   PAD
    0x0808eab4   0x0808eab4   0x0000002c   Code   RO        11663    locale$$code        c_w.l(lc_ctype_c.o)
    0x0808eae0   0x0808eae0   0x0000002c   Code   RO        11666    locale$$code        c_w.l(lc_numeric_c.o)
    0x0808eb0c   0x0808eb0c   0x000002b0   Code   RO        11541    x$fpl$ddiv          fz_wm.l(ddiv.o)
    0x0808edbc   0x0808edbc   0x0000005e   Code   RO        11544    x$fpl$dfix          fz_wm.l(dfix.o)
    0x0808ee1a   0x0808ee1a   0x0000002e   Code   RO        11549    x$fpl$dflt          fz_wm.l(dflt_clz.o)
    0x0808ee48   0x0808ee48   0x00000154   Code   RO        11554    x$fpl$dmul          fz_wm.l(dmul.o)
    0x0808ef9c   0x0808ef9c   0x0000009c   Code   RO        11591    x$fpl$dnaninf       fz_wm.l(dnaninf.o)
    0x0808f038   0x0808f038   0x0000000c   Code   RO        11593    x$fpl$dretinf       fz_wm.l(dretinf.o)
    0x0808f044   0x0808f044   0x00000056   Code   RO        11556    x$fpl$f2d           fz_wm.l(f2d.o)
    0x0808f09a   0x0808f09a   0x0000008c   Code   RO        11595    x$fpl$fnaninf       fz_wm.l(fnaninf.o)
    0x0808f126   0x0808f126   0x0000000a   Code   RO        11739    x$fpl$fpinit        fz_wm.l(fpinit.o)
    0x0808f130   0x0808f130   0x00000004   Code   RO        11558    x$fpl$printf1       fz_wm.l(printf1.o)
    0x0808f134   0x0808f134   0x00000000   Code   RO        11597    x$fpl$usenofp       fz_wm.l(usenofp.o)
    0x0808f134   0x0808f134   0x00000038   Data   RO          843    .constdata          wqinterface.o
    0x0808f16c   0x0808f16c   0x00000200   Data   RO         1632    .constdata          self_exam.o
    0x0808f36c   0x0808f36c   0x00000200   Data   RO         2282    .constdata          modbus.o
    0x0808f56c   0x0808f56c   0x000009a1   Data   RO         9710    .constdata          u8g2_fonts.o
    0x0808ff0d   0x0808ff0d   0x00000f17   Data   RO         9711    .constdata          u8g2_fonts.o
    0x08090e24   0x08090e24   0x00001ec0   Data   RO         9713    .constdata          u8g2_fonts.o
    0x08092ce4   0x08092ce4   0x0000064c   Data   RO         9714    .constdata          u8g2_fonts.o
    0x08093330   0x08093330   0x0000000c   Data   RO         9996    .constdata          u8g2_setup.o
    0x0809333c   0x0809333c   0x00000158   Data   RO        10700    .constdata          u8x8_d_ssd1306_128x64_noname.o
    0x08093494   0x08093494   0x00000028   Data   RO        11464    .constdata          c_w.l(_printf_hex_int.o)
    0x080934bc   0x080934bc   0x00000011   Data   RO        11499    .constdata          c_w.l(__printf_flags_ss_wp.o)
    0x080934cd   0x080934cd   0x00000003   PAD
    0x080934d0   0x080934d0   0x00000094   Data   RO        11634    .constdata          c_w.l(bigflt0.o)
    0x08093564   0x08093564   0x0000008f   Data   RO          530    .conststring        uploadtask.o
    0x080935f3   0x080935f3   0x00000001   PAD
    0x080935f4   0x080935f4   0x000000f3   Data   RO          770    .conststring        tftask.o
    0x080936e7   0x080936e7   0x00000001   PAD
    0x080936e8   0x080936e8   0x0000000a   Data   RO         1427    .conststring        oled.o
    0x080936f2   0x080936f2   0x00000002   PAD
    0x080936f4   0x080936f4   0x0000008c   Data   RO         1745    .conststring        ota.o
    0x08093780   0x08093780   0x00000020   Data   RO        11810    Region$$Table       anon$$obj.o
    0x080937a0   0x080937a0   0x00000110   Data   RO        11662    locale$$data        c_w.l(lc_ctype_c.o)
    0x080938b0   0x080938b0   0x0000001c   Data   RO        11665    locale$$data        c_w.l(lc_numeric_c.o)


    Execution Region RW_IRAM1 (Exec base: 0x20000000, Load base: 0x080938cc, Size: 0x00018a98, Max: 0x00020000, ABSOLUTE, COMPRESSED[0x000000a4])

    Exec Addr    Load Addr    Size         Type   Attr      Idx    E Section Name        Object

    0x20000000   COMPRESSED   0x00000014   Data   RW          335    .data               system_stm32f4xx_1.o
    0x20000014   COMPRESSED   0x00000024   Data   RW          374    .data               tasksinit.o
    0x20000038   COMPRESSED   0x00000008   Data   RW          469    .data               acqtask.o
    0x20000040   COMPRESSED   0x00000008   Data   RW          531    .data               uploadtask.o
    0x20000048   COMPRESSED   0x00000036   Data   RW          592    .data               commandtask.o
    0x2000007e   COMPRESSED   0x00000002   PAD
    0x20000080   COMPRESSED   0x0000000c   Data   RW          664    .data               gpstask.o
    0x2000008c   COMPRESSED   0x00000008   Data   RW          771    .data               tftask.o
    0x20000094   COMPRESSED   0x000000a0   Data   RW          844    .data               wqinterface.o
    0x20000134   COMPRESSED   0x00000010   Data   RW          845    .data               wqinterface.o
    0x20000144   COMPRESSED   0x00000008   Data   RW         1338    .data               gps.o
    0x2000014c   COMPRESSED   0x00000004   Data   RW         1428    .data               oled.o
    0x20000150   COMPRESSED   0x0000000c   Data   RW         1581    .data               voltage.o
    0x2000015c   COMPRESSED   0x00000040   Data   RW         1746    .data               ota.o
    0x2000019c   COMPRESSED   0x00000004   Data   RW         1949    .data               delay.o
    0x200001a0   COMPRESSED   0x00000002   Data   RW         2021    .data               usart.o
    0x200001a2   COMPRESSED   0x00000002   PAD
    0x200001a4   COMPRESSED   0x00000004   Data   RW         2022    .data               usart.o
    0x200001a8   COMPRESSED   0x00000010   Data   RW         2230    .data               rs485.o
    0x200001b8   COMPRESSED   0x00000004   Data   RW         2330    .data               flash.o
    0x200001bc   COMPRESSED   0x00000008   Data   RW         2393    .data               uart4.o
    0x200001c4   COMPRESSED   0x00000010   Data   RW         2461    .data               sdio_sdcard.o
    0x200001d4   COMPRESSED   0x00000010   Data   RW         5551    .data               stm32f4xx_rcc.o
    0x200001e4   COMPRESSED   0x0000003c   Data   RW         7860    .data               tasks.o
    0x20000220   COMPRESSED   0x00000014   Data   RW         8183    .data               timers.o
    0x20000234   COMPRESSED   0x00000018   Data   RW         8303    .data               heap_4.o
    0x2000024c   COMPRESSED   0x0000000c   Data   RW         8464    .data               port.o
    0x20000258   COMPRESSED   0x00000006   Data   RW        10533    .data               u8x8_cad.o
    0x2000025e   COMPRESSED   0x00000002   PAD
    0x20000260   COMPRESSED   0x0000000c   Data   RW        11208    .data               ff.o
    0x2000026c        -       0x00000054   Zero   RW          468    .bss                acqtask.o
    0x200002c0        -       0x00000800   Zero   RW          591    .bss                commandtask.o
    0x20000ac0        -       0x00000014   Zero   RW          663    .bss                gpstask.o
    0x20000ad4        -       0x00000100   Zero   RW          731    .bss                heartbeattask.o
    0x20000bd4        -       0x00000164   Zero   RW         1337    .bss                gps.o
    0x20000d38        -       0x00000094   Zero   RW         1426    .bss                oled.o
    0x20000dcc        -       0x00000100   Zero   RW         1744    .bss                ota.o
    0x20000ecc        -       0x00001030   Zero   RW         1897    .bss                tf.o
    0x20001efc        -       0x000000c8   Zero   RW         2020    .bss                usart.o
    0x20001fc4        -       0x00000080   Zero   RW         2229    .bss                rs485.o
    0x20002044        -       0x000000c0   Zero   RW         2281    .bss                modbus.o
    0x20002104        -       0x00000320   Zero   RW         2329    .bss                flash.o
    0x20002424        -       0x00001000   Zero   RW         2392    .bss                uart4.o
    0x20003424   COMPRESSED   0x00000004   PAD
    0x20003428        -       0x000002c0   Zero   RW         2460    .bss                sdio_sdcard.o
    0x200036e8        -       0x00000040   Zero   RW         7598    .bss                queue.o
    0x20003728        -       0x000002e4   Zero   RW         7859    .bss                tasks.o
    0x20003a0c        -       0x00000028   Zero   RW         8182    .bss                timers.o
    0x20003a34        -       0x00014000   Zero   RW         8302    .bss                heap_4.o
    0x20017a34        -       0x00000400   Zero   RW         9387    .bss                u8g2_d_memory.o
    0x20017e34        -       0x00000060   Zero   RW        11599    .bss                c_w.l(libspace.o)
    0x20017e94   COMPRESSED   0x00000004   PAD
    0x20017e98        -       0x00000400   Zero   RW         7493    HEAP                startup_stm32f40_41xxx.o
    0x20018298        -       0x00000800   Zero   RW         7492    STACK               startup_stm32f40_41xxx.o


==============================================================================

Image component sizes


      Code (inc. data)   RO Data    RW Data    ZI Data      Debug   Object Name

      1196        538          0          8         84       5860   acqtask.o
       558         26          0          0          0       7208   aht20.o
        24          8          0          0          0        993   buzzer.o
       216        104          0          0          0        768   cdom.o
        56          0          0          0          0        747   chl.o
       186          6          0          0          0       2797   cod.o
      2808       1728          0         54       2048       7795   commandtask.o
       184         14          0          4          0       2769   delay.o
       158          4          0          0          0       5456   diskio.o
        56          0          0          0          0        742   do.o
       534        116          0          0          0       5367   event_groups.o
      4228         38          0         12          0      27999   ff.o
       310         42          0          4        800       4514   flash.o
      1322         80          0          8        356       8261   gps.o
       280         36          0         12         20       3333   gpstask.o
       508        352          0          0          0        851   hardwareinittask.o
       600        154          0         24      81920       4467   heap_4.o
       564        274          0          0        256       2349   heartbeattask.o
       548          0          0          0          0       7241   iic.o
        64          6          0          0          0        575   led.o
       136          0          0          0          0       5014   list.o
       176         88          0          0          0     494969   main.o
       144         14          0          0          0       2345   misc.o
       280         20        512          0        192       3313   modbus.o
       808        110         10          4        148       4803   oled.o
       280         66          0          0          0       1123   oledtask.o
      4652       2620        140         64        256      13108   ota.o
        56          0          0          0          0        742   ph.o
      1078        422          0         12          0      11525   port.o
      2152        358          0          0         64      24301   queue.o
       720         56          0         16        128       5967   rs485.o
        56          0          0          0          0        747   sal.o
      6048        286          0         16        704      37457   sdio_sdcard.o
       560        130        512          0          0       6565   self_exam.o
       284         26          0          0          0       2349   spi.o
        64         26        392          0       3072        900   startup_stm32f40_41xxx.o
       286         20          0          0          0       6078   stm32f4xx_adc.o
       440         24          0          0          0       6146   stm32f4xx_dma.o
       310         30          0          0          0       4595   stm32f4xx_flash.o
       174          0          0          0          0       3891   stm32f4xx_gpio.o
        12          0          0          0          0       3013   stm32f4xx_it.o
       240         36          0         16          0       5736   stm32f4xx_rcc.o
       192         36          0          0          0       6217   stm32f4xx_sdio.o
        98          0          0          0          0       3862   stm32f4xx_spi.o
       348          8          0          0          0       6812   stm32f4xx_usart.o
        16          0          0          0          0        520   sys.o
       272         38          0         20          0       1981   system_stm32f4xx_1.o
      3958       1178          0         60        740      37814   tasks.o
       628        362          0         36          0       3149   tasksinit.o
       460        278          0          0       4144       5456   tf.o
      1972        642        243          8          0       4168   tftask.o
      1180        294          0         20         40      10734   timers.o
       556          0          0          0          0       2785   u8g2_box.o
       230          0          0          0          0       4676   u8g2_buffer.o
       730          0          0          0          0       6634   u8g2_circle.o
        12          4          0          0       1024        952   u8g2_d_memory.o
        56         14          0          0          0       1161   u8g2_d_setup.o
      1198         10          0          0          0      15344   u8g2_font.o
         0          0      15812          0          0        898   u8g2_fonts.o
       318          0          0          0          0       4778   u8g2_hvline.o
        72          0          0          0          0       2083   u8g2_intersection.o
       170          0          0          0          0       1088   u8g2_line.o
       142          0          0          0          0       1594   u8g2_ll_hvline.o
       328          0         12          0          0     147455   u8g2_setup.o
        22          0          0          0          0       2033   u8x8_8x8.o
       466          0          0          0          0       8300   u8x8_byte.o
       414         12          0          6          0       9488   u8x8_cad.o
       260         14        344          0          0       3339   u8x8_d_ssd1306_128x64_noname.o
       200          0          0          0          0       4890   u8x8_display.o
        12          0          0          0          0        661   u8x8_gpio.o
        74          4          0          0          0       2062   u8x8_setup.o
       784        162          0          8       4096       3699   uart4.o
      1808        806        143          8          0       5506   uploadtask.o
       294         26          0          6        200       4548   usart.o
        20         12          0          0          0       1046   version.o
       512         86          0         12          0       2646   voltage.o
       256          0          0          0          0       4284   w25q128.o
      1192        416         56        176          0      49999   wqinterface.o
        82          0          0          0          0       2325   y4000.o

    ----------------------------------------------------------------------
     52762      12260      18212        620     100296    1119766   Object Totals
         0          0         32          0          0          0   (incl. Generated)
        74          0          4          6          4          0   (incl. Padding)

    ----------------------------------------------------------------------

      Code (inc. data)   RO Data    RW Data    ZI Data      Debug   Library Member Name

        24          4          0          0          0         84   __2printf.o
        56          6          0          0          0         88   __2snprintf.o
        44          6          0          0          0         84   __2sprintf.o
        90          0          0          0          0          0   __dczerorl2.o
         8          0          0          0          0         68   __main.o
       392          4         17          0          0         92   __printf_flags_ss_wp.o
        14          0          0          0          0         68   __printf_wp.o
         0          0          0          0          0          0   __rtentry.o
        12          0          0          0          0          0   __rtentry2.o
         6          0          0          0          0          0   __rtentry4.o
        52          8          0          0          0          0   __scatter.o
        28          0          0          0          0          0   __scatter_zi.o
        28          0          0          0          0         68   _chval.o
        44          0          0          0          0        108   _printf_char.o
        48          6          0          0          0         96   _printf_char_common.o
        36          4          0          0          0         80   _printf_char_file.o
         6          0          0          0          0          0   _printf_d.o
       120         16          0          0          0         92   _printf_dec.o
         6          0          0          0          0          0   _printf_f.o
      1054          0          0          0          0        216   _printf_fp_dec.o
       128         16          0          0          0         84   _printf_fp_infnan.o
        88          4         40          0          0         88   _printf_hex_int.o
       178          0          0          0          0         88   _printf_intcommon.o
        78          0          0          0          0        108   _printf_pad.o
         0          0          0          0          0          0   _printf_percent.o
         4          0          0          0          0          0   _printf_percent_end.o
         6          0          0          0          0          0   _printf_s.o
        82          0          0          0          0         80   _printf_str.o
         6          0          0          0          0          0   _printf_u.o
         6          0          0          0          0          0   _printf_x.o
        16          0          0          0          0         68   _snputc.o
        10          0          0          0          0         68   _sputc.o
       158          0          0          0          0         92   _strtoul.o
        16          0          0          0          0         68   aeabi_memset.o
        26          0          0          0          0         80   atoi.o
       228          4        148          0          0         96   bigflt0.o
      1936        128          0          0          0        672   btod.o
        18          0          0          0          0         80   exit.o
         8          0          0          0          0         68   ferror.o
         6          0          0          0          0        152   heapauxi.o
        44         10        272          0          0         76   lc_ctype_c.o
        44         10         28          0          0         76   lc_numeric_c.o
         2          0          0          0          0          0   libinit.o
        34          0          0          0          0          0   libinit2.o
         2          0          0          0          0          0   libshutdown.o
         2          0          0          0          0          0   libshutdown2.o
         8          4          0          0         96         68   libspace.o
        72          0          0          0          0         76   llsdiv.o
       138          0          0          0          0         80   lludiv10.o
       238          0          0          0          0        100   lludivv7m.o
        16          4          0          0          0         76   rt_ctype_table.o
         8          4          0          0          0         68   rt_errno_addr_intlibspace.o
         8          4          0          0          0         68   rt_locale_intlibspace.o
        68          0          0          0          0         68   rt_memclr.o
        78          0          0          0          0         80   rt_memclr_w.o
       138          0          0          0          0         68   rt_memcpy_v6.o
       100          0          0          0          0         80   rt_memcpy_w.o
         2          0          0          0          0          0   rtexit.o
        10          0          0          0          0          0   rtexit2.o
        20          0          0          0          0         68   strchr.o
       128          0          0          0          0         68   strcmpv7m.o
        72          0          0          0          0         80   strcpy.o
        62          0          0          0          0         76   strlen.o
       150          0          0          0          0         80   strncmp.o
        86          0          0          0          0         76   strncpy.o
        22          0          0          0          0         68   strrchr.o
        36          0          0          0          0         80   strstr.o
       112          0          0          0          0         88   strtol.o
       114          0          0          0          0         92   strtoul.o
        74          0          0          0          0         80   sys_stackheap_outer.o
         2          0          0          0          0         68   use_no_semi.o
         2          0          0          0          0         68   use_no_semi_2.o
       688        140          0          0          0        256   ddiv.o
        94          4          0          0          0        140   dfix.o
        46          0          0          0          0        116   dflt_clz.o
       340         12          0          0          0        152   dmul.o
       156          4          0          0          0        140   dnaninf.o
        12          0          0          0          0        116   dretinf.o
        86          4          0          0          0        132   f2d.o
       140          4          0          0          0        132   fnaninf.o
        10          0          0          0          0        116   fpinit.o
         4          0          0          0          0        116   printf1.o
         0          0          0          0          0          0   usenofp.o
        48          0          0          0          0        124   fpclassify.o

    ----------------------------------------------------------------------
      8594        410        508          0        100       6552   Library Totals
        12          0          3          0          4          0   (incl. Padding)

    ----------------------------------------------------------------------

      Code (inc. data)   RO Data    RW Data    ZI Data      Debug   Library Name

      6958        242        505          0         96       5012   c_w.l
      1576        168          0          0          0       1416   fz_wm.l
        48          0          0          0          0        124   m_wm.l

    ----------------------------------------------------------------------
      8594        410        508          0        100       6552   Library Totals

    ----------------------------------------------------------------------

==============================================================================


      Code (inc. data)   RO Data    RW Data    ZI Data      Debug   

     61356      12670      18720        620     100396    1077254   Grand Totals
     61356      12670      18720        164     100396    1077254   ELF Image Totals (compressed)
     61356      12670      18720        164          0          0   ROM Totals

==============================================================================

    Total RO  Size (Code + RO Data)                80076 (  78.20kB)
    Total RW  Size (RW Data + ZI Data)            101016 (  98.65kB)
    Total ROM Size (Code + RO Data + RW Data)      80240 (  78.36kB)

==============================================================================

